Archive member included to satisfy reference by file (symbol)

C:\devkitPro/libogc/lib/cube\libogc.a(common_crt0.o)
                              (__app_start)
C:\devkitPro/libogc/lib/cube\libogc.a(early_init.o)
                              C:\devkitPro/libogc/lib/cube\libogc.a(common_crt0.o) (PPCEarlyInit)
C:\devkitPro/libogc/lib/cube\libogc.a(default_stacks.o)
                              C:\devkitPro/libogc/lib/cube\libogc.a(common_crt0.o) (__ppc_main_sp)
C:\devkitPro/libogc/lib/cube\libogc.a(exception.o)
                              C:\devkitPro/libogc/lib/cube\libogc.a(common_crt0.o) (PPCExcptInit)
C:\devkitPro/libogc/lib/cube\libogc.a(exception_asm.o)
                              C:\devkitPro/libogc/lib/cube\libogc.a(exception.o) (PPCExcptEntryGeneral)
C:\devkitPro/libogc/lib/cube\libogc.a(interrupt.o)
                              C:\devkitPro/libogc/lib/cube\libogc.a(common_crt0.o) (KIrqInit)
C:\devkitPro/libogc/lib/cube\libogc.a(interrupt_asm.o)
                              C:\devkitPro/libogc/lib/cube\libogc.a(interrupt.o) (PPCExcptIrqHandler)
C:\devkitPro/libogc/lib/cube\libogc.a(thread.o)
                              C:\devkitPro/libogc/lib/cube\libogc.a(common_crt0.o) (KThreadInit)
C:\devkitPro/libogc/lib/cube\libogc.a(sync.o)
                              C:\devkitPro/libogc/lib/cube\libogc.a(thread.o) (KThreadUpdateDynamicPrio)
C:\devkitPro/libogc/lib/cube\libogc.a(tick.o)
                              C:\devkitPro/libogc/lib/cube\libogc.a(interrupt.o) (KTickTaskRun)
C:\devkitPro/libogc/lib/cube\libogc.a(newlib_syscalls.o)
                              C:\devkitPro/libogc/lib/cube\libogc.a(common_crt0.o) (__newlib_syscalls)
C:\devkitPro/libogc/lib/cube\libogc.a(system.o)
                              C:/devkitPro/devkitPPC/bin/../lib/gcc/powerpc-eabi/16.1.0/../../../../powerpc-eabi/lib/crtmain.o (SYS_PreMain)
C:\devkitPro/libogc/lib/cube\libogc.a(si.o)
                              C:\devkitPro/libogc/lib/cube\libogc.a(system.o) (__si_init)
C:\devkitPro/libogc/lib/cube\libogc.a(timesupp.o)
                              C:\devkitPro/libogc/lib/cube\libogc.a(system.o) (settime)
C:\devkitPro/libogc/lib/cube\libogc.a(sbrk.o)
                              C:\devkitPro/libogc/lib/cube\libogc.a(system.o) (_sbrk_r)
C:\devkitPro/libogc/lib/cube\libogc.a(argv.o)
                              C:\devkitPro/libogc/lib/cube\libogc.a(common_crt0.o) (__CheckARGV)
C:\devkitPro/libogc/lib/cube\libogc.a(default_panic.o)
                              C:\devkitPro/libogc/lib/cube\libogc.a(system.o) (__libogc_panic)
C:\devkitPro/libogc/lib/cube\libogc.a(cache.o)
                              C:\devkitPro/libogc/lib/cube\libogc.a(exception.o) (PPCDCacheFlushAsync)
C:\devkitPro/libogc/lib/cube\libogc.a(lwpc_alarm.o)
                              C:\devkitPro/libogc/lib/cube\libogc.a(si.o) (SYS_CreateAlarm)
C:\devkitPro/libogc/lib/cube\libogc.a(console.o)
                              C:\devkitPro/libogc/lib/cube\libogc.a(default_panic.o) (__console_init)
C:\devkitPro/libogc/lib/cube\libogc.a(lwp_wkspace.o)
                              C:\devkitPro/libogc/lib/cube\libogc.a(lwpc_alarm.o) (__wkspace_heap)
C:\devkitPro/libogc/lib/cube\libogc.a(lwp_heap.o)
                              C:\devkitPro/libogc/lib/cube\libogc.a(lwp_wkspace.o) (__lwp_heap_init)
C:\devkitPro/libogc/lib/cube\libogc.a(video.o)
                              C:\devkitPro/libogc/lib/cube\libogc.a(default_panic.o) (__VIClearFramebuffer)
C:\devkitPro/libogc/lib/cube\libogc.a(pad.o)
                              C:\devkitPro/libogc/lib/cube\libogc.a(system.o) (__PADDisableRecalibration)
C:\devkitPro/libogc/lib/cube\libogc.a(exi.o)
                              C:\devkitPro/libogc/lib/cube\libogc.a(system.o) (EXI_Lock)
C:\devkitPro/libogc/lib/cube\libogc.a(cache_asm.o)
                              C:\devkitPro/libogc/lib/cube\libogc.a(system.o) (ICFlashInvalidate)
C:\devkitPro/libogc/lib/cube\libogc.a(gx.o)
                              C:\devkitPro/libogc/lib/cube\libogc.a(default_panic.o) (GX_AbortFrame)
C:\devkitPro/libogc/lib/cube\libogc.a(console_font_8x16.o)
                              C:\devkitPro/libogc/lib/cube\libogc.a(console.o) (console_font_8x16)
C:\devkitPro/libogc/lib/cube\libogc.a(usbgecko.o)
                              C:\devkitPro/libogc/lib/cube\libogc.a(console.o) (usb_isgeckoalive)
C:\devkitPro/libogc/lib/cube\libogc.a(kprintf.o)
                              C:\devkitPro/libogc/lib/cube\libogc.a(default_panic.o) (kprintf)
C:\devkitPro/libogc/lib/cube\libogc.a(lwpc_queue.o)
                              C:\devkitPro/libogc/lib/cube\libogc.a(video.o) (LWP_InitQueue)
C:\devkitPro/libogc/lib/cube\libogc.a(lwpc_thread.o)
                              C:\devkitPro/libogc/lib/cube\libogc.a(gx.o) (LWP_SuspendThread)
C:\devkitPro/libogc/lib/cube\libogc.a(lwp_queue.o)
                              C:\devkitPro/libogc/lib/cube\libogc.a(exi.o) (__lwp_queue_initialize)
[...]
Memory Configuration

Name             Origin             Length             Attributes
*default*        0x00000000         0xffffffff

Linker script and memory map

                0x80003100                        . = 0x80003100
                0x00000000                        PROVIDE (__isIPL = 0x0)
                0x800000d0                        PROVIDE (__ppc_excpt_buf = 0x800000d0)
                0x80003000                        PROVIDE (__ppc_excpt_table = 0x80003000)

.init           0x80003100       0xa0
 *(.crt0 .crt0.*)
 .crt0.__app_start
                0x80003100       0xa0 C:\devkitPro/libogc/lib/cube\libogc.a(common_crt0.o)
                0x80003100                __app_start

.text           0x800031a0     0xf020
 *(SORT_NONE(.init))
 .init          0x800031a0        0xc C:/devkitPro/devkitPPC/bin/../lib/gcc/powerpc-eabi/16.1.0/ecrti.o
                0x800031a0                __init
 .init          0x800031ac        0x4 C:/devkitPro/devkitPPC/bin/../lib/gcc/powerpc-eabi/16.1.0/crtbegin.o
 .init          0x800031b0        0x4 C:/devkitPro/devkitPPC/bin/../lib/gcc/powerpc-eabi/16.1.0/crtend.o
 .init          0x800031b4       0x10 C:/devkitPro/devkitPPC/bin/../lib/gcc/powerpc-eabi/16.1.0/ecrtn.o
 *(.text.unlikely .text.*_unlikely .text.unlikely.*)
 *(.text.exit .text.exit.*)
 .text.exit     0x800031c4       0x3c C:/devkitPro/devkitPPC/bin/../lib/gcc/powerpc-eabi/16.1.0/../../../../powerpc-eabi/lib\libc.a(libc_a-exit.o)
                0x800031c4                exit
 *(.text.startup .text.startup.*)
 .text.startup.main
                0x80003200       0x58 main.o
                0x80003200                main
 .text.startup.register_fini
                0x80003258        0xc C:/devkitPro/devkitPPC/bin/../lib/gcc/powerpc-eabi/16.1.0/../../../../powerpc-eabi/lib\libc.a(libc_a-__call_atexit.o)
 *(.text.hot .text.hot.*)
 *(SORT_BY_NAME(.text.sorted.*))
 *(.text .iplt .stub .text.* .gnu.linkonce.t.*)
 .text.__do_global_dtors_aux
                0x80003264       0xcc C:/devkitPro/devkitPPC/bin/../lib/gcc/powerpc-eabi/16.1.0/crtbegin.o
 .text.frame_dummy
                0x80003330       0x24 C:/devkitPro/devkitPPC/bin/../lib/gcc/powerpc-eabi/16.1.0/crtbegin.o
 *fill*         0x80003354        0x0 00000000
 .iplt          0x80003354        0x0 C:/devkitPro/devkitPPC/bin/../lib/gcc/powerpc-eabi/16.1.0/crtbegin.o
 .text.DEBUGPrint
                0x80003354        0x4 C:\devkitPro/libogc/lib/cube\libogc.a(common_crt0.o)
                0x80003354                DEBUGPrint
 .text.__eabi   0x80003358        0x4 C:\devkitPro/libogc/lib/cube\libogc.a(common_crt0.o)
                0x80003358                __eabi
 .text.PPCEarlyInit
                0x8000335c       0x24 C:\devkitPro/libogc/lib/cube\libogc.a(early_init.o)
                0x8000335c                PPCEarlyInit
 .text.PPCEarlyInitImpl
                0x80003380      0x150 C:\devkitPro/libogc/lib/cube\libogc.a(early_init.o)
 *fill*         0x800034d0       0x10 00000000
 .text.PPCHotReset
                0x800034e0       0x70 C:\devkitPro/libogc/lib/cube\libogc.a(early_init.o)
                0x800034e0                PPCHotReset
 .text.PPCExcptDefaultPanicFn
                0x80003550       0xac C:\devkitPro/libogc/lib/cube\libogc.a(exception.o)
 .text.PPCExcptInit
                0x800035fc      0x140 C:\devkitPro/libogc/lib/cube\libogc.a(exception.o)
                0x800035fc                PPCExcptInit
 .text.PPCExcptEntryGeneral
                0x8000373c       0x60 C:\devkitPro/libogc/lib/cube\libogc.a(exception_asm.o)
                0x80003740                PPCExcptEntryGeneral
 .text.PPCExcptEntryFpu
                0x8000379c       0x90 C:\devkitPro/libogc/lib/cube\libogc.a(exception_asm.o)
                0x800037a0                PPCExcptEntryFpu
 .text.PPCExcptFpuHandler
                0x8000382c      0x260 C:\devkitPro/libogc/lib/cube\libogc.a(exception_asm.o)
 .text.PPCExcptDefaultScHandler
                0x80003a8c       0x3c C:\devkitPro/libogc/lib/cube\libogc.a(exception_asm.o)
                0x80003a8c                PPCExcptDefaultScHandler
 .text.PPCExcptDefaultHandler
                0x80003ac8      0x13c C:\devkitPro/libogc/lib/cube\libogc.a(exception_asm.o)
                0x80003ac8                PPCExcptDefaultHandler
 .text.KIrqInit
                0x80003c04       0x8c C:\devkitPro/libogc/lib/cube\libogc.a(interrupt.o)
                0x80003c04                KIrqInit
 .text.KIrqDispatch
                0x80003c90      0x250 C:\devkitPro/libogc/lib/cube\libogc.a(interrupt.o)
                0x80003c90                KIrqDispatch
 .text.KIrqEnable
                0x80003ee0      0x23c C:\devkitPro/libogc/lib/cube\libogc.a(interrupt.o)
                0x80003ee0                KIrqEnable
 .text.KIrqDisable
                0x8000411c      0x238 C:\devkitPro/libogc/lib/cube\libogc.a(interrupt.o)
                0x8000411c                KIrqDisable
 .text.KIrqGet  0x80004354       0x14 C:\devkitPro/libogc/lib/cube\libogc.a(interrupt.o)
                0x80004354                KIrqGet
 .text.KIrqSet  0x80004368       0x3c C:\devkitPro/libogc/lib/cube\libogc.a(interrupt.o)
                0x80004368                KIrqSet
 .text.PPCExcptIrqHandler
                0x800043a4      0x144 C:\devkitPro/libogc/lib/cube\libogc.a(interrupt_asm.o)
                0x800043a4                PPCExcptIrqHandler
 .text.__PPCContextPrepareToJump
                0x800044e8       0x4c C:\devkitPro/libogc/lib/cube\libogc.a(interrupt_asm.o)
                0x800044e8                __PPCContextPrepareToJump
 .text.__PPCContextJump
                0x80004534        0x8 C:\devkitPro/libogc/lib/cube\libogc.a(interrupt_asm.o)
                0x80004534                __PPCContextJump
 .text.KThreadIdleMain
                0x8000453c        0x4 C:\devkitPro/libogc/lib/cube\libogc.a(thread.o)
 .text.__getreent
                0x80004540       0x24 C:\devkitPro/libogc/lib/cube\libogc.a(thread.o)
                0x80004540                __getreent
 .text.KThreadInit
                0x80004564      0x100 C:\devkitPro/libogc/lib/cube\libogc.a(thread.o)
                0x80004564                KThreadInit
 .text.KThreadSwitchTo
                0x80004664       0x88 C:\devkitPro/libogc/lib/cube\libogc.a(thread.o)
                0x80004664                KThreadSwitchTo
 .text.KThrQueueBlock
                0x800046ec      0x108 C:\devkitPro/libogc/lib/cube\libogc.a(thread.o)
                0x800046ec                KThrQueueBlock
 .text.KThrQueueUnblockAllByValue
                0x800047f4      0x154 C:\devkitPro/libogc/lib/cube\libogc.a(thread.o)
                0x800047f4                KThrQueueUnblockAllByValue
 .text.KThreadUpdateDynamicPrio
                0x80004948      0x1f4 C:\devkitPro/libogc/lib/cube\libogc.a(sync.o)
                0x80004948                KThreadUpdateDynamicPrio
 .text.KThreadRemoveWaiter
                0x80004b3c      0x178 C:\devkitPro/libogc/lib/cube\libogc.a(sync.o)
 .text.KMutexLock
                0x80004cb4      0x194 C:\devkitPro/libogc/lib/cube\libogc.a(sync.o)
                0x80004cb4                KMutexLock
 .text.KMutexUnlock
                0x80004e48      0x104 C:\devkitPro/libogc/lib/cube\libogc.a(sync.o)
                0x80004e48                KMutexUnlock
 .text.KTickTaskReschedule
                0x80004f4c       0x6c C:\devkitPro/libogc/lib/cube\libogc.a(tick.o)
 .text.KTickTaskRun
                0x80004fb8      0x128 C:\devkitPro/libogc/lib/cube\libogc.a(tick.o)
                0x80004fb8                KTickTaskRun
 .text.KTickTaskStart
                0x800050e0      0x168 C:\devkitPro/libogc/lib/cube\libogc.a(tick.o)
                0x800050e0                KTickTaskStart
 .text.KTickTaskStop
                0x80005248       0xc4 C:\devkitPro/libogc/lib/cube\libogc.a(tick.o)
                0x80005248                KTickTaskStop
 .text.__syscall_lock_acquire
                0x8000530c        0x4 C:\devkitPro/libogc/lib/cube\libogc.a(newlib_syscalls.o)
                0x8000530c                __syscall_lock_acquire
 .text.__syscall_lock_release
                0x80005310        0x4 C:\devkitPro/libogc/lib/cube\libogc.a(newlib_syscalls.o)
                0x80005310                __syscall_lock_release
 .text.__syscall_lock_acquire_recursive
                0x80005314       0x50 C:\devkitPro/libogc/lib/cube\libogc.a(newlib_syscalls.o)
                0x80005314                __syscall_lock_acquire_recursive
 .text.__syscall_lock_release_recursive
                0x80005364       0x18 C:\devkitPro/libogc/lib/cube\libogc.a(newlib_syscalls.o)
                0x80005364                __syscall_lock_release_recursive
 .text.__MEMInterruptHandler
                0x8000537c       0x14 C:\devkitPro/libogc/lib/cube\libogc.a(system.o)
 .text.__RSWDefaultHandler
                0x80005390        0x4 C:\devkitPro/libogc/lib/cube\libogc.a(system.o)
 .text.__RSWHandler
                0x80005394      0x158 C:\devkitPro/libogc/lib/cube\libogc.a(system.o)
 .text.__getrtc
                0x800054ec      0x148 C:\devkitPro/libogc/lib/cube\libogc.a(system.o)
 .text.__sram_write
                0x80005634      0x140 C:\devkitPro/libogc/lib/cube\libogc.a(system.o)
 .text.__sram_writecallback
                0x80005774       0x54 C:\devkitPro/libogc/lib/cube\libogc.a(system.o)
 .text.__mem_onreset
                0x800057c8       0x48 C:\devkitPro/libogc/lib/cube\libogc.a(system.o)
 .text.__unlocksram
                0x80005810      0x120 C:\devkitPro/libogc/lib/cube\libogc.a(system.o)
 .text.__call_resetfuncs
                0x80005930      0x150 C:\devkitPro/libogc/lib/cube\libogc.a(system.o)
 .text.__reload
                0x80005a80       0xa4 C:\devkitPro/libogc/lib/cube\libogc.a(system.o)
                0x80005a80                __reload
 .text.__syscall_malloc_lock
                0x80005b24       0x4c C:\devkitPro/libogc/lib/cube\libogc.a(system.o)
                0x80005b24                __syscall_malloc_lock
 .text.__syscall_malloc_unlock
                0x80005b70       0x1c C:\devkitPro/libogc/lib/cube\libogc.a(system.o)
                0x80005b70                __syscall_malloc_unlock
 .text.__SYS_GetRTC
                0x80005b8c       0xd4 C:\devkitPro/libogc/lib/cube\libogc.a(system.o)
                0x80005b8c                __SYS_GetRTC
 .text.__SYS_SetBootTime
                0x80005c60      0x124 C:\devkitPro/libogc/lib/cube\libogc.a(system.o)
                0x80005c60                __SYS_SetBootTime
 .text.__SYS_PreInit
                0x80005d84        0x4 C:\devkitPro/libogc/lib/cube\libogc.a(system.o)
                0x80005d84                __SYS_PreInit
 .text.__SYS_InstallPanicHandler
                0x80005d88       0x10 C:\devkitPro/libogc/lib/cube\libogc.a(system.o)
                0x80005d88                __SYS_InstallPanicHandler
 .text.SYS_PreMain
                0x80005d98        0x4 C:\devkitPro/libogc/lib/cube\libogc.a(system.o)
                0x80005d98                SYS_PreMain
 .text.SYS_ResetButtonDown
                0x80005d9c       0x18 C:\devkitPro/libogc/lib/cube\libogc.a(system.o)
                0x80005d9c                SYS_ResetButtonDown
 .text.SYS_ResetSystem
                0x80005db4      0x2a8 C:\devkitPro/libogc/lib/cube\libogc.a(system.o)
                0x80005db4                SYS_ResetSystem
 .text.__syscall_exit
                0x8000605c       0x8c C:\devkitPro/libogc/lib/cube\libogc.a(system.o)
                0x8000605c                __syscall_exit
 .text.SYS_RegisterResetFunc
                0x800060e8       0x6c C:\devkitPro/libogc/lib/cube\libogc.a(system.o)
                0x800060e8                SYS_RegisterResetFunc
 .text.SYS_SetArena1Lo
                0x80006154       0x24 C:\devkitPro/libogc/lib/cube\libogc.a(system.o)
                0x80006154                SYS_SetArena1Lo
 .text.SYS_GetArena1Lo
                0x80006178       0x24 C:\devkitPro/libogc/lib/cube\libogc.a(system.o)
                0x80006178                SYS_GetArena1Lo
 .text.SYS_GetArena1Hi
                0x8000619c       0x24 C:\devkitPro/libogc/lib/cube\libogc.a(system.o)
                0x8000619c                SYS_GetArena1Hi
 .text.SYS_GetWirelessID
                0x800061c0       0x78 C:\devkitPro/libogc/lib/cube\libogc.a(system.o)
                0x800061c0                SYS_GetWirelessID
 .text.SYS_SetWirelessID
                0x80006238       0x84 C:\devkitPro/libogc/lib/cube\libogc.a(system.o)
                0x80006238                SYS_SetWirelessID
 .text.SYS_SetGBSMode
                0x800062bc       0x9c C:\devkitPro/libogc/lib/cube\libogc.a(system.o)
                0x800062bc                SYS_SetGBSMode
 .text.__sram_init
                0x80006358      0x1b0 C:\devkitPro/libogc/lib/cube\libogc.a(system.o)
                0x80006358                __sram_init
 .text.SYS_Init
                0x80006508      0x4fc C:\devkitPro/libogc/lib/cube\libogc.a(system.o)
                0x80006508                SYS_Init
 .text.SYS_Time
                0x80006a04       0x54 C:\devkitPro/libogc/lib/cube\libogc.a(system.o)
                0x80006a04                SYS_Time
 .text.__si_transfer
                0x80006a58      0x1b8 C:\devkitPro/libogc/lib/cube\libogc.a(si.o)
 .text.__si_alarmhandler
                0x80006c10       0xa0 C:\devkitPro/libogc/lib/cube\libogc.a(si.o)
 .text.__si_completetransfer
                0x80006cb0      0x1f4 C:\devkitPro/libogc/lib/cube\libogc.a(si.o)
 .text.__si_transfernext
                0x80006ea4       0xd8 C:\devkitPro/libogc/lib/cube\libogc.a(si.o)
 .text.SI_Busy  0x80006f7c       0x18 C:\devkitPro/libogc/lib/cube\libogc.a(si.o)
                0x80006f7c                SI_Busy
 .text.SI_IsChanBusy
                0x80006f94       0x38 C:\devkitPro/libogc/lib/cube\libogc.a(si.o)
                0x80006f94                SI_IsChanBusy
 .text.SI_EnablePolling
                0x80006fcc       0x64 C:\devkitPro/libogc/lib/cube\libogc.a(si.o)
                0x80006fcc                SI_EnablePolling
 .text.SI_DisablePolling
                0x80007030       0x44 C:\devkitPro/libogc/lib/cube\libogc.a(si.o)
                0x80007030                SI_DisablePolling
 .text.SI_SetSamplingRate
                0x80007074      0x108 C:\devkitPro/libogc/lib/cube\libogc.a(si.o)
                0x80007074                SI_SetSamplingRate
 .text.SI_RefreshSamplingRate
                0x8000717c        0x8 C:\devkitPro/libogc/lib/cube\libogc.a(si.o)
                0x8000717c                SI_RefreshSamplingRate
 .text.SI_GetStatus
                0x80007184       0x6c C:\devkitPro/libogc/lib/cube\libogc.a(si.o)
                0x80007184                SI_GetStatus
 .text.SI_GetResponseRaw
                0x800071f0       0xd4 C:\devkitPro/libogc/lib/cube\libogc.a(si.o)
                0x800071f0                SI_GetResponseRaw
 .text.SI_GetResponse
                0x800072c4       0xa4 C:\devkitPro/libogc/lib/cube\libogc.a(si.o)
                0x800072c4                SI_GetResponse
 .text.SI_SetCommand
                0x80007368       0x10 C:\devkitPro/libogc/lib/cube\libogc.a(si.o)
                0x80007368                SI_SetCommand
 .text.SI_Transfer
                0x80007378      0x2cc C:\devkitPro/libogc/lib/cube\libogc.a(si.o)
                0x80007378                SI_Transfer
 .text.__si_gettypecallback
                0x80007644      0x2b8 C:\devkitPro/libogc/lib/cube\libogc.a(si.o)
 .text.__si_interrupthandler
                0x800078fc      0x278 C:\devkitPro/libogc/lib/cube\libogc.a(si.o)
 .text.SI_GetType
                0x80007b74      0x1fc C:\devkitPro/libogc/lib/cube\libogc.a(si.o)
                0x80007b74                SI_GetType
 .text.SI_GetTypeAsync
                0x80007d70      0x134 C:\devkitPro/libogc/lib/cube\libogc.a(si.o)
                0x80007d70                SI_GetTypeAsync
 .text.SI_EnablePollingInterrupt
                0x80007ea4       0x80 C:\devkitPro/libogc/lib/cube\libogc.a(si.o)
                0x80007ea4                SI_EnablePollingInterrupt
 .text.SI_UnregisterPollingHandler
                0x80007f24       0xd8 C:\devkitPro/libogc/lib/cube\libogc.a(si.o)
                0x80007f24                SI_UnregisterPollingHandler
 .text.__si_init
                0x80007ffc       0xe0 C:\devkitPro/libogc/lib/cube\libogc.a(si.o)
                0x80007ffc                __si_init
 .text.settime  0x800080dc       0x14 C:\devkitPro/libogc/lib/cube\libogc.a(timesupp.o)
                0x800080dc                settime
 .text.udelay   0x800080f0       0xac C:\devkitPro/libogc/lib/cube\libogc.a(timesupp.o)
                0x800080f0                udelay
 .text._sbrk_r  0x8000819c       0xcc C:\devkitPro/libogc/lib/cube\libogc.a(sbrk.o)
                0x8000819c                _sbrk_r
 .text.__CheckARGV
                0x80008268       0x80 C:\devkitPro/libogc/lib/cube\libogc.a(argv.o)
                0x80008268                __CheckARGV
 .text.__libogc_panic
                0x800082e8      0x3cc C:\devkitPro/libogc/lib/cube\libogc.a(default_panic.o)
                0x800082e8                __libogc_panic
 .text.PPCDCacheFlushAsync
                0x800086b4       0x28 C:\devkitPro/libogc/lib/cube\libogc.a(cache.o)
                0x800086b4                PPCDCacheFlushAsync
 .text.PPCDCacheInvalidate
                0x800086dc       0x28 C:\devkitPro/libogc/lib/cube\libogc.a(cache.o)
                0x800086dc                PPCDCacheInvalidate
 .text.PPCICacheInvalidate
                0x80008704       0x28 C:\devkitPro/libogc/lib/cube\libogc.a(cache.o)
                0x80008704                PPCICacheInvalidate
 .text.lwpc_alarm_cb
                0x8000872c       0x10 C:\devkitPro/libogc/lib/cube\libogc.a(lwpc_alarm.o)
 .text.SYS_CreateAlarm
                0x8000873c       0x74 C:\devkitPro/libogc/lib/cube\libogc.a(lwpc_alarm.o)
                0x8000873c                SYS_CreateAlarm
 .text.SYS_SetAlarm
                0x800087b0      0x108 C:\devkitPro/libogc/lib/cube\libogc.a(lwpc_alarm.o)
                0x800087b0                SYS_SetAlarm
 .text.SYS_CancelAlarm
                0x800088b8       0x34 C:\devkitPro/libogc/lib/cube\libogc.a(lwpc_alarm.o)
                0x800088b8                SYS_CancelAlarm
 .text.RGB8_to_YCbCr
                0x800088ec      0x144 C:\devkitPro/libogc/lib/cube\libogc.a(console.o)
 .text.__console_drawc.part.0
                0x80008a30      0x274 C:\devkitPro/libogc/lib/cube\libogc.a(console.o)
 .text.__console_clear
                0x80008ca4      0x190 C:\devkitPro/libogc/lib/cube\libogc.a(console.o)
 .text.__set_default_console
                0x80008e34      0x108 C:\devkitPro/libogc/lib/cube\libogc.a(console.o)
 .text.__console_clear_line
                0x80008f3c      0x174 C:\devkitPro/libogc/lib/cube\libogc.a(console.o)
 .text.__console_init
                0x800090b0       0x54 C:\devkitPro/libogc/lib/cube\libogc.a(console.o)
                0x800090b0                __console_init
 .text.newRow   0x80009104      0x134 C:\devkitPro/libogc/lib/cube\libogc.a(console.o)
                0x80009104                newRow
 .text.consolePrintChar.part.0
                0x80009238      0x220 C:\devkitPro/libogc/lib/cube\libogc.a(console.o)
 .text.__console_write
                0x80009458      0xe60 C:\devkitPro/libogc/lib/cube\libogc.a(console.o)
                0x80009458                __console_write
 .text.CON_EnableGecko
                0x8000a2b8       0xf8 C:\devkitPro/libogc/lib/cube\libogc.a(console.o)
                0x8000a2b8                CON_EnableGecko
 .text.__lwp_wkspace_init
                0x8000a3b0       0xa4 C:\devkitPro/libogc/lib/cube\libogc.a(lwp_wkspace.o)
                0x8000a3b0                __lwp_wkspace_init
 .text.__lwp_heap_init
                0x8000a454       0x90 C:\devkitPro/libogc/lib/cube\libogc.a(lwp_heap.o)
                0x8000a454                __lwp_heap_init
 .text.__lwp_heap_allocate
                0x8000a4e4      0x14c C:\devkitPro/libogc/lib/cube\libogc.a(lwp_heap.o)
                0x8000a4e4                __lwp_heap_allocate
 .text.__setFbbRegs.constprop.0
                0x8000a630      0x194 C:\devkitPro/libogc/lib/cube\libogc.a(video.o)
 .text.__VIClearFramebuffer
                0x8000a7c4       0x48 C:\devkitPro/libogc/lib/cube\libogc.a(video.o)
                0x8000a7c4                __VIClearFramebuffer
 .text.VIDEO_SetFramebuffer
                0x8000a80c       0xc4 C:\devkitPro/libogc/lib/cube\libogc.a(video.o)
                0x8000a80c                VIDEO_SetFramebuffer
 .text.VIDEO_GetCurrentTvMode
                0x8000a8d0       0x64 C:\devkitPro/libogc/lib/cube\libogc.a(video.o)
                0x8000a8d0                VIDEO_GetCurrentTvMode
 .text.VIDEO_GetCurrentLine
                0x8000a934       0x94 C:\devkitPro/libogc/lib/cube\libogc.a(video.o)
                0x8000a934                VIDEO_GetCurrentLine
 .text.SPEC1_MakeStatus
                0x8000a9c8      0x104 C:\devkitPro/libogc/lib/cube\libogc.a(pad.o)
 .text.__pad_samplinghandler
                0x8000aacc        0x4 C:\devkitPro/libogc/lib/cube\libogc.a(pad.o)
 .text.__pad_updateorigin
                0x8000aad0       0x98 C:\devkitPro/libogc/lib/cube\libogc.a(pad.o)
 .text.__pad_disable
                0x8000ab68       0xa0 C:\devkitPro/libogc/lib/cube\libogc.a(pad.o)
 .text.__pad_receivecheckcallback
                0x8000ac08       0x74 C:\devkitPro/libogc/lib/cube\libogc.a(pad.o)
 .text.__pad_doreset
                0x8000ac7c       0x5c C:\devkitPro/libogc/lib/cube\libogc.a(pad.o)
 .text.__pad_typeandstatuscallback
                0x8000acd8      0x1b4 C:\devkitPro/libogc/lib/cube\libogc.a(pad.o)
 .text.__pad_originupdatecallback
                0x8000ae8c       0x2c C:\devkitPro/libogc/lib/cube\libogc.a(pad.o)
 .text.__pad_onreset
                0x8000aeb8       0xf0 C:\devkitPro/libogc/lib/cube\libogc.a(pad.o)
 .text.SPEC2_MakeStatus
                0x8000afa8      0x220 C:\devkitPro/libogc/lib/cube\libogc.a(pad.o)
 .text.__pad_origincallback
                0x8000b1c8       0x74 C:\devkitPro/libogc/lib/cube\libogc.a(pad.o)
 .text.__pad_probecallback
                0x8000b23c       0x84 C:\devkitPro/libogc/lib/cube\libogc.a(pad.o)
 .text.__PADDisableRecalibration
                0x8000b2c0       0x54 C:\devkitPro/libogc/lib/cube\libogc.a(pad.o)
                0x8000b2c0                __PADDisableRecalibration
 .text.PAD_Reset
                0x8000b314       0xdc C:\devkitPro/libogc/lib/cube\libogc.a(pad.o)
                0x8000b314                PAD_Reset
 .text.PAD_Read
                0x8000b3f0      0x2c0 C:\devkitPro/libogc/lib/cube\libogc.a(pad.o)
                0x8000b3f0                PAD_Read
 .text.PAD_Init
                0x8000b6b0       0xf8 C:\devkitPro/libogc/lib/cube\libogc.a(pad.o)
                0x8000b6b0                PAD_Init
 .text.PAD_ScanPads
                0x8000b7a8      0x13c C:\devkitPro/libogc/lib/cube\libogc.a(pad.o)
                0x8000b7a8                PAD_ScanPads
 .text.PAD_ButtonsDown
                0x8000b8e4       0x3c C:\devkitPro/libogc/lib/cube\libogc.a(pad.o)
                0x8000b8e4                PAD_ButtonsDown
 .text.__exi_irq_handler
                0x8000b920       0x58 C:\devkitPro/libogc/lib/cube\libogc.a(exi.o)
 .text.__ext_irq_handler
                0x8000b978       0xc8 C:\devkitPro/libogc/lib/cube\libogc.a(exi.o)
 .text.__tc_irq_handler
                0x8000ba40      0x164 C:\devkitPro/libogc/lib/cube\libogc.a(exi.o)
 .text.__exi_probe
                0x8000bba4      0x23c C:\devkitPro/libogc/lib/cube\libogc.a(exi.o)
 .text.__exi_attach
                0x8000bde0      0x104 C:\devkitPro/libogc/lib/cube\libogc.a(exi.o)
 .text.EXI_Lock
                0x8000bee4      0x244 C:\devkitPro/libogc/lib/cube\libogc.a(exi.o)
                0x8000bee4                EXI_Lock
 .text.EXI_Unlock
                0x8000c128      0x290 C:\devkitPro/libogc/lib/cube\libogc.a(exi.o)
                0x8000c128                EXI_Unlock
 .text.EXI_Select
                0x8000c3b8      0x204 C:\devkitPro/libogc/lib/cube\libogc.a(exi.o)
                0x8000c3b8                EXI_Select
 .text.EXI_Deselect
                0x8000c5bc      0x154 C:\devkitPro/libogc/lib/cube\libogc.a(exi.o)
                0x8000c5bc                EXI_Deselect
 .text.EXI_Sync
                0x8000c710      0x114 C:\devkitPro/libogc/lib/cube\libogc.a(exi.o)
                0x8000c710                EXI_Sync
 .text.EXI_Imm  0x8000c824      0x1d8 C:\devkitPro/libogc/lib/cube\libogc.a(exi.o)
                0x8000c824                EXI_Imm
 .text.EXI_ImmEx
                0x8000c9fc       0xbc C:\devkitPro/libogc/lib/cube\libogc.a(exi.o)
                0x8000c9fc                EXI_ImmEx
 .text.EXI_Dma  0x8000cab8      0x138 C:\devkitPro/libogc/lib/cube\libogc.a(exi.o)
                0x8000cab8                EXI_Dma
 .text.EXI_Detach
                0x8000cbf0       0xbc C:\devkitPro/libogc/lib/cube\libogc.a(exi.o)
                0x8000cbf0                EXI_Detach
 .text.EXI_GetID
                0x8000ccac      0x358 C:\devkitPro/libogc/lib/cube\libogc.a(exi.o)
                0x8000ccac                EXI_GetID
 .text.__unlocked_handler
                0x8000d004       0x28 C:\devkitPro/libogc/lib/cube\libogc.a(exi.o)
 .text.EXI_ProbeReset
                0x8000d02c       0x70 C:\devkitPro/libogc/lib/cube\libogc.a(exi.o)
                0x8000d02c                EXI_ProbeReset
 .text.__exi_init
                0x8000d09c      0x17c C:\devkitPro/libogc/lib/cube\libogc.a(exi.o)
                0x8000d09c                __exi_init
 .text          0x8000d218      0x32c C:\devkitPro/libogc/lib/cube\libogc.a(cache_asm.o)
                0x8000d218                DCFlashInvalidate
                0x8000d22c                DCEnable
                0x8000d240                DCDisable
                0x8000d254                DCFreeze
                0x8000d268                DCUnfreeze
                0x8000d27c                ICFlashInvalidate
                0x8000d290                ICEnable
                0x8000d2a4                ICDisable
                0x8000d2b8                ICFreeze
                0x8000d2cc                ICUnfreeze
                0x8000d2e0                L2Init
                0x8000d328                L2Enable
                0x8000d344                L2Disable
                0x8000d35c                L2GlobalInvalidate
                0x8000d3b4                __LCEnable
                0x8000d480                LCDisable
                0x8000d4a8                LCAllocOneTag
                0x8000d4bc                LCAllocTags
                0x8000d4fc                LCLoadBlocks
                0x8000d520                LCStoreBlocks
 .text.__GX_WaitAbort
                0x8000d544       0x68 C:\devkitPro/libogc/lib/cube\libogc.a(gx.o)
 .text.__GX_CleanGPFifo
                0x8000d5ac      0x178 C:\devkitPro/libogc/lib/cube\libogc.a(gx.o)
 .text.GX_AbortFrame
                0x8000d724       0x6c C:\devkitPro/libogc/lib/cube\libogc.a(gx.o)
                0x8000d724                GX_AbortFrame
 .text.__usbgecko_exi_unlock
                0x8000d790       0x34 C:\devkitPro/libogc/lib/cube\libogc.a(usbgecko.o)
 .text.usb_isgeckoalive
                0x8000d7c4      0x1bc C:\devkitPro/libogc/lib/cube\libogc.a(usbgecko.o)
                0x8000d7c4                usb_isgeckoalive
 .text.usb_sendbuffer_ex
                0x8000d980      0x208 C:\devkitPro/libogc/lib/cube\libogc.a(usbgecko.o)
                0x8000d980                usb_sendbuffer_ex
 .text.usb_sendbuffer
                0x8000db88        0x8 C:\devkitPro/libogc/lib/cube\libogc.a(usbgecko.o)
                0x8000db88                usb_sendbuffer
 .text.usb_sendbuffer_safe_ex
                0x8000db90      0x2a0 C:\devkitPro/libogc/lib/cube\libogc.a(usbgecko.o)
                0x8000db90                usb_sendbuffer_safe_ex
 .text.usb_sendbuffer_safe
                0x8000de30        0x8 C:\devkitPro/libogc/lib/cube\libogc.a(usbgecko.o)
                0x8000de30                usb_sendbuffer_safe
 .text._dietPrintDefaultFunc
                0x8000de38       0xc8 C:\devkitPro/libogc/lib/cube\libogc.a(kprintf.o)
 .text._dietPrintWidth
                0x8000df00       0xe4 C:\devkitPro/libogc/lib/cube\libogc.a(kprintf.o)
                0x8000df00                _dietPrintWidth
 .text._dietPrintHex32
                0x8000dfe4      0x294 C:\devkitPro/libogc/lib/cube\libogc.a(kprintf.o)
 .text._dietPrintHex64
                0x8000e278       0xc8 C:\devkitPro/libogc/lib/cube\libogc.a(kprintf.o)
                0x8000e278                _dietPrintHex64
 .text.dietPrintV
                0x8000e340      0x8b4 C:\devkitPro/libogc/lib/cube\libogc.a(kprintf.o)
                0x8000e340                dietPrintV
 .text.kprintf  0x8000ebf4       0x84 C:\devkitPro/libogc/lib/cube\libogc.a(kprintf.o)
                0x8000ebf4                kprintf
 .text.LWP_InitQueue
                0x8000ec78       0xdc C:\devkitPro/libogc/lib/cube\libogc.a(lwpc_queue.o)
                0x8000ec78                LWP_InitQueue
 .text.LWP_ThreadSleep
                0x8000ed54       0x44 C:\devkitPro/libogc/lib/cube\libogc.a(lwpc_queue.o)
                0x8000ed54                LWP_ThreadSleep
 .text.LWP_ThreadBroadcast
                0x8000ed98       0x1c C:\devkitPro/libogc/lib/cube\libogc.a(lwpc_queue.o)
                0x8000ed98                LWP_ThreadBroadcast
 .text.__lwp_queue_initialize
                0x8000edb4       0x98 C:\devkitPro/libogc/lib/cube\libogc.a(lwp_queue.o)
                0x8000edb4                __lwp_queue_initialize
 .text.__udivdi3
                0x8000ee4c      0x3c4 C:/devkitPro/devkitPPC/bin/../lib/gcc/powerpc-eabi/16.1.0\libgcc.a(_udivdi3.o)
                0x8000ee4c                __udivdi3
 .text.build_argv
                0x8000f210      0x130 C:/devkitPro/devkitPPC/bin/../lib/gcc/powerpc-eabi/16.1.0/../../../../powerpc-eabi/lib\libsysbase.a(libsysbase_libsysbase_a-build_argv.o)
                0x8000f210                build_argv
 .text.null_write
                0x8000f340        0x8 C:/devkitPro/devkitPPC/bin/../lib/gcc/powerpc-eabi/16.1.0/../../../../powerpc-eabi/lib\libsysbase.a(libsysbase_libsysbase_a-iosupport.o)
 .text.memcpy   0x8000f348      0x14c C:/devkitPro/devkitPPC/bin/../lib/gcc/powerpc-eabi/16.1.0/../../../../powerpc-eabi/lib\libc.a(libc_a-memcpy.o)
                0x8000f348                memcpy
 .text._memalign_r
                0x8000f494      0x1dc C:/devkitPro/devkitPPC/bin/../lib/gcc/powerpc-eabi/16.1.0/../../../../powerpc-eabi/lib\libc.a(libc_a-malignr.o)
                0x8000f494                _memalign_r
 .text.__errno  0x8000f670       0x20 C:/devkitPro/devkitPPC/bin/../lib/gcc/powerpc-eabi/16.1.0/../../../../powerpc-eabi/lib\libc.a(libc_a-errno.o)
                0x8000f670                __errno
 .text.memset   0x8000f690      0x180 C:/devkitPro/devkitPPC/bin/../lib/gcc/powerpc-eabi/16.1.0/../../../../powerpc-eabi/lib\libc.a(libc_a-memset.o)
                0x8000f690                memset
 .text._malloc_r
                0x8000f810      0x90c C:/devkitPro/devkitPPC/bin/../lib/gcc/powerpc-eabi/16.1.0/../../../../powerpc-eabi/lib\libc.a(libc_a-mallocr.o)
                0x8000f810                _malloc_r
 .text._malloc_trim_r
                0x8001011c      0x138 C:/devkitPro/devkitPPC/bin/../lib/gcc/powerpc-eabi/16.1.0/../../../../powerpc-eabi/lib\libc.a(libc_a-freer.o)
                0x8001011c                _malloc_trim_r
 .text._free_r  0x80010254      0x32c C:/devkitPro/devkitPPC/bin/../lib/gcc/powerpc-eabi/16.1.0/../../../../powerpc-eabi/lib\libc.a(libc_a-freer.o)
                0x80010254                _free_r
 .text.setvbuf  0x80010580      0x2e4 C:/devkitPro/devkitPPC/bin/../lib/gcc/powerpc-eabi/16.1.0/../../../../powerpc-eabi/lib\libc.a(libc_a-setvbuf.o)
                0x80010580                setvbuf
 .text.stdio_exit_handler
                0x80010864       0x1c C:/devkitPro/devkitPPC/bin/../lib/gcc/powerpc-eabi/16.1.0/../../../../powerpc-eabi/lib\libc.a(libc_a-findfp.o)
 .text.cleanup_stdio
                0x80010880       0x88 C:/devkitPro/devkitPPC/bin/../lib/gcc/powerpc-eabi/16.1.0/../../../../powerpc-eabi/lib\libc.a(libc_a-findfp.o)
 .text.global_stdio_init.part.0
                0x80010908      0x188 C:/devkitPro/devkitPPC/bin/../lib/gcc/powerpc-eabi/16.1.0/../../../../powerpc-eabi/lib\libc.a(libc_a-findfp.o)
 .text.__sinit  0x80010a90       0x8c C:/devkitPro/devkitPPC/bin/../lib/gcc/powerpc-eabi/16.1.0/../../../../powerpc-eabi/lib\libc.a(libc_a-findfp.o)
                0x80010a90                __sinit
 .text.__sfp_lock_acquire
                0x80010b1c        0xc C:/devkitPro/devkitPPC/bin/../lib/gcc/powerpc-eabi/16.1.0/../../../../powerpc-eabi/lib\libc.a(libc_a-findfp.o)
                0x80010b1c                __sfp_lock_acquire
 .text.__sfp_lock_release
                0x80010b28        0xc C:/devkitPro/devkitPPC/bin/../lib/gcc/powerpc-eabi/16.1.0/../../../../powerpc-eabi/lib\libc.a(libc_a-findfp.o)
                0x80010b28                __sfp_lock_release
 .text.malloc   0x80010b34       0x58 C:/devkitPro/devkitPPC/bin/../lib/gcc/powerpc-eabi/16.1.0/../../../../powerpc-eabi/lib\libc.a(libc_a-malloc.o)
                0x80010b34                malloc
 .text.free     0x80010b8c       0x30 C:/devkitPro/devkitPPC/bin/../lib/gcc/powerpc-eabi/16.1.0/../../../../powerpc-eabi/lib\libc.a(libc_a-malloc.o)
                0x80010b8c                free
 .text.write    0x80010bbc       0x50 C:/devkitPro/devkitPPC/bin/../lib/gcc/powerpc-eabi/16.1.0/../../../../powerpc-eabi/lib\libc.a(libc_a-syswrite.o)
                0x80010bbc                write
 .text.__sread  0x80010c0c       0x74 C:/devkitPro/devkitPPC/bin/../lib/gcc/powerpc-eabi/16.1.0/../../../../powerpc-eabi/lib\libc.a(libc_a-stdio.o)
                0x80010c0c                __sread
 .text.__swrite
                0x80010c80       0xb0 C:/devkitPro/devkitPPC/bin/../lib/gcc/powerpc-eabi/16.1.0/../../../../powerpc-eabi/lib\libc.a(libc_a-stdio.o)
                0x80010c80                __swrite
 .text.__sseek  0x80010d30       0x70 C:/devkitPro/devkitPPC/bin/../lib/gcc/powerpc-eabi/16.1.0/../../../../powerpc-eabi/lib\libc.a(libc_a-stdio.o)
                0x80010d30                __sseek
 .text.__sclose
                0x80010da0        0x8 C:/devkitPro/devkitPPC/bin/../lib/gcc/powerpc-eabi/16.1.0/../../../../powerpc-eabi/lib\libc.a(libc_a-stdio.o)
                0x80010da0                __sclose
 .text.memmove  0x80010da8      0x254 C:/devkitPro/devkitPPC/bin/../lib/gcc/powerpc-eabi/16.1.0/../../../../powerpc-eabi/lib\libc.a(libc_a-memmove.o)
                0x80010da8                memmove
 .text._fclose_r
                0x80010ffc      0x1b4 C:/devkitPro/devkitPPC/bin/../lib/gcc/powerpc-eabi/16.1.0/../../../../powerpc-eabi/lib\libc.a(libc_a-fclose.o)
                0x80010ffc                _fclose_r
 .text.strnlen  0x800111b0       0xc0 C:/devkitPro/devkitPPC/bin/../lib/gcc/powerpc-eabi/16.1.0/../../../../powerpc-eabi/lib\libc.a(libc_a-strnlen.o)
                0x800111b0                strnlen
 .text._fwalk_sglue
                0x80011270       0xb4 C:/devkitPro/devkitPPC/bin/../lib/gcc/powerpc-eabi/16.1.0/../../../../powerpc-eabi/lib\libc.a(libc_a-fwalk.o)
                0x80011270                _fwalk_sglue
 .text.__swhatbuf_r
                0x80011324      0x118 C:/devkitPro/devkitPPC/bin/../lib/gcc/powerpc-eabi/16.1.0/../../../../powerpc-eabi/lib\libc.a(libc_a-makebuf.o)
                0x80011324                __swhatbuf_r
 .text.__sflush_r
                0x8001143c      0x300 C:/devkitPro/devkitPPC/bin/../lib/gcc/powerpc-eabi/16.1.0/../../../../powerpc-eabi/lib\libc.a(libc_a-fflush.o)
                0x8001143c                __sflush_r
 .text._fflush_r
                0x8001173c      0x108 C:/devkitPro/devkitPPC/bin/../lib/gcc/powerpc-eabi/16.1.0/../../../../powerpc-eabi/lib\libc.a(libc_a-fflush.o)
                0x8001173c                _fflush_r
 .text.__call_exitprocs
                0x80011844      0x208 C:/devkitPro/devkitPPC/bin/../lib/gcc/powerpc-eabi/16.1.0/../../../../powerpc-eabi/lib\libc.a(libc_a-__call_atexit.o)
                0x80011844                __call_exitprocs
 .text.atexit   0x80011a4c       0x14 C:/devkitPro/devkitPPC/bin/../lib/gcc/powerpc-eabi/16.1.0/../../../../powerpc-eabi/lib\libc.a(libc_a-atexit.o)
                0x80011a4c                atexit
 .text.__register_exitproc
                0x80011a60       0xf4 C:/devkitPro/devkitPPC/bin/../lib/gcc/powerpc-eabi/16.1.0/../../../../powerpc-eabi/lib\libc.a(libc_a-__atexit.o)
                0x80011a60                __register_exitproc
 .text._exit    0x80011b54       0x28 C:/devkitPro/devkitPPC/bin/../lib/gcc/powerpc-eabi/16.1.0/../../../../powerpc-eabi/lib\libsysbase.a(libsysbase_libsysbase_a-_exit.o)
                0x80011b54                _exit
 .text.__flockfile
                0x80011b7c        0x8 C:/devkitPro/devkitPPC/bin/../lib/gcc/powerpc-eabi/16.1.0/../../../../powerpc-eabi/lib\libsysbase.a(libsysbase_libsysbase_a-flock.o)
                0x80011b7c                __flockfile
 .text.__funlockfile
                0x80011b84        0x8 C:/devkitPro/devkitPPC/bin/../lib/gcc/powerpc-eabi/16.1.0/../../../../powerpc-eabi/lib\libsysbase.a(libsysbase_libsysbase_a-flock.o)
                0x80011b84                __funlockfile
 .text._fstat_r
                0x80011b8c       0xc8 C:/devkitPro/devkitPPC/bin/../lib/gcc/powerpc-eabi/16.1.0/../../../../powerpc-eabi/lib\libsysbase.a(libsysbase_libsysbase_a-fstat.o)
                0x80011b8c                _fstat_r
 .text.__get_handle
                0x80011c54       0x60 C:/devkitPro/devkitPPC/bin/../lib/gcc/powerpc-eabi/16.1.0/../../../../powerpc-eabi/lib\libsysbase.a(libsysbase_libsysbase_a-handle_manager.o)
                0x80011c54                __get_handle
 .text._close_r
                0x80011cb4      0x168 C:/devkitPro/devkitPPC/bin/../lib/gcc/powerpc-eabi/16.1.0/../../../../powerpc-eabi/lib\libsysbase.a(libsysbase_libsysbase_a-handle_manager.o)
                0x80011cb4                _close_r
 .text._lseek_r
                0x80011e1c       0xf4 C:/devkitPro/devkitPPC/bin/../lib/gcc/powerpc-eabi/16.1.0/../../../../powerpc-eabi/lib\libsysbase.a(libsysbase_libsysbase_a-lseek.o)
                0x80011e1c                _lseek_r
 .text._read_r  0x80011f10       0xd8 C:/devkitPro/devkitPPC/bin/../lib/gcc/powerpc-eabi/16.1.0/../../../../powerpc-eabi/lib\libsysbase.a(libsysbase_libsysbase_a-read.o)
                0x80011f10                _read_r
 .text.__libc_lock_acquire
                0x80011fe8       0x14 C:/devkitPro/devkitPPC/bin/../lib/gcc/powerpc-eabi/16.1.0/../../../../powerpc-eabi/lib\libsysbase.a(libsysbase_libsysbase_a-syscall_support.o)
                0x80011fe8                __libc_lock_acquire
 .text.__libc_lock_release
                0x80011ffc       0x14 C:/devkitPro/devkitPPC/bin/../lib/gcc/powerpc-eabi/16.1.0/../../../../powerpc-eabi/lib\libsysbase.a(libsysbase_libsysbase_a-syscall_support.o)
                0x80011ffc                __libc_lock_release
 .text.__libc_lock_acquire_recursive
                0x80012010       0x14 C:/devkitPro/devkitPPC/bin/../lib/gcc/powerpc-eabi/16.1.0/../../../../powerpc-eabi/lib\libsysbase.a(libsysbase_libsysbase_a-syscall_support.o)
                0x80012010                __libc_lock_acquire_recursive
 .text.__libc_lock_release_recursive
                0x80012024       0x14 C:/devkitPro/devkitPPC/bin/../lib/gcc/powerpc-eabi/16.1.0/../../../../powerpc-eabi/lib\libsysbase.a(libsysbase_libsysbase_a-syscall_support.o)
                0x80012024                __libc_lock_release_recursive
 .text.__libc_lock_close_recursive
                0x80012038       0x14 C:/devkitPro/devkitPPC/bin/../lib/gcc/powerpc-eabi/16.1.0/../../../../powerpc-eabi/lib\libsysbase.a(libsysbase_libsysbase_a-syscall_support.o)
                0x80012038                __libc_lock_close_recursive
 .text.__malloc_lock
                0x8001204c       0x14 C:/devkitPro/devkitPPC/bin/../lib/gcc/powerpc-eabi/16.1.0/../../../../powerpc-eabi/lib\libsysbase.a(libsysbase_libsysbase_a-syscall_support.o)
                0x8001204c                __malloc_lock
 .text.__malloc_unlock
                0x80012060       0x14 C:/devkitPro/devkitPPC/bin/../lib/gcc/powerpc-eabi/16.1.0/../../../../powerpc-eabi/lib\libsysbase.a(libsysbase_libsysbase_a-syscall_support.o)
                0x80012060                __malloc_unlock
 .text._write_r
                0x80012074       0xd8 C:/devkitPro/devkitPPC/bin/../lib/gcc/powerpc-eabi/16.1.0/../../../../powerpc-eabi/lib\libsysbase.a(libsysbase_libsysbase_a-write.o)
                0x80012074                _write_r
 .text.__do_global_ctors_aux
                0x8001214c       0x50 C:/devkitPro/devkitPPC/bin/../lib/gcc/powerpc-eabi/16.1.0/crtend.o
 *(SORT_NONE(.fini))
 .fini          0x8001219c        0xc C:/devkitPro/devkitPPC/bin/../lib/gcc/powerpc-eabi/16.1.0/ecrti.o
                0x8001219c                __fini
 .fini          0x800121a8        0x4 C:/devkitPro/devkitPPC/bin/../lib/gcc/powerpc-eabi/16.1.0/crtbegin.o
 .fini          0x800121ac       0x10 C:/devkitPro/devkitPPC/bin/../lib/gcc/powerpc-eabi/16.1.0/ecrtn.o
                0x800121c0                        . = ALIGN (0x20)
 *fill*         0x800121bc        0x4 00000000

.glink          0x800121c0        0x0
 .glink         0x800121c0        0x0 C:/devkitPro/devkitPPC/bin/../lib/gcc/powerpc-eabi/16.1.0/crtbegin.o

.rodata         0x800121c0      0xa50
 *(.rodata.__sys_versioninfo)
 .rodata.__sys_versioninfo
                0x800121c0       0x2d C:\devkitPro/libogc/lib/cube\libogc.a(system.o)
                0x800121c0                __sys_versioninfo
 *(.rodata .rodata.* .gnu.linkonce.r.*)
 *fill*         0x800121ed        0x3 00000000
 .rodata.PPCExcptDefaultPanicFn.str1.4
                0x800121f0      0x2d0 C:\devkitPro/libogc/lib/cube\libogc.a(exception.o)
                                 0x88 (size before relaxing)
 .rodata._dsp_initcode
                0x800124c0       0x80 C:\devkitPro/libogc/lib/cube\libogc.a(system.o)
 .rodata.__libogc_panic.str1.4
                0x80012540        0x0 C:\devkitPro/libogc/lib/cube\libogc.a(default_panic.o)
                                0x191 (size before relaxing)
 .rodata.str1.4
                0x80012540        0x0 C:\devkitPro/libogc/lib/cube\libogc.a(default_panic.o)
                                 0x89 (size before relaxing)
 .rodata.exception_name
                0x80012540       0x50 C:\devkitPro/libogc/lib/cube\libogc.a(default_panic.o)
 .rodata.__console_write
                0x80012590      0x478 C:\devkitPro/libogc/lib/cube\libogc.a(console.o)
 .rodata.grayScale
                0x80012a08       0x18 C:\devkitPro/libogc/lib/cube\libogc.a(console.o)
 .rodata.colorTable
                0x80012a20       0x60 C:\devkitPro/libogc/lib/cube\libogc.a(console.o)
 .rodata.str1.4
                0x80012a80        0x0 C:\devkitPro/libogc/lib/cube\libogc.a(console.o)
                                  0x7 (size before relaxing)
 .rodata.dotab_stdout
                0x80012a80       0x80 C:\devkitPro/libogc/lib/cube\libogc.a(console.o)
                0x80012a80                dotab_stdout
 .rodata.dietPrintV.str1.4
                0x80012b00        0x0 C:\devkitPro/libogc/lib/cube\libogc.a(kprintf.o)
                                 0x1a (size before relaxing)
 .rodata.dietPrintV
                0x80012b00       0x90 C:\devkitPro/libogc/lib/cube\libogc.a(kprintf.o)
 .rodata.str1.4
                0x80012b90        0x0 C:/devkitPro/devkitPPC/bin/../lib/gcc/powerpc-eabi/16.1.0/../../../../powerpc-eabi/lib\libsysbase.a(libsysbase_libsysbase_a-iosupport.o)
                                  0x8 (size before relaxing)
 .rodata.dotab_stdnull
                0x80012b90       0x80 C:/devkitPro/devkitPPC/bin/../lib/gcc/powerpc-eabi/16.1.0/../../../../powerpc-eabi/lib\libsysbase.a(libsysbase_libsysbase_a-iosupport.o)
                0x80012b90                dotab_stdnull
 *(.rodata1)
 *(.fixup)
 *(.got1)
 *(.got2)
 *(.branch_lt)
 .branch_lt     0x80012c10        0x0 C:/devkitPro/devkitPPC/bin/../lib/gcc/powerpc-eabi/16.1.0/crtbegin.o
 *(.got)
 *(.plt)

.sdata2         0x80012c10        0xa
 *(.sdata2 .sdata2.* .gnu.linkonce.s2.*)
 .sdata2        0x80012c10        0x0 C:/devkitPro/devkitPPC/bin/../lib/gcc/powerpc-eabi/16.1.0/ecrti.o
                0x80012c10                __SDATA2_START__
 .sdata2        0x80012c10        0x0 C:/devkitPro/devkitPPC/bin/../lib/gcc/powerpc-eabi/16.1.0/crtbegin.o
                0x8001ac10                _SDA2_BASE_
 .sdata2.__sys_inIPL
                0x80012c10        0x4 C:\devkitPro/libogc/lib/cube\libogc.a(system.o)
 .sdata2.colorCube
                0x80012c14        0x6 C:\devkitPro/libogc/lib/cube\libogc.a(console.o)
 *(.sbss2 .sbss2.* .gnu.linkonce.sb2.*)

.eh_frame_hdr   0x80012c1c      0x6cc
 *(.eh_frame_hdr)
 .eh_frame_hdr  0x80012c1c      0x6cc C:/devkitPro/devkitPPC/bin/../lib/gcc/powerpc-eabi/16.1.0/../../../../powerpc-eabi/lib/crtmain.o
                0x80012c1c                __GNU_EH_FRAME_HDR
 *(.eh_frame_entry .eh_frame_entry.*)

.rela.dyn       0x800132e8        0x0
 .rela.iplt     0x800132e8        0x0 C:/devkitPro/devkitPPC/bin/../lib/gcc/powerpc-eabi/16.1.0/crtbegin.o
 .rela.text.__do_global_dtors_aux
                0x800132e8        0x0 C:/devkitPro/devkitPPC/bin/../lib/gcc/powerpc-eabi/16.1.0/crtbegin.o
 .rela.text.frame_dummy
                0x800132e8        0x0 C:/devkitPro/devkitPPC/bin/../lib/gcc/powerpc-eabi/16.1.0/crtbegin.o
 .rela.crt0.__app_start
                0x800132e8        0x0 C:/devkitPro/devkitPPC/bin/../lib/gcc/powerpc-eabi/16.1.0/crtbegin.o
 .rela.text.__libc_lock_close_recursive
                0x800132e8        0x0 C:/devkitPro/devkitPPC/bin/../lib/gcc/powerpc-eabi/16.1.0/crtbegin.o

.eh_frame       0x800132e8     0x234c
 *(.eh_frame)
 .eh_frame      0x800132e8        0x0 C:/devkitPro/devkitPPC/bin/../lib/gcc/powerpc-eabi/16.1.0/ecrti.o
                0x800132e8                __EH_FRAME_BEGIN__
 .eh_frame      0x800132e8        0x0 C:/devkitPro/devkitPPC/bin/../lib/gcc/powerpc-eabi/16.1.0/crtbegin.o
 .eh_frame      0x800132e8        0x0 C:/devkitPro/devkitPPC/bin/../lib/gcc/powerpc-eabi/16.1.0/crtbegin.o
 .eh_frame      0x800132e8        0x0 C:/devkitPro/devkitPPC/bin/../lib/gcc/powerpc-eabi/16.1.0/../../../../powerpc-eabi/lib/crtmain.o
                                 0x34 (size before relaxing)
 .eh_frame      0x800132e8       0x2c main.o
 .eh_frame      0x80013314       0x64 C:\devkitPro/libogc/lib/cube\libogc.a(exception.o)
                                 0x78 (size before relaxing)
 .eh_frame      0x80013378       0x78 C:\devkitPro/libogc/lib/cube\libogc.a(interrupt.o)
                                 0x8c (size before relaxing)
 .eh_frame      0x800133f0       0xa0 C:\devkitPro/libogc/lib/cube\libogc.a(thread.o)
                                0x234 (size before relaxing)
 .eh_frame      0x80013490       0x94 C:\devkitPro/libogc/lib/cube\libogc.a(sync.o)
                                0x13c (size before relaxing)
 .eh_frame      0x80013524       0x8c C:\devkitPro/libogc/lib/cube\libogc.a(tick.o)
                                 0xa0 (size before relaxing)
 .eh_frame      0x800135b0       0x5c C:\devkitPro/libogc/lib/cube\libogc.a(newlib_syscalls.o)
                                0x1f8 (size before relaxing)
 .eh_frame      0x8001360c      0x434 C:\devkitPro/libogc/lib/cube\libogc.a(system.o)
                                0x8bc (size before relaxing)
 .eh_frame      0x80013a40      0x3f0 C:\devkitPro/libogc/lib/cube\libogc.a(si.o)
                                0x4b8 (size before relaxing)
 .eh_frame      0x80013e30       0x3c C:\devkitPro/libogc/lib/cube\libogc.a(timesupp.o)
                                0x150 (size before relaxing)
 .eh_frame      0x80013e6c       0x3c C:\devkitPro/libogc/lib/cube\libogc.a(sbrk.o)
                                 0x50 (size before relaxing)
 .eh_frame      0x80013ea8       0x20 C:\devkitPro/libogc/lib/cube\libogc.a(argv.o)
                                 0x34 (size before relaxing)
 .eh_frame      0x80013ec8       0x3c C:\devkitPro/libogc/lib/cube\libogc.a(default_panic.o)
                                 0x64 (size before relaxing)
 .eh_frame      0x80013f04       0x3c C:\devkitPro/libogc/lib/cube\libogc.a(cache.o)
                                 0x8c (size before relaxing)
 .eh_frame      0x80013f40       0x9c C:\devkitPro/libogc/lib/cube\libogc.a(lwpc_alarm.o)
                                0x12c (size before relaxing)
 .eh_frame      0x80013fdc      0x250 C:\devkitPro/libogc/lib/cube\libogc.a(console.o)
                                0x404 (size before relaxing)
 .eh_frame      0x8001422c       0x2c C:\devkitPro/libogc/lib/cube\libogc.a(lwp_wkspace.o)
                                 0xa4 (size before relaxing)
 .eh_frame      0x80014258       0x28 C:\devkitPro/libogc/lib/cube\libogc.a(lwp_heap.o)
                                 0x64 (size before relaxing)
 .eh_frame      0x80014280       0x74 C:\devkitPro/libogc/lib/cube\libogc.a(video.o)
                                0x2d0 (size before relaxing)
 .eh_frame      0x800142f4      0x2c4 C:\devkitPro/libogc/lib/cube\libogc.a(pad.o)
                                0x460 (size before relaxing)
 .eh_frame      0x800145b8      0x3c4 C:\devkitPro/libogc/lib/cube\libogc.a(exi.o)
                                0x608 (size before relaxing)
 .eh_frame      0x8001497c       0x58 C:\devkitPro/libogc/lib/cube\libogc.a(gx.o)
                               0x1568 (size before relaxing)
 .eh_frame      0x800149d4      0x154 C:\devkitPro/libogc/lib/cube\libogc.a(usbgecko.o)
                                0x404 (size before relaxing)
 .eh_frame      0x80014b28      0x158 C:\devkitPro/libogc/lib/cube\libogc.a(kprintf.o)
                                0x1a8 (size before relaxing)
 .eh_frame      0x80014c80       0x48 C:\devkitPro/libogc/lib/cube\libogc.a(lwpc_queue.o)
                                 0x84 (size before relaxing)
 .eh_frame      0x80014cc8        0x0 C:\devkitPro/libogc/lib/cube\libogc.a(lwpc_thread.o)
                                0x138 (size before relaxing)
 .eh_frame      0x80014cc8       0x14 C:\devkitPro/libogc/lib/cube\libogc.a(lwp_queue.o)
                                 0x78 (size before relaxing)
 .eh_frame      0x80014cdc        0x0 C:/devkitPro/devkitPPC/bin/../lib/gcc/powerpc-eabi/16.1.0/../../../../powerpc-eabi/lib\libm.a(libm_a-sf_cos.o)
                                 0x54 (size before relaxing)
 .eh_frame      0x80014cdc        0x0 C:/devkitPro/devkitPPC/bin/../lib/gcc/powerpc-eabi/16.1.0/../../../../powerpc-eabi/lib\libm.a(libm_a-wf_sqrt.o)
                                 0x44 (size before relaxing)
 .eh_frame      0x80014cdc        0x0 C:/devkitPro/devkitPPC/bin/../lib/gcc/powerpc-eabi/16.1.0/../../../../powerpc-eabi/lib\libm.a(libm_a-kf_cos.o)
                                 0x38 (size before relaxing)
 .eh_frame      0x80014cdc        0x0 C:/devkitPro/devkitPPC/bin/../lib/gcc/powerpc-eabi/16.1.0/../../../../powerpc-eabi/lib\libm.a(libm_a-ef_sqrt.o)
                                 0x3c (size before relaxing)
 .eh_frame      0x80014cdc        0x0 C:/devkitPro/devkitPPC/bin/../lib/gcc/powerpc-eabi/16.1.0/../../../../powerpc-eabi/lib\libm.a(libm_a-kf_sin.o)
                                 0x34 (size before relaxing)
 .eh_frame      0x80014cdc        0x0 C:/devkitPro/devkitPPC/bin/../lib/gcc/powerpc-eabi/16.1.0/../../../../powerpc-eabi/lib\libm.a(libm_a-ef_rem_pio2.o)
                                 0x60 (size before relaxing)
 .eh_frame      0x80014cdc        0x0 C:/devkitPro/devkitPPC/bin/../lib/gcc/powerpc-eabi/16.1.0/../../../../powerpc-eabi/lib\libm.a(libm_a-sf_fabs.o)
                                 0x2c (size before relaxing)
 .eh_frame      0x80014cdc        0x0 C:/devkitPro/devkitPPC/bin/../lib/gcc/powerpc-eabi/16.1.0/../../../../powerpc-eabi/lib\libm.a(libm_a-kf_rem_pio2.o)
                                 0x84 (size before relaxing)
 .eh_frame      0x80014cdc        0x0 C:/devkitPro/devkitPPC/bin/../lib/gcc/powerpc-eabi/16.1.0/../../../../powerpc-eabi/lib\libm.a(libm_a-sf_floor.o)
                                 0x34 (size before relaxing)
 .eh_frame      0x80014cdc        0x0 C:/devkitPro/devkitPPC/bin/../lib/gcc/powerpc-eabi/16.1.0/../../../../powerpc-eabi/lib\libm.a(libm_a-sf_scalbn.o)
                                 0x3c (size before relaxing)
 .eh_frame      0x80014cdc       0x30 C:/devkitPro/devkitPPC/bin/../lib/gcc/powerpc-eabi/16.1.0\libgcc.a(_udivdi3.o)
                                 0x44 (size before relaxing)
 .eh_frame      0x80014d0c        0x0 C:/devkitPro/devkitPPC/bin/../lib/gcc/powerpc-eabi/16.1.0\libgcc.a(_umoddi3.o)
                                 0x40 (size before relaxing)
 .eh_frame      0x80014d0c       0x14 C:/devkitPro/devkitPPC/bin/../lib/gcc/powerpc-eabi/16.1.0/../../../../powerpc-eabi/lib\libsysbase.a(libsysbase_libsysbase_a-build_argv.o)
                                 0x28 (size before relaxing)
 .eh_frame      0x80014d20       0x14 C:/devkitPro/devkitPPC/bin/../lib/gcc/powerpc-eabi/16.1.0/../../../../powerpc-eabi/lib\libsysbase.a(libsysbase_libsysbase_a-iosupport.o)
                                0x128 (size before relaxing)
 .eh_frame      0x80014d34        0x0 C:/devkitPro/devkitPPC/bin/../lib/gcc/powerpc-eabi/16.1.0/../../../../powerpc-eabi/lib\libsysbase.a(libsysbase_libsysbase_a-usleep.o)
                                 0x40 (size before relaxing)
 .eh_frame      0x80014d34        0x0 C:/devkitPro/devkitPPC/bin/../lib/gcc/powerpc-eabi/16.1.0/../../../../powerpc-eabi/lib\libsysbase.a(libsysbase_libsysbase_a-nanosleep.o)
                                 0x38 (size before relaxing)
 .eh_frame      0x80014d34       0x14 C:/devkitPro/devkitPPC/bin/../lib/gcc/powerpc-eabi/16.1.0/../../../../powerpc-eabi/lib\libc.a(libc_a-memcpy.o)
                                 0x28 (size before relaxing)
 .eh_frame      0x80014d48        0x0 C:/devkitPro/devkitPPC/bin/../lib/gcc/powerpc-eabi/16.1.0/../../../../powerpc-eabi/lib\libc.a(libc_a-strlen.o)
                                 0x28 (size before relaxing)
 .eh_frame      0x80014d48        0x0 C:/devkitPro/devkitPPC/bin/../lib/gcc/powerpc-eabi/16.1.0/../../../../powerpc-eabi/lib\libc.a(libc_a-malign.o)
                                 0x40 (size before relaxing)
 .eh_frame      0x80014d48        0x0 C:/devkitPro/devkitPPC/bin/../lib/gcc/powerpc-eabi/16.1.0/../../../../powerpc-eabi/lib\libc.a(libc_a-printf.o)
                                 0x5c (size before relaxing)
 .eh_frame      0x80014d48        0x0 C:/devkitPro/devkitPPC/bin/../lib/gcc/powerpc-eabi/16.1.0/../../../../powerpc-eabi/lib\libc.a(libc_a-strchr.o)
                                 0x28 (size before relaxing)
 .eh_frame      0x80014d48       0x60 C:/devkitPro/devkitPPC/bin/../lib/gcc/powerpc-eabi/16.1.0/../../../../powerpc-eabi/lib\libc.a(libc_a-malignr.o)
                                 0x74 (size before relaxing)
 .eh_frame      0x80014da8       0x20 C:/devkitPro/devkitPPC/bin/../lib/gcc/powerpc-eabi/16.1.0/../../../../powerpc-eabi/lib\libc.a(libc_a-errno.o)
                                 0x34 (size before relaxing)
 .eh_frame      0x80014dc8       0x14 C:/devkitPro/devkitPPC/bin/../lib/gcc/powerpc-eabi/16.1.0/../../../../powerpc-eabi/lib\libc.a(libc_a-memset.o)
                                 0x28 (size before relaxing)
 .eh_frame      0x80014ddc       0x64 C:/devkitPro/devkitPPC/bin/../lib/gcc/powerpc-eabi/16.1.0/../../../../powerpc-eabi/lib\libc.a(libc_a-mallocr.o)
                                 0x78 (size before relaxing)
 .eh_frame      0x80014e40       0x8c C:/devkitPro/devkitPPC/bin/../lib/gcc/powerpc-eabi/16.1.0/../../../../powerpc-eabi/lib\libc.a(libc_a-freer.o)
                                 0xa0 (size before relaxing)
 .eh_frame      0x80014ecc       0x44 C:/devkitPro/devkitPPC/bin/../lib/gcc/powerpc-eabi/16.1.0/../../../../powerpc-eabi/lib\libc.a(libc_a-setvbuf.o)
                                 0x58 (size before relaxing)
 .eh_frame      0x80014f10       0xd8 C:/devkitPro/devkitPPC/bin/../lib/gcc/powerpc-eabi/16.1.0/../../../../powerpc-eabi/lib\libc.a(libc_a-findfp.o)
                                0x1a0 (size before relaxing)
 .eh_frame      0x80014fe8        0x0 C:/devkitPro/devkitPPC/bin/../lib/gcc/powerpc-eabi/16.1.0/../../../../powerpc-eabi/lib\libc.a(libc_a-strcmp.o)
                                 0x28 (size before relaxing)
 .eh_frame      0x80014fe8       0x58 C:/devkitPro/devkitPPC/bin/../lib/gcc/powerpc-eabi/16.1.0/../../../../powerpc-eabi/lib\libc.a(libc_a-malloc.o)
                                 0x6c (size before relaxing)
 .eh_frame      0x80015040       0x30 C:/devkitPro/devkitPPC/bin/../lib/gcc/powerpc-eabi/16.1.0/../../../../powerpc-eabi/lib\libc.a(libc_a-syswrite.o)
                                 0x44 (size before relaxing)
 .eh_frame      0x80015070       0xa0 C:/devkitPro/devkitPPC/bin/../lib/gcc/powerpc-eabi/16.1.0/../../../../powerpc-eabi/lib\libc.a(libc_a-stdio.o)
                                 0xc8 (size before relaxing)
 .eh_frame      0x80015110       0x14 C:/devkitPro/devkitPPC/bin/../lib/gcc/powerpc-eabi/16.1.0/../../../../powerpc-eabi/lib\libc.a(libc_a-memmove.o)
                                 0x28 (size before relaxing)
 .eh_frame      0x80015124       0x48 C:/devkitPro/devkitPPC/bin/../lib/gcc/powerpc-eabi/16.1.0/../../../../powerpc-eabi/lib\libc.a(libc_a-fclose.o)
                                 0x84 (size before relaxing)
 .eh_frame      0x8001516c       0x20 C:/devkitPro/devkitPPC/bin/../lib/gcc/powerpc-eabi/16.1.0/../../../../powerpc-eabi/lib\libc.a(libc_a-exit.o)
                                 0x34 (size before relaxing)
 .eh_frame      0x8001518c       0x14 C:/devkitPro/devkitPPC/bin/../lib/gcc/powerpc-eabi/16.1.0/../../../../powerpc-eabi/lib\libc.a(libc_a-strnlen.o)
                                 0x28 (size before relaxing)
 .eh_frame      0x800151a0        0x0 C:/devkitPro/devkitPPC/bin/../lib/gcc/powerpc-eabi/16.1.0/../../../../powerpc-eabi/lib\libc.a(libc_a-strncmp.o)
                                 0x28 (size before relaxing)
 .eh_frame      0x800151a0       0x34 C:/devkitPro/devkitPPC/bin/../lib/gcc/powerpc-eabi/16.1.0/../../../../powerpc-eabi/lib\libc.a(libc_a-fwalk.o)
                                 0x48 (size before relaxing)
 .eh_frame      0x800151d4        0x0 C:/devkitPro/devkitPPC/bin/../lib/gcc/powerpc-eabi/16.1.0/../../../../powerpc-eabi/lib\libc.a(libc_a-vfprintf.o)
                                0x128 (size before relaxing)
 .eh_frame      0x800151d4        0x0 C:/devkitPro/devkitPPC/bin/../lib/gcc/powerpc-eabi/16.1.0/../../../../powerpc-eabi/lib\libc.a(libc_a-wcrtomb.o)
                                 0x90 (size before relaxing)
 .eh_frame      0x800151d4        0x0 C:/devkitPro/devkitPPC/bin/../lib/gcc/powerpc-eabi/16.1.0/../../../../powerpc-eabi/lib\libc.a(libc_a-svfiprintf.o)
                                 0xcc (size before relaxing)
 .eh_frame      0x800151d4        0x0 C:/devkitPro/devkitPPC/bin/../lib/gcc/powerpc-eabi/16.1.0/../../../../powerpc-eabi/lib\libc.a(libc_a-memchr.o)
                                 0x28 (size before relaxing)
 .eh_frame      0x800151d4        0x0 C:/devkitPro/devkitPPC/bin/../lib/gcc/powerpc-eabi/16.1.0/../../../../powerpc-eabi/lib\libc.a(libc_a-ssprint_r.o)
                                 0x70 (size before relaxing)
 .eh_frame      0x800151d4       0x34 C:/devkitPro/devkitPPC/bin/../lib/gcc/powerpc-eabi/16.1.0/../../../../powerpc-eabi/lib\libc.a(libc_a-makebuf.o)
                                 0xac (size before relaxing)
 .eh_frame      0x80015208        0x0 C:/devkitPro/devkitPPC/bin/../lib/gcc/powerpc-eabi/16.1.0/../../../../powerpc-eabi/lib\libc.a(libc_a-locale.o)
                                0x26c (size before relaxing)
 .eh_frame      0x80015208       0xe0 C:/devkitPro/devkitPPC/bin/../lib/gcc/powerpc-eabi/16.1.0/../../../../powerpc-eabi/lib\libc.a(libc_a-fflush.o)
                                0x11c (size before relaxing)
 .eh_frame      0x800152e8        0x0 C:/devkitPro/devkitPPC/bin/../lib/gcc/powerpc-eabi/16.1.0/../../../../powerpc-eabi/lib\libc.a(libc_a-sprint_r.o)
                                 0x34 (size before relaxing)
 .eh_frame      0x800152e8        0x0 C:/devkitPro/devkitPPC/bin/../lib/gcc/powerpc-eabi/16.1.0/../../../../powerpc-eabi/lib\libc.a(libc_a-dtoa.o)
                                0x184 (size before relaxing)
 .eh_frame      0x800152e8        0x0 C:/devkitPro/devkitPPC/bin/../lib/gcc/powerpc-eabi/16.1.0/../../../../powerpc-eabi/lib\libc.a(libc_a-strtol.o)
                                 0xe8 (size before relaxing)
 .eh_frame      0x800152e8       0xa4 C:/devkitPro/devkitPPC/bin/../lib/gcc/powerpc-eabi/16.1.0/../../../../powerpc-eabi/lib\libc.a(libc_a-__call_atexit.o)
                                 0xb8 (size before relaxing)
 .eh_frame      0x8001538c        0x0 C:/devkitPro/devkitPPC/bin/../lib/gcc/powerpc-eabi/16.1.0/../../../../powerpc-eabi/lib\libc.a(libc_a-strncpy.o)
                                 0x28 (size before relaxing)
 .eh_frame      0x8001538c        0x0 C:/devkitPro/devkitPPC/bin/../lib/gcc/powerpc-eabi/16.1.0/../../../../powerpc-eabi/lib\libc.a(libc_a-wcsrtombs.o)
                                 0x5c (size before relaxing)
 .eh_frame      0x8001538c        0x0 C:/devkitPro/devkitPPC/bin/../lib/gcc/powerpc-eabi/16.1.0/../../../../powerpc-eabi/lib\libc.a(libc_a-wsetup.o)
                                 0x40 (size before relaxing)
 .eh_frame      0x8001538c        0x0 C:/devkitPro/devkitPPC/bin/../lib/gcc/powerpc-eabi/16.1.0/../../../../powerpc-eabi/lib\libc.a(libc_a-getenv_r.o)
                                 0x90 (size before relaxing)
 .eh_frame      0x8001538c        0x0 C:/devkitPro/devkitPPC/bin/../lib/gcc/powerpc-eabi/16.1.0/../../../../powerpc-eabi/lib\libc.a(libc_a-localeconv.o)
                                 0x78 (size before relaxing)
 .eh_frame      0x8001538c       0x14 C:/devkitPro/devkitPPC/bin/../lib/gcc/powerpc-eabi/16.1.0/../../../../powerpc-eabi/lib\libc.a(libc_a-atexit.o)
                                 0x28 (size before relaxing)
 .eh_frame      0x800153a0        0x0 C:/devkitPro/devkitPPC/bin/../lib/gcc/powerpc-eabi/16.1.0/../../../../powerpc-eabi/lib\libc.a(libc_a-ssputs_r.o)
                                 0x44 (size before relaxing)
 .eh_frame      0x800153a0        0x0 C:/devkitPro/devkitPPC/bin/../lib/gcc/powerpc-eabi/16.1.0/../../../../powerpc-eabi/lib\libc.a(libc_a-wctomb_r.o)
                                 0xb8 (size before relaxing)
 .eh_frame      0x800153a0        0x0 C:/devkitPro/devkitPPC/bin/../lib/gcc/powerpc-eabi/16.1.0/../../../../powerpc-eabi/lib\libc.a(libc_a-wcsnrtombs.o)
                                 0xf4 (size before relaxing)
 .eh_frame      0x800153a0        0x0 C:/devkitPro/devkitPPC/bin/../lib/gcc/powerpc-eabi/16.1.0/../../../../powerpc-eabi/lib\libc.a(libc_a-ctype_.o)
                                 0x28 (size before relaxing)
 .eh_frame      0x800153a0        0x0 C:/devkitPro/devkitPPC/bin/../lib/gcc/powerpc-eabi/16.1.0/../../../../powerpc-eabi/lib\libc.a(libm_a-s_frexp.o)
                                 0x2c (size before relaxing)
 .eh_frame      0x800153a0        0x0 C:/devkitPro/devkitPPC/bin/../lib/gcc/powerpc-eabi/16.1.0/../../../../powerpc-eabi/lib\libc.a(libc_a-strcat.o)
                                 0x48 (size before relaxing)
 .eh_frame      0x800153a0        0x0 C:/devkitPro/devkitPPC/bin/../lib/gcc/powerpc-eabi/16.1.0/../../../../powerpc-eabi/lib\libc.a(libc_a-envlock.o)
                                 0x3c (size before relaxing)
 .eh_frame      0x800153a0        0x0 C:/devkitPro/devkitPPC/bin/../lib/gcc/powerpc-eabi/16.1.0/../../../../powerpc-eabi/lib\libc.a(libc_a-mprec.o)
                                0x3a4 (size before relaxing)
 .eh_frame      0x800153a0        0x0 C:/devkitPro/devkitPPC/bin/../lib/gcc/powerpc-eabi/16.1.0/../../../../powerpc-eabi/lib\libc.a(libc_a-strlcpy.o)
                                 0x28 (size before relaxing)
 .eh_frame      0x800153a0        0x0 C:/devkitPro/devkitPPC/bin/../lib/gcc/powerpc-eabi/16.1.0/../../../../powerpc-eabi/lib\libc.a(libc_a-strcpy.o)
                                 0x28 (size before relaxing)
 .eh_frame      0x800153a0        0x0 C:/devkitPro/devkitPPC/bin/../lib/gcc/powerpc-eabi/16.1.0/../../../../powerpc-eabi/lib\libc.a(libc_a-strcasecmp.o)
                                 0x28 (size before relaxing)
 .eh_frame      0x800153a0        0x0 C:/devkitPro/devkitPPC/bin/../lib/gcc/powerpc-eabi/16.1.0/../../../../powerpc-eabi/lib\libc.a(libc_a-mbtowc_r.o)
                                0x1a4 (size before relaxing)
 .eh_frame      0x800153a0        0x0 C:/devkitPro/devkitPPC/bin/../lib/gcc/powerpc-eabi/16.1.0/../../../../powerpc-eabi/lib\libc.a(libc_a-strncasecmp.o)
                                 0x28 (size before relaxing)
 .eh_frame      0x800153a0        0x0 C:/devkitPro/devkitPPC/bin/../lib/gcc/powerpc-eabi/16.1.0/../../../../powerpc-eabi/lib\libc.a(libc_a-fvwrite.o)
                                 0xf4 (size before relaxing)
 .eh_frame      0x800153a0        0x0 C:/devkitPro/devkitPPC/bin/../lib/gcc/powerpc-eabi/16.1.0/../../../../powerpc-eabi/lib\libc.a(libc_a-callocr.o)
                                 0x50 (size before relaxing)
 .eh_frame      0x800153a0       0x34 C:/devkitPro/devkitPPC/bin/../lib/gcc/powerpc-eabi/16.1.0/../../../../powerpc-eabi/lib\libc.a(libc_a-__atexit.o)
                                 0x48 (size before relaxing)
 .eh_frame      0x800153d4        0x0 C:/devkitPro/devkitPPC/bin/../lib/gcc/powerpc-eabi/16.1.0/../../../../powerpc-eabi/lib\libc.a(libc_a-reallocr.o)
                                 0x78 (size before relaxing)
 .eh_frame      0x800153d4       0x20 C:/devkitPro/devkitPPC/bin/../lib/gcc/powerpc-eabi/16.1.0/../../../../powerpc-eabi/lib\libsysbase.a(libsysbase_libsysbase_a-_exit.o)
                                 0x34 (size before relaxing)
 .eh_frame      0x800153f4        0x0 C:/devkitPro/devkitPPC/bin/../lib/gcc/powerpc-eabi/16.1.0/../../../../powerpc-eabi/lib\libsysbase.a(libsysbase_libsysbase_a-assert.o)
                                 0x2c (size before relaxing)
 .eh_frame      0x800153f4       0x28 C:/devkitPro/devkitPPC/bin/../lib/gcc/powerpc-eabi/16.1.0/../../../../powerpc-eabi/lib\libsysbase.a(libsysbase_libsysbase_a-flock.o)
                                 0x78 (size before relaxing)
 .eh_frame      0x8001541c       0x40 C:/devkitPro/devkitPPC/bin/../lib/gcc/powerpc-eabi/16.1.0/../../../../powerpc-eabi/lib\libsysbase.a(libsysbase_libsysbase_a-fstat.o)
                                 0x54 (size before relaxing)
 .eh_frame      0x8001545c       0x78 C:/devkitPro/devkitPPC/bin/../lib/gcc/powerpc-eabi/16.1.0/../../../../powerpc-eabi/lib\libsysbase.a(libsysbase_libsysbase_a-handle_manager.o)
                                0x178 (size before relaxing)
 .eh_frame      0x800154d4        0x0 C:/devkitPro/devkitPPC/bin/../lib/gcc/powerpc-eabi/16.1.0/../../../../powerpc-eabi/lib\libsysbase.a(libsysbase_libsysbase_a-isatty.o)
                                 0x28 (size before relaxing)
 .eh_frame      0x800154d4       0x48 C:/devkitPro/devkitPPC/bin/../lib/gcc/powerpc-eabi/16.1.0/../../../../powerpc-eabi/lib\libsysbase.a(libsysbase_libsysbase_a-lseek.o)
                                 0x5c (size before relaxing)
 .eh_frame      0x8001551c       0x44 C:/devkitPro/devkitPPC/bin/../lib/gcc/powerpc-eabi/16.1.0/../../../../powerpc-eabi/lib\libsysbase.a(libsysbase_libsysbase_a-read.o)
                                 0x58 (size before relaxing)
 .eh_frame      0x80015560       0x8c C:/devkitPro/devkitPPC/bin/../lib/gcc/powerpc-eabi/16.1.0/../../../../powerpc-eabi/lib\libsysbase.a(libsysbase_libsysbase_a-syscall_support.o)
                                0x184 (size before relaxing)
 .eh_frame      0x800155ec       0x44 C:/devkitPro/devkitPPC/bin/../lib/gcc/powerpc-eabi/16.1.0/../../../../powerpc-eabi/lib\libsysbase.a(libsysbase_libsysbase_a-write.o)
                                 0x58 (size before relaxing)
 .eh_frame      0x80015630        0x0 C:/devkitPro/devkitPPC/bin/../lib/gcc/powerpc-eabi/16.1.0/../../../../powerpc-eabi/lib\libsysbase.a(libsysbase_libsysbase_a-abort.o)
                                 0x2c (size before relaxing)
 .eh_frame      0x80015630        0x0 C:/devkitPro/devkitPPC/bin/../lib/gcc/powerpc-eabi/16.1.0/../../../../powerpc-eabi/lib\libsysbase.a(libsysbase_libsysbase_a-clocks.o)
                                 0x74 (size before relaxing)
 .eh_frame      0x80015630        0x0 C:/devkitPro/devkitPPC/bin/../lib/gcc/powerpc-eabi/16.1.0\libgcc.a(crtresxgpr.o)
                                 0x7c (size before relaxing)
 .eh_frame      0x80015630        0x0 C:/devkitPro/devkitPPC/bin/../lib/gcc/powerpc-eabi/16.1.0/crtend.o
                                  0x4 (size before relaxing)
 .eh_frame      0x80015630        0x4 C:/devkitPro/devkitPPC/bin/../lib/gcc/powerpc-eabi/16.1.0/ecrtn.o
                0x80015630                __EH_FRAME_END__
 *(.eh_frame.*)

.gcc_except_table
 *(.gcc_except_table .gcc_except_table.*)

.gnu_extab
 *(.gnu_extab*)

.ctors          0x80015634        0xc
 *ecrti.o(.ctors)
 .ctors         0x80015634        0x0 C:/devkitPro/devkitPPC/bin/../lib/gcc/powerpc-eabi/16.1.0/ecrti.o
                0x80015634                __CTOR_LIST__
 *crtbegin.o(.ctors)
 .ctors         0x80015634        0x4 C:/devkitPro/devkitPPC/bin/../lib/gcc/powerpc-eabi/16.1.0/crtbegin.o
 *crtbegin?.o(.ctors)
 *(EXCLUDE_FILE(*crtend?.o *crtend.o *ecrtn.o) .ctors)
 *(SORT_BY_NAME(.ctors.*))
 .ctors.65535   0x80015638        0x4 C:/devkitPro/devkitPPC/bin/../lib/gcc/powerpc-eabi/16.1.0/../../../../powerpc-eabi/lib\libc.a(libc_a-__call_atexit.o)
 *(SORT_NONE(.ctors))
 .ctors         0x8001563c        0x4 C:/devkitPro/devkitPPC/bin/../lib/gcc/powerpc-eabi/16.1.0/crtend.o
 .ctors         0x80015640        0x0 C:/devkitPro/devkitPPC/bin/../lib/gcc/powerpc-eabi/16.1.0/ecrtn.o
                0x80015640                __CTOR_END__

.dtors          0x80015640        0x8
 *ecrti.o(.dtors)
 .dtors         0x80015640        0x0 C:/devkitPro/devkitPPC/bin/../lib/gcc/powerpc-eabi/16.1.0/ecrti.o
                0x80015640                __DTOR_LIST__
 *crtbegin.o(.dtors)
 .dtors         0x80015640        0x4 C:/devkitPro/devkitPPC/bin/../lib/gcc/powerpc-eabi/16.1.0/crtbegin.o
 *crtbegin?.o(.dtors)
 *(EXCLUDE_FILE(*crtend?.o *crtend.o *ecrtn.o) .dtors)
 *(SORT_BY_NAME(.dtors.*))
 *(SORT_NONE(.dtors))
 .dtors         0x80015644        0x4 C:/devkitPro/devkitPPC/bin/../lib/gcc/powerpc-eabi/16.1.0/crtend.o
                0x80015644                __DTOR_END__
 .dtors         0x80015648        0x0 C:/devkitPro/devkitPPC/bin/../lib/gcc/powerpc-eabi/16.1.0/ecrtn.o

.data           0x80015648     0x27cc
 *(.data .data.* .gnu.linkonce.d.*)
 .data.mem_resetinfo
                0x80015648       0x10 C:\devkitPro/libogc/lib/cube\libogc.a(system.o)
 .data.si_type  0x80015658       0x10 C:\devkitPro/libogc/lib/cube\libogc.a(si.o)
 .data.xy       0x80015668       0x60 C:\devkitPro/libogc/lib/cube\libogc.a(si.o)
 .data.sicntrl  0x800156c8       0x14 C:\devkitPro/libogc/lib/cube\libogc.a(si.o)
 .data.defaultConsole
                0x800156dc       0x64 C:\devkitPro/libogc/lib/cube\libogc.a(console.o)
                0x800156dc                defaultConsole
 .data.pad_resetinfo
                0x80015740       0x10 C:\devkitPro/libogc/lib/cube\libogc.a(pad.o)
 .data.console_font_8x16
                0x80015750     0x1000 C:\devkitPro/libogc/lib/cube\libogc.a(console_font_8x16.o)
                0x80015750                console_font_8x16
 .data.devoptab_list
                0x80016750       0x8c C:/devkitPro/devkitPPC/bin/../lib/gcc/powerpc-eabi/16.1.0/../../../../powerpc-eabi/lib\libsysbase.a(libsysbase_libsysbase_a-iosupport.o)
                0x80016750                devoptab_list
 .data.__malloc_av_
                0x800167dc      0x408 C:/devkitPro/devkitPPC/bin/../lib/gcc/powerpc-eabi/16.1.0/../../../../powerpc-eabi/lib\libc.a(libc_a-mallocr.o)
                0x800167dc                __malloc_av_
 .data.__sglue  0x80016be4        0xc C:/devkitPro/devkitPPC/bin/../lib/gcc/powerpc-eabi/16.1.0/../../../../powerpc-eabi/lib\libc.a(libc_a-findfp.o)
                0x80016be4                __sglue
 .data._impure_data
                0x80016bf0      0x200 C:/devkitPro/devkitPPC/bin/../lib/gcc/powerpc-eabi/16.1.0/../../../../powerpc-eabi/lib\libc.a(libc_a-impure.o)
                0x80016bf0                _impure_data
 .data.handles  0x80016df0     0x1000 C:/devkitPro/devkitPPC/bin/../lib/gcc/powerpc-eabi/16.1.0/../../../../powerpc-eabi/lib\libsysbase.a(libsysbase_libsysbase_a-handle_manager.o)
 .data.__stderr_handle
                0x80017df0        0xc C:/devkitPro/devkitPPC/bin/../lib/gcc/powerpc-eabi/16.1.0/../../../../powerpc-eabi/lib\libsysbase.a(libsysbase_libsysbase_a-handle_manager.o)
 .data.__stdout_handle
                0x80017dfc        0xc C:/devkitPro/devkitPPC/bin/../lib/gcc/powerpc-eabi/16.1.0/../../../../powerpc-eabi/lib\libsysbase.a(libsysbase_libsysbase_a-handle_manager.o)
 .data.__stdin_handle
                0x80017e08        0xc C:/devkitPro/devkitPPC/bin/../lib/gcc/powerpc-eabi/16.1.0/../../../../powerpc-eabi/lib\libsysbase.a(libsysbase_libsysbase_a-handle_manager.o)
 *(.data1)

.sdata          0x80017e14       0x4c
 *(.sdata .sdata.* .gnu.linkonce.s.*)
 .sdata         0x80017e14        0x0 C:/devkitPro/devkitPPC/bin/../lib/gcc/powerpc-eabi/16.1.0/ecrti.o
                0x80017e14                __SDATA_START__
 .sdata         0x80017e14        0x0 C:/devkitPro/devkitPPC/bin/../lib/gcc/powerpc-eabi/16.1.0/crtbegin.o
                0x8001fe14                _SDA_BASE_
 .sdata.__system_argv
                0x80017e14        0x4 C:\devkitPro/libogc/lib/cube\libogc.a(common_crt0.o)
                0x80017e14                __system_argv
 .sdata.__ppc_main_sp
                0x80017e18        0x4 C:\devkitPro/libogc/lib/cube\libogc.a(default_stacks.o)
                0x80017e18                __ppc_main_sp
 .sdata.__ppc_excpt_sp
                0x80017e1c        0x4 C:\devkitPro/libogc/lib/cube\libogc.a(default_stacks.o)
                0x80017e1c                __ppc_excpt_sp
 .sdata.PPCExcptCurPanicFn
                0x80017e20        0x4 C:\devkitPro/libogc/lib/cube\libogc.a(exception.o)
                0x80017e20                PPCExcptCurPanicFn
 .sdata.__argvArena1Lo
                0x80017e24        0x4 C:\devkitPro/libogc/lib/cube\libogc.a(system.o)
                0x80017e24                __argvArena1Lo
 .sdata.reload_timer
                0x80017e28        0x4 C:\devkitPro/libogc/lib/cube\libogc.a(default_panic.o)
 .sdata.currentConsole
                0x80017e2c        0x4 C:\devkitPro/libogc/lib/cube\libogc.a(console.o)
                0x80017e2c                currentConsole
 .sdata.__gecko_status
                0x80017e30        0x4 C:\devkitPro/libogc/lib/cube\libogc.a(console.o)
 .sdata.__pad_cmdcalibrate
                0x80017e34        0x4 C:\devkitPro/libogc/lib/cube\libogc.a(pad.o)
 .sdata.__pad_cmdreadorigin
                0x80017e38        0x4 C:\devkitPro/libogc/lib/cube\libogc.a(pad.o)
 .sdata.__pad_spec
                0x80017e3c        0x4 C:\devkitPro/libogc/lib/cube\libogc.a(pad.o)
 .sdata.__pad_resettingchan
                0x80017e40        0x4 C:\devkitPro/libogc/lib/cube\libogc.a(pad.o)
 .sdata.g_dietPrintFn
                0x80017e44        0x4 C:\devkitPro/libogc/lib/cube\libogc.a(kprintf.o)
                0x80017e44                g_dietPrintFn
 .sdata.__malloc_sbrk_base
                0x80017e48        0x4 C:/devkitPro/devkitPPC/bin/../lib/gcc/powerpc-eabi/16.1.0/../../../../powerpc-eabi/lib\libc.a(libc_a-mallocr.o)
                0x80017e48                __malloc_sbrk_base
 .sdata.__malloc_trim_threshold
                0x80017e4c        0x4 C:/devkitPro/devkitPPC/bin/../lib/gcc/powerpc-eabi/16.1.0/../../../../powerpc-eabi/lib\libc.a(libc_a-mallocr.o)
                0x80017e4c                __malloc_trim_threshold
 *(.lit8)
 *(.lit4)
                0x80017e60                        . = ALIGN (0x20)
 *fill*         0x80017e50       0x10 00000000

.sbss           0x80017e60       0xcc
 *(.dynsbss)
 *(.sbss .sbss.* .gnu.linkonce.sb.*)
 .sbss.__ppc_next_ctx
                0x80017e60        0x4 C:\devkitPro/libogc/lib/cube\libogc.a(thread.o)
                0x80017e60                __ppc_next_ctx
 .sbss.s_firstThread
                0x80017e64        0x4 C:\devkitPro/libogc/lib/cube\libogc.a(thread.o)
                0x80017e64                s_firstThread
 .sbss.__myArena1Hi
                0x80017e68        0x4 C:\devkitPro/libogc/lib/cube\libogc.a(system.o)
                0x80017e68                __myArena1Hi
 .sbss.__myArena1Lo
                0x80017e6c        0x4 C:\devkitPro/libogc/lib/cube\libogc.a(system.o)
                0x80017e6c                __myArena1Lo
 .sbss.libogc_malloc_lock
                0x80017e70        0x8 C:\devkitPro/libogc/lib/cube\libogc.a(system.o)
 .sbss.__sys_ismainloopdone
                0x80017e78        0x1 C:\devkitPro/libogc/lib/cube\libogc.a(system.o)
 *fill*         0x80017e79        0x3 
 .sbss.__RSWCallback
                0x80017e7c        0x4 C:\devkitPro/libogc/lib/cube\libogc.a(system.o)
 .sbss.__sysarena1hi
                0x80017e80        0x4 C:\devkitPro/libogc/lib/cube\libogc.a(system.o)
 .sbss.__sysarena1lo
                0x80017e84        0x4 C:\devkitPro/libogc/lib/cube\libogc.a(system.o)
 .sbss.system_initialized
                0x80017e88        0x4 C:\devkitPro/libogc/lib/cube\libogc.a(system.o)
 .sbss.cmdtypeandstatus$223
                0x80017e8c        0x4 C:\devkitPro/libogc/lib/cube\libogc.a(si.o)
 .sbss.cmdtypeandstatus$47
                0x80017e90        0x4 C:\devkitPro/libogc/lib/cube\libogc.a(si.o)
 .sbss.sampling_rate
                0x80017e94        0x4 C:\devkitPro/libogc/lib/cube\libogc.a(si.o)
 .sbss.__PADFixBits
                0x80017e98        0x4 C:\devkitPro/libogc/lib/cube\libogc.a(si.o)
                0x80017e98                __PADFixBits
 .sbss.__gecko_safe
                0x80017e9c        0x4 C:\devkitPro/libogc/lib/cube\libogc.a(console.o)
 .sbss._console_buffer
                0x80017ea0        0x4 C:\devkitPro/libogc/lib/cube\libogc.a(console.o)
 .sbss.do_xfb_copy
                0x80017ea4        0x1 C:\devkitPro/libogc/lib/cube\libogc.a(console.o)
 *fill*         0x80017ea5        0x3 
 .sbss.__wkspace_heap_size
                0x80017ea8        0x4 C:\devkitPro/libogc/lib/cube\libogc.a(lwp_wkspace.o)
 .sbss.currTiming
                0x80017eac        0x4 C:\devkitPro/libogc/lib/cube\libogc.a(video.o)
 .sbss.changed  0x80017eb0        0x8 C:\devkitPro/libogc/lib/cube\libogc.a(video.o)
 .sbss.currTvMode
                0x80017eb8        0x4 C:\devkitPro/libogc/lib/cube\libogc.a(video.o)
 .sbss.fbSet    0x80017ebc        0x4 C:\devkitPro/libogc/lib/cube\libogc.a(video.o)
 .sbss.__pad_recalibrated$207
                0x80017ec0        0x4 C:\devkitPro/libogc/lib/cube\libogc.a(pad.o)
 .sbss.__pad_checkingbits
                0x80017ec4        0x4 C:\devkitPro/libogc/lib/cube\libogc.a(pad.o)
 .sbss.__pad_pendingbits
                0x80017ec8        0x4 C:\devkitPro/libogc/lib/cube\libogc.a(pad.o)
 .sbss.__pad_waitingbits
                0x80017ecc        0x4 C:\devkitPro/libogc/lib/cube\libogc.a(pad.o)
 .sbss.__pad_recalibratebits
                0x80017ed0        0x4 C:\devkitPro/libogc/lib/cube\libogc.a(pad.o)
 .sbss.__pad_resettingbits
                0x80017ed4        0x4 C:\devkitPro/libogc/lib/cube\libogc.a(pad.o)
 .sbss.__pad_enabledbits
                0x80017ed8        0x4 C:\devkitPro/libogc/lib/cube\libogc.a(pad.o)
 .sbss.__pad_initialized
                0x80017edc        0x4 C:\devkitPro/libogc/lib/cube\libogc.a(pad.o)
 .sbss.__pad_makestatus
                0x80017ee0        0x4 C:\devkitPro/libogc/lib/cube\libogc.a(pad.o)
 .sbss.__pad_samplingcallback
                0x80017ee4        0x4 C:\devkitPro/libogc/lib/cube\libogc.a(pad.o)
 .sbss.exi_id_serport1
                0x80017ee8        0x4 C:\devkitPro/libogc/lib/cube\libogc.a(exi.o)
 .sbss.breakPtCB
                0x80017eec        0x4 C:\devkitPro/libogc/lib/cube\libogc.a(gx.o)
 .sbss._cpgplinked
                0x80017ef0        0x4 C:\devkitPro/libogc/lib/cube\libogc.a(gx.o)
 .sbss._gxgpfifoready
                0x80017ef4        0x4 C:\devkitPro/libogc/lib/cube\libogc.a(gx.o)
 .sbss.usbgecko_inited
                0x80017ef8        0x4 C:\devkitPro/libogc/lib/cube\libogc.a(usbgecko.o)
 *fill*         0x80017efc        0x4 
 .sbss.lwpc_queue_used
                0x80017f00        0x8 C:\devkitPro/libogc/lib/cube\libogc.a(lwpc_queue.o)
 .sbss.lwpc_queue
                0x80017f08        0x8 C:\devkitPro/libogc/lib/cube\libogc.a(lwpc_queue.o)
 .sbss.__malloc_max_total_mem
                0x80017f10        0x4 C:/devkitPro/devkitPPC/bin/../lib/gcc/powerpc-eabi/16.1.0/../../../../powerpc-eabi/lib\libc.a(libc_a-mallocr.o)
                0x80017f10                __malloc_max_total_mem
 .sbss.__malloc_max_sbrked_mem
                0x80017f14        0x4 C:/devkitPro/devkitPPC/bin/../lib/gcc/powerpc-eabi/16.1.0/../../../../powerpc-eabi/lib\libc.a(libc_a-mallocr.o)
                0x80017f14                __malloc_max_sbrked_mem
 .sbss.__malloc_top_pad
                0x80017f18        0x4 C:/devkitPro/devkitPPC/bin/../lib/gcc/powerpc-eabi/16.1.0/../../../../powerpc-eabi/lib\libc.a(libc_a-mallocr.o)
                0x80017f18                __malloc_top_pad
 .sbss.__stdio_exit_handler
                0x80017f1c        0x4 C:/devkitPro/devkitPPC/bin/../lib/gcc/powerpc-eabi/16.1.0/../../../../powerpc-eabi/lib\libc.a(libc_a-findfp.o)
                0x80017f1c                __stdio_exit_handler
 .sbss.__atexit
                0x80017f20        0x4 C:/devkitPro/devkitPPC/bin/../lib/gcc/powerpc-eabi/16.1.0/../../../../powerpc-eabi/lib\libc.a(libc_a-__call_atexit.o)
                0x80017f20                __atexit
 .sbss.__atexit_recursive_mutex
                0x80017f24        0x8 C:/devkitPro/devkitPPC/bin/../lib/gcc/powerpc-eabi/16.1.0/../../../../powerpc-eabi/lib\libc.a(libc_a-__call_atexit.o)
                0x80017f24                __atexit_recursive_mutex
 *(.scommon)
                0x80017e60                        PROVIDE (__sbss_start = ADDR (.sbss))
                [!provide]                        PROVIDE (__sbss_end = (ADDR (.sbss) + SIZEOF (.sbss)))

.bss            0x80017f2c    0x25b94
 *(.dynbss)
 *(.bss .bss.* .gnu.linkonce.b.*)
 .bss.completed.2
                0x80017f2c        0x1 C:/devkitPro/devkitPPC/bin/../lib/gcc/powerpc-eabi/16.1.0/crtbegin.o
 *fill*         0x80017f2d        0x3 
 .bss.dtor_idx.1
                0x80017f30        0x4 C:/devkitPro/devkitPPC/bin/../lib/gcc/powerpc-eabi/16.1.0/crtbegin.o
 .bss.object.0  0x80017f34       0x18 C:/devkitPro/devkitPPC/bin/../lib/gcc/powerpc-eabi/16.1.0/crtbegin.o
 *fill*         0x80017f4c        0x4 
 .bss.s_mainStack
                0x80017f50    0x20000 C:\devkitPro/libogc/lib/cube\libogc.a(default_stacks.o)
 .bss.s_excptStack
                0x80037f50     0x4000 C:\devkitPro/libogc/lib/cube\libogc.a(default_stacks.o)
 .bss.s_irqCookies
                0x8003bf50       0xd8 C:\devkitPro/libogc/lib/cube\libogc.a(interrupt.o)
 .bss.s_idleThread
                0x8003c028      0x4e8 C:\devkitPro/libogc/lib/cube\libogc.a(thread.o)
 .bss.s_mainThread
                0x8003c510      0x4e8 C:\devkitPro/libogc/lib/cube\libogc.a(thread.o)
 .bss.s_firstTask
                0x8003c9f8        0x4 C:\devkitPro/libogc/lib/cube\libogc.a(tick.o)
 .bss.sys_reset_func_queue
                0x8003c9fc        0xc C:\devkitPro/libogc/lib/cube\libogc.a(system.o)
 *fill*         0x8003ca08       0x18 
 .bss.sramcntrl
                0x8003ca20       0x50 C:\devkitPro/libogc/lib/cube\libogc.a(system.o)
                0x8003ca20                sramcntrl
 .bss.si_alarm  0x8003ca70       0x10 C:\devkitPro/libogc/lib/cube\libogc.a(si.o)
 .bss.typeCallback
                0x8003ca80       0x40 C:\devkitPro/libogc/lib/cube\libogc.a(si.o)
 .bss.xferTime  0x8003cac0       0x20 C:\devkitPro/libogc/lib/cube\libogc.a(si.o)
 .bss.typeTime  0x8003cae0       0x20 C:\devkitPro/libogc/lib/cube\libogc.a(si.o)
 .bss.rdstHandlers
                0x8003cb00       0x10 C:\devkitPro/libogc/lib/cube\libogc.a(si.o)
 .bss.inputBuffer
                0x8003cb10       0x20 C:\devkitPro/libogc/lib/cube\libogc.a(si.o)
 .bss.inputBufferValid
                0x8003cb30       0x10 C:\devkitPro/libogc/lib/cube\libogc.a(si.o)
 .bss.inputBufferVCount
                0x8003cb40       0x10 C:\devkitPro/libogc/lib/cube\libogc.a(si.o)
 .bss.cmdfixdevice
                0x8003cb50       0x10 C:\devkitPro/libogc/lib/cube\libogc.a(si.o)
 .bss.sipacket  0x8003cb60       0x80 C:\devkitPro/libogc/lib/cube\libogc.a(si.o)
 .bss.escapeSeq
                0x8003cbe0       0x68 C:\devkitPro/libogc/lib/cube\libogc.a(console.o)
 .bss.currentCopy
                0x8003cc48       0x64 C:\devkitPro/libogc/lib/cube\libogc.a(console.o)
                0x8003cc48                currentCopy
 .bss.__wkspace_heap
                0x8003ccac       0x1c C:\devkitPro/libogc/lib/cube\libogc.a(lwp_wkspace.o)
                0x8003ccac                __wkspace_heap
 .bss.HorVer    0x8003ccc8       0x58 C:\devkitPro/libogc/lib/cube\libogc.a(video.o)
 .bss.regs      0x8003cd20       0x78 C:\devkitPro/libogc/lib/cube\libogc.a(video.o)
 .bss.__pad_keys
                0x8003cd98       0x40 C:\devkitPro/libogc/lib/cube\libogc.a(pad.o)
 .bss.__pad_cmdprobedevice
                0x8003cdd8       0x10 C:\devkitPro/libogc/lib/cube\libogc.a(pad.o)
 .bss.__pad_origin
                0x8003cde8       0x30 C:\devkitPro/libogc/lib/cube\libogc.a(pad.o)
 .bss.last_exi_idtime
                0x8003ce18       0x18 C:\devkitPro/libogc/lib/cube\libogc.a(exi.o)
 .bss.eximap    0x8003ce30       0xc0 C:\devkitPro/libogc/lib/cube\libogc.a(exi.o)
 .bss.lckdevs   0x8003cef0      0x200 C:\devkitPro/libogc/lib/cube\libogc.a(exi.o)
 .bss._lckdev_queue
                0x8003d0f0        0xc C:\devkitPro/libogc/lib/cube\libogc.a(exi.o)
 .bss.__gxregs  0x8003d0fc      0x598 C:\devkitPro/libogc/lib/cube\libogc.a(gx.o)
 .bss._cpufifo  0x8003d694       0x80 C:\devkitPro/libogc/lib/cube\libogc.a(gx.o)
 .bss._gpfifo   0x8003d714       0x80 C:\devkitPro/libogc/lib/cube\libogc.a(gx.o)
 .bss.wait_exi_queue
                0x8003d794        0xc C:\devkitPro/libogc/lib/cube\libogc.a(usbgecko.o)
 .bss.__malloc_current_mallinfo
                0x8003d7a0       0x28 C:/devkitPro/devkitPPC/bin/../lib/gcc/powerpc-eabi/16.1.0/../../../../powerpc-eabi/lib\libc.a(libc_a-mallocr.o)
                0x8003d7a0                __malloc_current_mallinfo
 .bss.__sfp_recursive_mutex
                0x8003d7c8        0x8 C:/devkitPro/devkitPPC/bin/../lib/gcc/powerpc-eabi/16.1.0/../../../../powerpc-eabi/lib\libc.a(libc_a-findfp.o)
 .bss.__sf      0x8003d7d0      0x150 C:/devkitPro/devkitPPC/bin/../lib/gcc/powerpc-eabi/16.1.0/../../../../powerpc-eabi/lib\libc.a(libc_a-findfp.o)
                0x8003d7d0                __sf
 .bss.__atexit0
                0x8003d920      0x190 C:/devkitPro/devkitPPC/bin/../lib/gcc/powerpc-eabi/16.1.0/../../../../powerpc-eabi/lib\libc.a(libc_a-__atexit.o)
                0x8003d920                __atexit0
 .bss.__hndl_lock
                0x8003dab0        0x4 C:/devkitPro/devkitPPC/bin/../lib/gcc/powerpc-eabi/16.1.0/../../../../powerpc-eabi/lib\libsysbase.a(libsysbase_libsysbase_a-handle_manager.o)
 *(COMMON)
                0x8003dac0                        . = ALIGN (0x20)
 *fill*         0x8003dab4        0xc 
                [!provide]                        PROVIDE (__bss_start = ADDR (.bss))
                0x8003dac0                        PROVIDE (__bss_end = (ADDR (.bss) + SIZEOF (.bss)))
                0x8003dac0                        . = .
                0x8003dac0                        PROVIDE (__Arena1Lo = ((. + 0x1f) & 0xffffffffffffffe0))
                0x81800000                        PROVIDE (__Arena1Hi = 0x81800000)

.stab
 *(.stab)

.stabstr
 *(.stabstr)

.stab.excl
 *(.stab.excl)

.stab.exclstr
 *(.stab.exclstr)

.stab.index
 *(.stab.index)

.stab.indexstr
 *(.stab.indexstr)

.comment        0x00000000       0x32
 *(.comment)
 .comment       0x00000000       0x32 C:/devkitPro/devkitPPC/bin/../lib/gcc/powerpc-eabi/16.1.0/ecrti.o
                                  0xe (size before relaxing)
 .comment       0x00000032        0x0 C:/devkitPro/devkitPPC/bin/../lib/gcc/powerpc-eabi/16.1.0/crtbegin.o
                                 0x19 (size before relaxing)
 .comment       0x00000032        0x0 main.o
                                 0x19 (size before relaxing)
 .comment       0x00000032        0x0 C:\devkitPro/libogc/lib/cube\libogc.a(default_stacks.o)
                                 0x19 (size before relaxing)
 .comment       0x00000032        0x0 C:\devkitPro/libogc/lib/cube\libogc.a(exception.o)
                                 0x19 (size before relaxing)
 .comment       0x00000032        0x0 C:\devkitPro/libogc/lib/cube\libogc.a(interrupt.o)
                                 0x19 (size before relaxing)
 .comment       0x00000032        0x0 C:\devkitPro/libogc/lib/cube\libogc.a(thread.o)
                                 0x19 (size before relaxing)
 .comment       0x00000032        0x0 C:\devkitPro/libogc/lib/cube\libogc.a(sync.o)
                                 0x19 (size before relaxing)
 .comment       0x00000032        0x0 C:\devkitPro/libogc/lib/cube\libogc.a(tick.o)
                                 0x19 (size before relaxing)
 .comment       0x00000032        0x0 C:\devkitPro/libogc/lib/cube\libogc.a(newlib_syscalls.o)
                                 0x19 (size before relaxing)
 .comment       0x00000032        0x0 C:\devkitPro/libogc/lib/cube\libogc.a(system.o)
                                 0x19 (size before relaxing)
 .comment       0x00000032        0x0 C:\devkitPro/libogc/lib/cube\libogc.a(si.o)
                                 0x19 (size before relaxing)
 .comment       0x00000032        0x0 C:\devkitPro/libogc/lib/cube\libogc.a(timesupp.o)
                                 0x19 (size before relaxing)
 .comment       0x00000032        0x0 C:\devkitPro/libogc/lib/cube\libogc.a(sbrk.o)
                                 0x19 (size before relaxing)
 .comment       0x00000032        0x0 C:\devkitPro/libogc/lib/cube\libogc.a(argv.o)
                                 0x19 (size before relaxing)
 .comment       0x00000032        0x0 C:\devkitPro/libogc/lib/cube\libogc.a(default_panic.o)
                                 0x19 (size before relaxing)
 .comment       0x00000032        0x0 C:\devkitPro/libogc/lib/cube\libogc.a(cache.o)
                                 0x19 (size before relaxing)
 .comment       0x00000032        0x0 C:\devkitPro/libogc/lib/cube\libogc.a(lwpc_alarm.o)
                                 0x19 (size before relaxing)
 .comment       0x00000032        0x0 C:\devkitPro/libogc/lib/cube\libogc.a(console.o)
                                 0x19 (size before relaxing)
 .comment       0x00000032        0x0 C:\devkitPro/libogc/lib/cube\libogc.a(lwp_wkspace.o)
                                 0x19 (size before relaxing)
 .comment       0x00000032        0x0 C:\devkitPro/libogc/lib/cube\libogc.a(lwp_heap.o)
                                 0x19 (size before relaxing)
 .comment       0x00000032        0x0 C:\devkitPro/libogc/lib/cube\libogc.a(video.o)
                                 0x19 (size before relaxing)
 .comment       0x00000032        0x0 C:\devkitPro/libogc/lib/cube\libogc.a(pad.o)
                                 0x19 (size before relaxing)
 .comment       0x00000032        0x0 C:\devkitPro/libogc/lib/cube\libogc.a(exi.o)
                                 0x19 (size before relaxing)
 .comment       0x00000032        0x0 C:\devkitPro/libogc/lib/cube\libogc.a(gx.o)
                                 0x19 (size before relaxing)
 .comment       0x00000032        0x0 C:\devkitPro/libogc/lib/cube\libogc.a(console_font_8x16.o)
                                 0x19 (size before relaxing)
 .comment       0x00000032        0x0 C:\devkitPro/libogc/lib/cube\libogc.a(usbgecko.o)
                                 0x19 (size before relaxing)
 .comment       0x00000032        0x0 C:\devkitPro/libogc/lib/cube\libogc.a(kprintf.o)
                                 0x19 (size before relaxing)
 .comment       0x00000032        0x0 C:\devkitPro/libogc/lib/cube\libogc.a(lwpc_queue.o)
                                 0x19 (size before relaxing)
 .comment       0x00000032        0x0 C:\devkitPro/libogc/lib/cube\libogc.a(lwpc_thread.o)
                                 0x19 (size before relaxing)
 .comment       0x00000032        0x0 C:\devkitPro/libogc/lib/cube\libogc.a(lwp_queue.o)
                                 0x19 (size before relaxing)
 .comment       0x00000032        0x0 C:/devkitPro/devkitPPC/bin/../lib/gcc/powerpc-eabi/16.1.0\libgcc.a(_udivdi3.o)
                                 0x19 (size before relaxing)
 .comment       0x00000032        0x0 C:/devkitPro/devkitPPC/bin/../lib/gcc/powerpc-eabi/16.1.0\libgcc.a(_umoddi3.o)
                                 0x19 (size before relaxing)
 .comment       0x00000032        0x0 C:/devkitPro/devkitPPC/bin/../lib/gcc/powerpc-eabi/16.1.0/crtend.o
                                 0x19 (size before relaxing)
 .comment       0x00000032        0x0 C:/devkitPro/devkitPPC/bin/../lib/gcc/powerpc-eabi/16.1.0/ecrtn.o
                                  0xe (size before relaxing)

.gnu.attributes
                0x00000000       0x10
 .gnu.attributes
                0x00000000       0x10 C:\devkitPro/libogc/lib/cube\libogc.a(gx.o)
 .gnu.attributes
                0x00000010       0x10 C:\devkitPro/libogc/lib/cube\libogc.a(kprintf.o)
 .gnu.attributes
                0x00000020       0x10 C:/devkitPro/devkitPPC/bin/../lib/gcc/powerpc-eabi/16.1.0/../../../../powerpc-eabi/lib\libm.a(libm_a-sf_cos.o)
 .gnu.attributes
                0x00000030       0x10 C:/devkitPro/devkitPPC/bin/../lib/gcc/powerpc-eabi/16.1.0/../../../../powerpc-eabi/lib\libm.a(libm_a-wf_sqrt.o)
 .gnu.attributes
                0x00000040       0x10 C:/devkitPro/devkitPPC/bin/../lib/gcc/powerpc-eabi/16.1.0/../../../../powerpc-eabi/lib\libm.a(libm_a-kf_cos.o)
 .gnu.attributes
                0x00000050       0x10 C:/devkitPro/devkitPPC/bin/../lib/gcc/powerpc-eabi/16.1.0/../../../../powerpc-eabi/lib\libm.a(libm_a-ef_sqrt.o)
 .gnu.attributes