Archive member included to satisfy reference by file (symbol)

C:\devkitPro/libogc/lib/cube\libogc.a(common_crt0.o)
                              (__app_start)
C:\devkitPro/libogc/lib/cube\libogc.a(early_init.o)
                              C:\devkitPro/libogc/lib/cube\libogc.a(common_crt0.o) (PPCEarlyInit)
C:\devkitPro/libogc/lib/cube\libogc.a(default_stacks.o)
                              C:\devkitPro/libogc/lib/cube\libogc.a(common_crt0.o) (__ppc_main_sp)
C:\devkitPro/libogc/lib/cube\libogc.a(cache.o)
                              main.o (PPCDCacheFlushAsync)
C:\devkitPro/libogc/lib/cube\libogc.a(exception.o)
                              C:\devkitPro/libogc/lib/cube\libogc.a(common_crt0.o) (PPCExcptInit)
C:\devkitPro/libogc/lib/cube\libogc.a(exception_asm.o)
                              C:\devkitPro/libogc/lib/cube\libogc.a(exception.o) (PPCExcptEntryGeneral)
C:\devkitPro/libogc/lib/cube\libogc.a(interrupt.o)
                              C:\devkitPro/libogc/lib/cube\libogc.a(common_crt0.o) (KIrqInit)
C:\devkitPro/libogc/lib/cube\libogc.a(interrupt_asm.o)
                              C:\devkitPro/libogc/lib/cube\libogc.a(interrupt.o) (PPCExcptIrqHandler)
C:\devkitPro/libogc/lib/cube\libogc.a(thread.o)
                              C:\devkitPro/libogc/lib/cube\libogc.a(common_crt0.o) (KThreadInit)
C:\devkitPro/libogc/lib/cube\libogc.a(sync.o)
                              C:\devkitPro/libogc/lib/cube\libogc.a(thread.o) (KThreadUpdateDynamicPrio)
C:\devkitPro/libogc/lib/cube\libogc.a(tick.o)
                              C:\devkitPro/libogc/lib/cube\libogc.a(interrupt.o) (KTickTaskRun)
C:\devkitPro/libogc/lib/cube\libogc.a(newlib_syscalls.o)
                              C:\devkitPro/libogc/lib/cube\libogc.a(common_crt0.o) (__newlib_syscalls)
C:\devkitPro/libogc/lib/cube\libogc.a(video.o)
                              main.o (VIDEO_Init)
C:\devkitPro/libogc/lib/cube\libogc.a(pad.o)
                              main.o (PAD_Init)
C:\devkitPro/libogc/lib/cube\libogc.a(system.o)
                              main.o (SYS_MainLoop)
C:\devkitPro/libogc/lib/cube\libogc.a(gx.o)
                              main.o (GX_Flush)
C:\devkitPro/libogc/lib/cube\libogc.a(gu.o)
                              main.o (guOrtho)
C:\devkitPro/libogc/lib/cube\libogc.a(gu_psasm.o)
                              main.o (ps_guMtxIdentity)
C:\devkitPro/libogc/lib/cube\libogc.a(si.o)
                              C:\devkitPro/libogc/lib/cube\libogc.a(pad.o) (SI_Busy)
C:\devkitPro/libogc/lib/cube\libogc.a(timesupp.o)
                              C:\devkitPro/libogc/lib/cube\libogc.a(system.o) (settime)
C:\devkitPro/libogc/lib/cube\libogc.a(sbrk.o)
                              C:\devkitPro/libogc/lib/cube\libogc.a(system.o) (_sbrk_r)
C:\devkitPro/libogc/lib/cube\libogc.a(argv.o)
                              C:\devkitPro/libogc/lib/cube\libogc.a(common_crt0.o) (__CheckARGV)
C:\devkitPro/libogc/lib/cube\libogc.a(default_panic.o)
                              C:\devkitPro/libogc/lib/cube\libogc.a(system.o) (__libogc_panic)
C:\devkitPro/libogc/lib/cube\libogc.a(lwpc_alarm.o)
                              C:\devkitPro/libogc/lib/cube\libogc.a(si.o) (SYS_CreateAlarm)
C:\devkitPro/libogc/lib/cube\libogc.a(lwpc_queue.o)
                              C:\devkitPro/libogc/lib/cube\libogc.a(video.o) (LWP_InitQueue)
C:\devkitPro/libogc/lib/cube\libogc.a(lwpc_thread.o)
                              C:\devkitPro/libogc/lib/cube\libogc.a(gx.o) (LWP_SuspendThread)
C:\devkitPro/libogc/lib/cube\libogc.a(console.o)
                              C:\devkitPro/libogc/lib/cube\libogc.a(default_panic.o) (__console_init)
C:\devkitPro/libogc/lib/cube\libogc.a(lwp_wkspace.o)
                              C:\devkitPro/libogc/lib/cube\libogc.a(lwpc_alarm.o) (__wkspace_heap)
C:\devkitPro/libogc/lib/cube\libogc.a(lwp_heap.o)
                              C:\devkitPro/libogc/lib/cube\libogc.a(lwp_wkspace.o) (__lwp_heap_init)
C:\devkitPro/libogc/lib/cube\libogc.a(exi.o)
                              C:\devkitPro/libogc/lib/cube\libogc.a(system.o) (EXI_Lock)
C:\devkitPro/libogc/lib/cube\libogc.a(cache_asm.o)
                              C:\devkitPro/libogc/lib/cube\libogc.a(system.o) (ICFlashInvalidate)
C:\devkitPro/libogc/lib/cube\libogc.a(console_font_8x16.o)
                              C:\devkitPro/libogc/lib/cube\libogc.a(console.o) (console_font_8x16)
C:\devkitPro/libogc/lib/cube\libogc.a(usbgecko.o)
                              C:\devkitPro/libogc/lib/cube\libogc.a(console.o) (usb_isgeckoalive)
C:\devkitPro/libogc/lib/cube\libogc.a(kprintf.o)
                              C:\devkitPro/libogc/lib/cube\libogc.a(default_panic.o) (kprintf)
C:\devkitPro/libogc/lib/cube\libogc.a(lwp_queue.o)
                              C:\devkitPro/libogc/lib/cube\libogc.a(exi.o) (__lwp_queue_initialize)
C:/devkitPro/devkitPPC/bin/../lib/gcc/powerpc-eabi/16.1.0/../../../../powerpc-eabi/lib\libm.a(libm_a-sf_cos.o)
[...]
Memory Configuration

Name             Origin             Length             Attributes
*default*        0x00000000         0xffffffff

Linker script and memory map

                0x80003100                        . = 0x80003100
                0x00000000                        PROVIDE (__isIPL = 0x0)
                0x800000d0                        PROVIDE (__ppc_excpt_buf = 0x800000d0)
                0x80003000                        PROVIDE (__ppc_excpt_table = 0x80003000)

.init           0x80003100       0xa0
 *(.crt0 .crt0.*)
 .crt0.__app_start
                0x80003100       0xa0 C:\devkitPro/libogc/lib/cube\libogc.a(common_crt0.o)
                0x80003100                __app_start

.text           0x800031a0    0x16f60
 *(SORT_NONE(.init))
 .init          0x800031a0        0xc C:/devkitPro/devkitPPC/bin/../lib/gcc/powerpc-eabi/16.1.0/ecrti.o
                0x800031a0                __init
 .init          0x800031ac        0x4 C:/devkitPro/devkitPPC/bin/../lib/gcc/powerpc-eabi/16.1.0/crtbegin.o
 .init          0x800031b0        0x4 C:/devkitPro/devkitPPC/bin/../lib/gcc/powerpc-eabi/16.1.0/crtend.o
 .init          0x800031b4       0x10 C:/devkitPro/devkitPPC/bin/../lib/gcc/powerpc-eabi/16.1.0/ecrtn.o
 *(.text.unlikely .text.*_unlikely .text.unlikely.*)
 *(.text.exit .text.exit.*)
 .text.exit     0x800031c4       0x3c C:/devkitPro/devkitPPC/bin/../lib/gcc/powerpc-eabi/16.1.0/../../../../powerpc-eabi/lib\libc.a(libc_a-exit.o)
                0x800031c4                exit
 *(.text.startup .text.startup.*)
 .text.startup.main
                0x80003200     0x14dc main.o
                0x80003200                main
 .text.startup.register_fini
                0x800046dc        0xc C:/devkitPro/devkitPPC/bin/../lib/gcc/powerpc-eabi/16.1.0/../../../../powerpc-eabi/lib\libc.a(libc_a-__call_atexit.o)
 *(.text.hot .text.hot.*)
 *(SORT_BY_NAME(.text.sorted.*))
 *(.text .iplt .stub .text.* .gnu.linkonce.t.*)
 .text.__do_global_dtors_aux
                0x800046e8       0xcc C:/devkitPro/devkitPPC/bin/../lib/gcc/powerpc-eabi/16.1.0/crtbegin.o
 .text.frame_dummy
                0x800047b4       0x24 C:/devkitPro/devkitPPC/bin/../lib/gcc/powerpc-eabi/16.1.0/crtbegin.o
 *fill*         0x800047d8        0x0 00000000
 .iplt          0x800047d8        0x0 C:/devkitPro/devkitPPC/bin/../lib/gcc/powerpc-eabi/16.1.0/crtbegin.o
 .text.copy_buffers
                0x800047d8       0x64 main.o
 .text.draw_textured_quad_mode.constprop.0
                0x8000483c      0x15c main.o
 .text.DEBUGPrint
                0x80004998        0x4 C:\devkitPro/libogc/lib/cube\libogc.a(common_crt0.o)
                0x80004998                DEBUGPrint
 .text.__eabi   0x8000499c        0x4 C:\devkitPro/libogc/lib/cube\libogc.a(common_crt0.o)
                0x8000499c                __eabi
 .text.PPCEarlyInit
                0x800049a0       0x24 C:\devkitPro/libogc/lib/cube\libogc.a(early_init.o)
                0x800049a0                PPCEarlyInit
 .text.PPCEarlyInitImpl
                0x800049c4      0x150 C:\devkitPro/libogc/lib/cube\libogc.a(early_init.o)
 *fill*         0x80004b14        0xc 00000000
 .text.PPCHotReset
                0x80004b20       0x70 C:\devkitPro/libogc/lib/cube\libogc.a(early_init.o)
                0x80004b20                PPCHotReset
 .text.PPCDCacheFlushAsync
                0x80004b90       0x28 C:\devkitPro/libogc/lib/cube\libogc.a(cache.o)
                0x80004b90                PPCDCacheFlushAsync
 .text.PPCDCacheInvalidate
                0x80004bb8       0x28 C:\devkitPro/libogc/lib/cube\libogc.a(cache.o)
                0x80004bb8                PPCDCacheInvalidate
 .text.PPCICacheInvalidate
                0x80004be0       0x28 C:\devkitPro/libogc/lib/cube\libogc.a(cache.o)
                0x80004be0                PPCICacheInvalidate
 .text.PPCExcptDefaultPanicFn
                0x80004c08       0xac C:\devkitPro/libogc/lib/cube\libogc.a(exception.o)
 .text.PPCExcptInit
                0x80004cb4      0x140 C:\devkitPro/libogc/lib/cube\libogc.a(exception.o)
                0x80004cb4                PPCExcptInit
 .text.PPCExcptEntryGeneral
                0x80004df4       0x60 C:\devkitPro/libogc/lib/cube\libogc.a(exception_asm.o)
                0x80004df8                PPCExcptEntryGeneral
 .text.PPCExcptEntryFpu
                0x80004e54       0x90 C:\devkitPro/libogc/lib/cube\libogc.a(exception_asm.o)
                0x80004e58                PPCExcptEntryFpu
 .text.PPCExcptFpuHandler
                0x80004ee4      0x260 C:\devkitPro/libogc/lib/cube\libogc.a(exception_asm.o)
 .text.PPCExcptDefaultScHandler
                0x80005144       0x3c C:\devkitPro/libogc/lib/cube\libogc.a(exception_asm.o)
                0x80005144                PPCExcptDefaultScHandler
 .text.PPCExcptDefaultHandler
                0x80005180      0x13c C:\devkitPro/libogc/lib/cube\libogc.a(exception_asm.o)
                0x80005180                PPCExcptDefaultHandler
 .text.KIrqInit
                0x800052bc       0x8c C:\devkitPro/libogc/lib/cube\libogc.a(interrupt.o)
                0x800052bc                KIrqInit
 .text.KIrqDispatch
                0x80005348      0x250 C:\devkitPro/libogc/lib/cube\libogc.a(interrupt.o)
                0x80005348                KIrqDispatch
 .text.KIrqEnable
                0x80005598      0x23c C:\devkitPro/libogc/lib/cube\libogc.a(interrupt.o)
                0x80005598                KIrqEnable
 .text.KIrqDisable
                0x800057d4      0x238 C:\devkitPro/libogc/lib/cube\libogc.a(interrupt.o)
                0x800057d4                KIrqDisable
 .text.KIrqGet  0x80005a0c       0x14 C:\devkitPro/libogc/lib/cube\libogc.a(interrupt.o)
                0x80005a0c                KIrqGet
 .text.KIrqSet  0x80005a20       0x3c C:\devkitPro/libogc/lib/cube\libogc.a(interrupt.o)
                0x80005a20                KIrqSet
 .text.PPCExcptIrqHandler
                0x80005a5c      0x144 C:\devkitPro/libogc/lib/cube\libogc.a(interrupt_asm.o)
                0x80005a5c                PPCExcptIrqHandler
 .text.__PPCContextPrepareToJump
                0x80005ba0       0x4c C:\devkitPro/libogc/lib/cube\libogc.a(interrupt_asm.o)
                0x80005ba0                __PPCContextPrepareToJump
 .text.__PPCContextJump
                0x80005bec        0x8 C:\devkitPro/libogc/lib/cube\libogc.a(interrupt_asm.o)
                0x80005bec                __PPCContextJump
 .text.KThreadIdleMain
                0x80005bf4        0x4 C:\devkitPro/libogc/lib/cube\libogc.a(thread.o)
 .text.__getreent
                0x80005bf8       0x24 C:\devkitPro/libogc/lib/cube\libogc.a(thread.o)
                0x80005bf8                __getreent
 .text.KThreadInit
                0x80005c1c      0x100 C:\devkitPro/libogc/lib/cube\libogc.a(thread.o)
                0x80005c1c                KThreadInit
 .text.KThreadSwitchTo
                0x80005d1c       0x88 C:\devkitPro/libogc/lib/cube\libogc.a(thread.o)
                0x80005d1c                KThreadSwitchTo
 .text.KThreadResume
                0x80005da4       0xa8 C:\devkitPro/libogc/lib/cube\libogc.a(thread.o)
                0x80005da4                KThreadResume
 .text.KThreadSuspend
                0x80005e4c       0xe0 C:\devkitPro/libogc/lib/cube\libogc.a(thread.o)
                0x80005e4c                KThreadSuspend
 .text.KThrQueueBlock
                0x80005f2c      0x108 C:\devkitPro/libogc/lib/cube\libogc.a(thread.o)
                0x80005f2c                KThrQueueBlock
 .text.KThrQueueUnblockAllByValue
                0x80006034      0x154 C:\devkitPro/libogc/lib/cube\libogc.a(thread.o)
                0x80006034                KThrQueueUnblockAllByValue
 .text.KThreadUpdateDynamicPrio
                0x80006188      0x1f4 C:\devkitPro/libogc/lib/cube\libogc.a(sync.o)
                0x80006188                KThreadUpdateDynamicPrio
 .text.KThreadRemoveWaiter
                0x8000637c      0x178 C:\devkitPro/libogc/lib/cube\libogc.a(sync.o)
 .text.KMutexLock
                0x800064f4      0x194 C:\devkitPro/libogc/lib/cube\libogc.a(sync.o)
                0x800064f4                KMutexLock
 .text.KMutexUnlock
                0x80006688      0x104 C:\devkitPro/libogc/lib/cube\libogc.a(sync.o)
                0x80006688                KMutexUnlock
 .text.KTickTaskReschedule
                0x8000678c       0x6c C:\devkitPro/libogc/lib/cube\libogc.a(tick.o)
 .text.KTickTaskRun
                0x800067f8      0x128 C:\devkitPro/libogc/lib/cube\libogc.a(tick.o)
                0x800067f8                KTickTaskRun
 .text.KTickTaskStart
                0x80006920      0x168 C:\devkitPro/libogc/lib/cube\libogc.a(tick.o)
                0x80006920                KTickTaskStart
 .text.KTickTaskStop
                0x80006a88       0xc4 C:\devkitPro/libogc/lib/cube\libogc.a(tick.o)
                0x80006a88                KTickTaskStop
 .text.__syscall_lock_acquire
                0x80006b4c        0x4 C:\devkitPro/libogc/lib/cube\libogc.a(newlib_syscalls.o)
                0x80006b4c                __syscall_lock_acquire
 .text.__syscall_lock_release
                0x80006b50        0x4 C:\devkitPro/libogc/lib/cube\libogc.a(newlib_syscalls.o)
                0x80006b50                __syscall_lock_release
 .text.__syscall_lock_acquire_recursive
                0x80006b54       0x50 C:\devkitPro/libogc/lib/cube\libogc.a(newlib_syscalls.o)
                0x80006b54                __syscall_lock_acquire_recursive
 .text.__syscall_lock_release_recursive
                0x80006ba4       0x18 C:\devkitPro/libogc/lib/cube\libogc.a(newlib_syscalls.o)
                0x80006ba4                __syscall_lock_release_recursive
 .text.__VIRetraceHandler
                0x80006bbc      0x200 C:\devkitPro/libogc/lib/cube\libogc.a(video.o)
 .text.__setFbbRegs.constprop.0
                0x80006dbc      0x194 C:\devkitPro/libogc/lib/cube\libogc.a(video.o)
 .text.__VIClearFramebuffer
                0x80006f50       0x48 C:\devkitPro/libogc/lib/cube\libogc.a(video.o)
                0x80006f50                __VIClearFramebuffer
 .text.VIDEO_Init
                0x80006f98      0x3a0 C:\devkitPro/libogc/lib/cube\libogc.a(video.o)
                0x80006f98                VIDEO_Init
 .text.VIDEO_Configure
                0x80007338      0x5c0 C:\devkitPro/libogc/lib/cube\libogc.a(video.o)
                0x80007338                VIDEO_Configure
 .text.VIDEO_WaitVSync
                0x800078f8       0x68 C:\devkitPro/libogc/lib/cube\libogc.a(video.o)
                0x800078f8                VIDEO_WaitVSync
 .text.VIDEO_SetFramebuffer
                0x80007960       0xc4 C:\devkitPro/libogc/lib/cube\libogc.a(video.o)
                0x80007960                VIDEO_SetFramebuffer
 .text.VIDEO_SetNextFramebuffer
                0x80007a24       0x54 C:\devkitPro/libogc/lib/cube\libogc.a(video.o)
                0x80007a24                VIDEO_SetNextFramebuffer
 .text.VIDEO_Flush
                0x80007a78       0xe8 C:\devkitPro/libogc/lib/cube\libogc.a(video.o)
                0x80007a78                VIDEO_Flush
 .text.VIDEO_SetBlack
                0x80007b60      0x150 C:\devkitPro/libogc/lib/cube\libogc.a(video.o)
                0x80007b60                VIDEO_SetBlack
 .text.VIDEO_GetCurrentTvMode
                0x80007cb0       0x64 C:\devkitPro/libogc/lib/cube\libogc.a(video.o)
                0x80007cb0                VIDEO_GetCurrentTvMode
 .text.VIDEO_GetPreferredMode
                0x80007d14       0xbc C:\devkitPro/libogc/lib/cube\libogc.a(video.o)
                0x80007d14                VIDEO_GetPreferredMode
 .text.VIDEO_GetCurrentLine
                0x80007dd0       0x94 C:\devkitPro/libogc/lib/cube\libogc.a(video.o)
                0x80007dd0                VIDEO_GetCurrentLine
 .text.VIDEO_SetPostRetraceCallback
                0x80007e64       0x2c C:\devkitPro/libogc/lib/cube\libogc.a(video.o)
                0x80007e64                VIDEO_SetPostRetraceCallback
 .text.VIDEO_GetFrameBufferSize
                0x80007e90       0x34 C:\devkitPro/libogc/lib/cube\libogc.a(video.o)
                0x80007e90                VIDEO_GetFrameBufferSize
 .text.SPEC1_MakeStatus
                0x80007ec4      0x104 C:\devkitPro/libogc/lib/cube\libogc.a(pad.o)
 .text.__pad_samplinghandler
                0x80007fc8        0x4 C:\devkitPro/libogc/lib/cube\libogc.a(pad.o)
 .text.__pad_updateorigin
                0x80007fcc       0x98 C:\devkitPro/libogc/lib/cube\libogc.a(pad.o)
 .text.__pad_disable
                0x80008064       0xa0 C:\devkitPro/libogc/lib/cube\libogc.a(pad.o)
 .text.__pad_receivecheckcallback
                0x80008104       0x74 C:\devkitPro/libogc/lib/cube\libogc.a(pad.o)
 .text.__pad_doreset
                0x80008178       0x5c C:\devkitPro/libogc/lib/cube\libogc.a(pad.o)
 .text.__pad_typeandstatuscallback
                0x800081d4      0x1b4 C:\devkitPro/libogc/lib/cube\libogc.a(pad.o)
 .text.__pad_originupdatecallback
                0x80008388       0x2c C:\devkitPro/libogc/lib/cube\libogc.a(pad.o)
 .text.__pad_onreset
                0x800083b4       0xf0 C:\devkitPro/libogc/lib/cube\libogc.a(pad.o)
 .text.SPEC2_MakeStatus
                0x800084a4      0x220 C:\devkitPro/libogc/lib/cube\libogc.a(pad.o)
 .text.__pad_origincallback
                0x800086c4       0x74 C:\devkitPro/libogc/lib/cube\libogc.a(pad.o)
 .text.__pad_probecallback
                0x80008738       0x84 C:\devkitPro/libogc/lib/cube\libogc.a(pad.o)
 .text.__PADDisableRecalibration
                0x800087bc       0x54 C:\devkitPro/libogc/lib/cube\libogc.a(pad.o)
                0x800087bc                __PADDisableRecalibration
 .text.PAD_Reset
                0x80008810       0xdc C:\devkitPro/libogc/lib/cube\libogc.a(pad.o)
                0x80008810                PAD_Reset
 .text.PAD_Read
                0x800088ec      0x2c0 C:\devkitPro/libogc/lib/cube\libogc.a(pad.o)
                0x800088ec                PAD_Read
 .text.PAD_Init
                0x80008bac       0xf8 C:\devkitPro/libogc/lib/cube\libogc.a(pad.o)
                0x80008bac                PAD_Init
 .text.PAD_ScanPads
                0x80008ca4      0x13c C:\devkitPro/libogc/lib/cube\libogc.a(pad.o)
                0x80008ca4                PAD_ScanPads
 .text.PAD_ButtonsDown
                0x80008de0       0x3c C:\devkitPro/libogc/lib/cube\libogc.a(pad.o)
                0x80008de0                PAD_ButtonsDown
 .text.__MEMInterruptHandler
                0x80008e1c       0x14 C:\devkitPro/libogc/lib/cube\libogc.a(system.o)
 .text.__RSWDefaultHandler
                0x80008e30        0x4 C:\devkitPro/libogc/lib/cube\libogc.a(system.o)
 .text.__RSWHandler
                0x80008e34      0x158 C:\devkitPro/libogc/lib/cube\libogc.a(system.o)
 .text.__getrtc
                0x80008f8c      0x148 C:\devkitPro/libogc/lib/cube\libogc.a(system.o)
 .text.__sram_write
                0x800090d4      0x140 C:\devkitPro/libogc/lib/cube\libogc.a(system.o)
 .text.__sram_writecallback
                0x80009214       0x54 C:\devkitPro/libogc/lib/cube\libogc.a(system.o)
 .text.__mem_onreset
                0x80009268       0x48 C:\devkitPro/libogc/lib/cube\libogc.a(system.o)
 .text.__unlocksram
                0x800092b0      0x120 C:\devkitPro/libogc/lib/cube\libogc.a(system.o)
 .text.__call_resetfuncs
                0x800093d0      0x150 C:\devkitPro/libogc/lib/cube\libogc.a(system.o)
 .text.__reload
                0x80009520       0xa4 C:\devkitPro/libogc/lib/cube\libogc.a(system.o)
                0x80009520                __reload
 .text.SYS_MainLoop
                0x800095c4       0x3c C:\devkitPro/libogc/lib/cube\libogc.a(system.o)
                0x800095c4                SYS_MainLoop
 .text.__syscall_malloc_lock
                0x80009600       0x4c C:\devkitPro/libogc/lib/cube\libogc.a(system.o)
                0x80009600                __syscall_malloc_lock
 .text.__syscall_malloc_unlock
                0x8000964c       0x1c C:\devkitPro/libogc/lib/cube\libogc.a(system.o)
                0x8000964c                __syscall_malloc_unlock
 .text.__SYS_LockSram
                0x80009668       0x50 C:\devkitPro/libogc/lib/cube\libogc.a(system.o)
                0x80009668                __SYS_LockSram
 .text.__SYS_UnlockSram
                0x800096b8        0x8 C:\devkitPro/libogc/lib/cube\libogc.a(system.o)
                0x800096b8                __SYS_UnlockSram
 .text.__SYS_GetRTC
                0x800096c0       0xd4 C:\devkitPro/libogc/lib/cube\libogc.a(system.o)
                0x800096c0                __SYS_GetRTC
 .text.__SYS_SetBootTime
                0x80009794      0x124 C:\devkitPro/libogc/lib/cube\libogc.a(system.o)
                0x80009794                __SYS_SetBootTime
 .text.__SYS_PreInit
                0x800098b8        0x4 C:\devkitPro/libogc/lib/cube\libogc.a(system.o)
                0x800098b8                __SYS_PreInit
 .text.__SYS_InstallPanicHandler
                0x800098bc       0x10 C:\devkitPro/libogc/lib/cube\libogc.a(system.o)
                0x800098bc                __SYS_InstallPanicHandler
 .text.SYS_PreMain
                0x800098cc        0x4 C:\devkitPro/libogc/lib/cube\libogc.a(system.o)
                0x800098cc                SYS_PreMain
 .text.SYS_ResetButtonDown
                0x800098d0       0x18 C:\devkitPro/libogc/lib/cube\libogc.a(system.o)
                0x800098d0                SYS_ResetButtonDown
 .text.SYS_ResetSystem
                0x800098e8      0x2a8 C:\devkitPro/libogc/lib/cube\libogc.a(system.o)
                0x800098e8                SYS_ResetSystem
 .text.__syscall_exit
                0x80009b90       0x8c C:\devkitPro/libogc/lib/cube\libogc.a(system.o)
                0x80009b90                __syscall_exit
 .text.SYS_RegisterResetFunc
                0x80009c1c       0x6c C:\devkitPro/libogc/lib/cube\libogc.a(system.o)
                0x80009c1c                SYS_RegisterResetFunc
 .text.SYS_SetArena1Lo
                0x80009c88       0x24 C:\devkitPro/libogc/lib/cube\libogc.a(system.o)
                0x80009c88                SYS_SetArena1Lo
 .text.SYS_GetArena1Lo
                0x80009cac       0x24 C:\devkitPro/libogc/lib/cube\libogc.a(system.o)
                0x80009cac                SYS_GetArena1Lo
 .text.SYS_GetArena1Hi
                0x80009cd0       0x24 C:\devkitPro/libogc/lib/cube\libogc.a(system.o)
                0x80009cd0                SYS_GetArena1Hi
 .text.SYS_AllocateFramebuffer
                0x80009cf4       0x28 C:\devkitPro/libogc/lib/cube\libogc.a(system.o)
                0x80009cf4                SYS_AllocateFramebuffer
 .text.SYS_GetWirelessID
                0x80009d1c       0x78 C:\devkitPro/libogc/lib/cube\libogc.a(system.o)
                0x80009d1c                SYS_GetWirelessID
 .text.SYS_SetWirelessID
                0x80009d94       0x84 C:\devkitPro/libogc/lib/cube\libogc.a(system.o)
                0x80009d94                SYS_SetWirelessID
 .text.SYS_SetGBSMode
                0x80009e18       0x9c C:\devkitPro/libogc/lib/cube\libogc.a(system.o)
                0x80009e18                SYS_SetGBSMode
 .text.__sram_init
                0x80009eb4      0x1b0 C:\devkitPro/libogc/lib/cube\libogc.a(system.o)
                0x80009eb4                __sram_init
 .text.SYS_Init
                0x8000a064      0x4fc C:\devkitPro/libogc/lib/cube\libogc.a(system.o)
                0x8000a064                SYS_Init
 .text.SYS_Time
                0x8000a560       0x54 C:\devkitPro/libogc/lib/cube\libogc.a(system.o)
                0x8000a560                SYS_Time
 .text.__GX_WaitAbort
                0x8000a5b4       0x68 C:\devkitPro/libogc/lib/cube\libogc.a(gx.o)
 .text.__GX_CleanGPFifo
                0x8000a61c      0x178 C:\devkitPro/libogc/lib/cube\libogc.a(gx.o)
 .text.__GXTokenInterruptHandler
                0x8000a794       0x6c C:\devkitPro/libogc/lib/cube\libogc.a(gx.o)
 .text.__GXDefTlutRegionCallback
                0x8000a800       0x18 C:\devkitPro/libogc/lib/cube\libogc.a(gx.o)
 .text.__SetSURegs
                0x8000a818       0x90 C:\devkitPro/libogc/lib/cube\libogc.a(gx.o)
 .text.__SETVCDATTR
                0x8000a8a8      0x230 C:\devkitPro/libogc/lib/cube\libogc.a(gx.o)
 .text.__SETVCDFMT
                0x8000aad8      0x4cc C:\devkitPro/libogc/lib/cube\libogc.a(gx.o)
 .text.__GXCPInterruptHandler
                0x8000afa4      0x14c C:\devkitPro/libogc/lib/cube\libogc.a(gx.o)
 .text.__GXFinishInterruptHandler
                0x8000b0f0       0x58 C:\devkitPro/libogc/lib/cube\libogc.a(gx.o)
 .text.GX_SetTexCoordGen2.part.0
                0x8000b148      0x27c C:\devkitPro/libogc/lib/cube\libogc.a(gx.o)
 .text.__GXDefTexRegionCallback
                0x8000b3c4       0x58 C:\devkitPro/libogc/lib/cube\libogc.a(gx.o)
 .text.GX_InitTexObj.part.0
                0x8000b41c      0x1d8 C:\devkitPro/libogc/lib/cube\libogc.a(gx.o)
 .text.__GX_SetDirtyState
                0x8000b5f4      0x724 C:\devkitPro/libogc/lib/cube\libogc.a(gx.o)
 .text.GX_SetCPUFifo
                0x8000bd18      0x224 C:\devkitPro/libogc/lib/cube\libogc.a(gx.o)
                0x8000bd18                GX_SetCPUFifo
 .text.GX_SetGPFifo
                0x8000bf3c      0x2a8 C:\devkitPro/libogc/lib/cube\libogc.a(gx.o)
                0x8000bf3c                GX_SetGPFifo
 .text.GX_Flush
                0x8000c1e4       0x98 C:\devkitPro/libogc/lib/cube\libogc.a(gx.o)
                0x8000c1e4                GX_Flush
 .text.__gx_onreset
                0x8000c27c       0x8c C:\devkitPro/libogc/lib/cube\libogc.a(gx.o)
 .text.GX_AbortFrame
                0x8000c308       0x6c C:\devkitPro/libogc/lib/cube\libogc.a(gx.o)
                0x8000c308                GX_AbortFrame
 .text.GX_DrawDone
                0x8000c374       0xb0 C:\devkitPro/libogc/lib/cube\libogc.a(gx.o)
                0x8000c374                GX_DrawDone
 .text.GX_SetViewport
                0x8000c424       0x78 C:\devkitPro/libogc/lib/cube\libogc.a(gx.o)
                0x8000c424                GX_SetViewport
 .text.GX_LoadProjectionMtx
                0x8000c49c       0xf0 C:\devkitPro/libogc/lib/cube\libogc.a(gx.o)
                0x8000c49c                GX_LoadProjectionMtx
 .text.GX_SetCopyClear
                0x8000c58c       0x4c C:\devkitPro/libogc/lib/cube\libogc.a(gx.o)
                0x8000c58c                GX_SetCopyClear
 .text.GX_SetDispCopyGamma
                0x8000c5d8       0x18 C:\devkitPro/libogc/lib/cube\libogc.a(gx.o)
                0x8000c5d8                GX_SetDispCopyGamma
 .text.GX_SetCopyFilter
                0x8000c5f0      0x25c C:\devkitPro/libogc/lib/cube\libogc.a(gx.o)
                0x8000c5f0                GX_SetCopyFilter
 .text.GX_SetDispCopyYScale
                0x8000c84c       0xf8 C:\devkitPro/libogc/lib/cube\libogc.a(gx.o)
                0x8000c84c                GX_SetDispCopyYScale
 .text.GX_SetDispCopyDst
                0x8000c944       0x20 C:\devkitPro/libogc/lib/cube\libogc.a(gx.o)
                0x8000c944                GX_SetDispCopyDst
 .text.GX_SetDispCopySrc
                0x8000c964       0x38 C:\devkitPro/libogc/lib/cube\libogc.a(gx.o)
                0x8000c964                GX_SetDispCopySrc
 .text.GX_CopyDisp
                0x8000c99c      0x12c C:\devkitPro/libogc/lib/cube\libogc.a(gx.o)
                0x8000c99c                GX_CopyDisp
 .text.GX_SetVtxDesc
                0x8000cac8       0x34 C:\devkitPro/libogc/lib/cube\libogc.a(gx.o)
                0x8000cac8                GX_SetVtxDesc
 .text.GX_SetVtxAttrFmt
                0x8000cafc       0x54 C:\devkitPro/libogc/lib/cube\libogc.a(gx.o)
                0x8000cafc                GX_SetVtxAttrFmt
 .text.GX_Begin
                0x8000cb50       0x6c C:\devkitPro/libogc/lib/cube\libogc.a(gx.o)
                0x8000cb50                GX_Begin
 .text.GX_SetTexCoordGen
                0x8000cbbc       0x14 C:\devkitPro/libogc/lib/cube\libogc.a(gx.o)
                0x8000cbbc                GX_SetTexCoordGen
 .text.GX_LoadPosMtxImm
                0x8000cbd0       0x50 C:\devkitPro/libogc/lib/cube\libogc.a(gx.o)
                0x8000cbd0                GX_LoadPosMtxImm
 .text.GX_SetNumTexGens
                0x8000cc20       0x28 C:\devkitPro/libogc/lib/cube\libogc.a(gx.o)
                0x8000cc20                GX_SetNumTexGens
 .text.GX_InvVtxCache
                0x8000cc48       0x14 C:\devkitPro/libogc/lib/cube\libogc.a(gx.o)
                0x8000cc48                GX_InvVtxCache
 .text.GX_SetZMode
                0x8000cc5c       0x38 C:\devkitPro/libogc/lib/cube\libogc.a(gx.o)
                0x8000cc5c                GX_SetZMode
 .text.GX_InitTexObj
                0x8000cc94        0xc C:\devkitPro/libogc/lib/cube\libogc.a(gx.o)
                0x8000cc94                GX_InitTexObj
 .text.GX_InitTexObjCI
                0x8000cca0       0x44 C:\devkitPro/libogc/lib/cube\libogc.a(gx.o)
                0x8000cca0                GX_InitTexObjCI
 .text.GX_InitTlutObj
                0x8000cce4       0x24 C:\devkitPro/libogc/lib/cube\libogc.a(gx.o)
                0x8000cce4                GX_InitTlutObj
 .text.GX_LoadTexObjPreloaded
                0x8000cd08      0x188 C:\devkitPro/libogc/lib/cube\libogc.a(gx.o)
                0x8000cd08                GX_LoadTexObjPreloaded
 .text.GX_LoadTexObj
                0x8000ce90       0x58 C:\devkitPro/libogc/lib/cube\libogc.a(gx.o)
                0x8000ce90                GX_LoadTexObj
 .text.GX_InvalidateTexAll
                0x8000cee8       0x50 C:\devkitPro/libogc/lib/cube\libogc.a(gx.o)
                0x8000cee8                GX_InvalidateTexAll
 .text.GX_LoadTlut
                0x8000cf38       0xd8 C:\devkitPro/libogc/lib/cube\libogc.a(gx.o)
                0x8000cf38                GX_LoadTlut
 .text.GX_SetBlendMode
                0x8000d010       0xd4 C:\devkitPro/libogc/lib/cube\libogc.a(gx.o)
                0x8000d010                GX_SetBlendMode
 .text.GX_ClearVtxDesc
                0x8000d0e4       0x38 C:\devkitPro/libogc/lib/cube\libogc.a(gx.o)
                0x8000d0e4                GX_ClearVtxDesc
 .text.GX_SetTevColorIn
                0x8000d11c       0x44 C:\devkitPro/libogc/lib/cube\libogc.a(gx.o)
                0x8000d11c                GX_SetTevColorIn
 .text.GX_SetTevAlphaIn
                0x8000d160       0x44 C:\devkitPro/libogc/lib/cube\libogc.a(gx.o)
                0x8000d160                GX_SetTevAlphaIn
 .text.GX_SetTevColorOp
                0x8000d1a4       0x98 C:\devkitPro/libogc/lib/cube\libogc.a(gx.o)
                0x8000d1a4                GX_SetTevColorOp
 .text.GX_SetTevAlphaOp
                0x8000d23c       0x98 C:\devkitPro/libogc/lib/cube\libogc.a(gx.o)
                0x8000d23c                GX_SetTevAlphaOp
 .text.GX_SetTevOp
                0x8000d2d4      0x170 C:\devkitPro/libogc/lib/cube\libogc.a(gx.o)
                0x8000d2d4                GX_SetTevOp
 .text.GX_SetCullMode
                0x8000d444       0x2c C:\devkitPro/libogc/lib/cube\libogc.a(gx.o)
                0x8000d444                GX_SetCullMode
 .text.GX_SetScissor
                0x8000d470       0x78 C:\devkitPro/libogc/lib/cube\libogc.a(gx.o)
                0x8000d470                GX_SetScissor
 .text.GX_SetNumChans
                0x8000d4e8       0x28 C:\devkitPro/libogc/lib/cube\libogc.a(gx.o)
                0x8000d4e8                GX_SetNumChans
 .text.GX_SetTevOrder
                0x8000d510      0x178 C:\devkitPro/libogc/lib/cube\libogc.a(gx.o)
                0x8000d510                GX_SetTevOrder
 .text.GX_SetTevKColorSel
                0x8000d688       0x54 C:\devkitPro/libogc/lib/cube\libogc.a(gx.o)
                0x8000d688                GX_SetTevKColorSel
 .text.GX_SetTevKAlphaSel
                0x8000d6dc       0x54 C:\devkitPro/libogc/lib/cube\libogc.a(gx.o)
                0x8000d6dc                GX_SetTevKAlphaSel
 .text.GX_SetTevSwapModeTable
                0x8000d730       0x64 C:\devkitPro/libogc/lib/cube\libogc.a(gx.o)
                0x8000d730                GX_SetTevSwapModeTable
 .text.GX_SetFog
                0x8000d794      0x244 C:\devkitPro/libogc/lib/cube\libogc.a(gx.o)
                0x8000d794                GX_SetFog
 .text.GX_SetColorUpdate
                0x8000d9d8       0x30 C:\devkitPro/libogc/lib/cube\libogc.a(gx.o)
                0x8000d9d8                GX_SetColorUpdate
 .text.GX_SetPixelFmt
                0x8000da08       0xe0 C:\devkitPro/libogc/lib/cube\libogc.a(gx.o)
                0x8000da08                GX_SetPixelFmt
 .text.GX_SetFieldMode
                0x8000dae8       0x58 C:\devkitPro/libogc/lib/cube\libogc.a(gx.o)
                0x8000dae8                GX_SetFieldMode
 .text.GX_SetGPMetric
                0x8000db40      0x7fc C:\devkitPro/libogc/lib/cube\libogc.a(gx.o)
                0x8000db40                GX_SetGPMetric
 .text.GX_Init  0x8000e33c     0x11b8 C:\devkitPro/libogc/lib/cube\libogc.a(gx.o)
                0x8000e33c                GX_Init
 .text.guOrtho  0x8000f4f4       0x98 C:\devkitPro/libogc/lib/cube\libogc.a(gu.o)
                0x8000f4f4                guOrtho
 .text          0x8000f58c      0x8dc C:\devkitPro/libogc/lib/cube\libogc.a(gu_psasm.o)
                0x8000f58c                ps_guMtxConcat
                0x8000f650                ps_guMtxIdentity
                0x8000f67c                ps_guMtxCopy
                0x8000f6b0                ps_guMtxTranspose
                0x8000f700                ps_guMtxInverse
                0x8000f7f8                ps_guMtxInvXpose
                0x8000f8c0                ps_guMtxScale
                0x8000f8e8                ps_guMtxScaleApply
                0x8000f940                ps_guMtxApplyScale
                0x8000f9a4                ps_guMtxTrans
                0x8000f9d8                ps_guMtxTransApply
                0x8000fa24                ps_guMtxApplyTrans
                0x8000faa0                ps_guMtxRotTrig
                0x8000fb50                __ps_guMtxRotAxisRadInternal
                0x8000fc10                ps_guMtxReflect
                0x8000fc80                ps_guVecAdd
                0x8000fca4                ps_guVecSub
                0x8000fcc8                ps_guVecScale
                0x8000fce4                ps_guVecNormalize
                0x8000fd28                ps_guVecCross
                0x8000fd64                ps_guVecDotProduct
                0x8000fd84                ps_guVecMultiply
                0x8000fdd8                ps_guVecMultiplySR
                0x8000fe48                ps_guQuatDotProduct
 .text.__si_transfer
                0x8000fe68      0x1b8 C:\devkitPro/libogc/lib/cube\libogc.a(si.o)
 .text.__si_alarmhandler
                0x80010020       0xa0 C:\devkitPro/libogc/lib/cube\libogc.a(si.o)
 .text.__si_completetransfer
                0x800100c0      0x1f4 C:\devkitPro/libogc/lib/cube\libogc.a(si.o)
 .text.__si_transfernext
                0x800102b4       0xd8 C:\devkitPro/libogc/lib/cube\libogc.a(si.o)
 .text.SI_Busy  0x8001038c       0x18 C:\devkitPro/libogc/lib/cube\libogc.a(si.o)
                0x8001038c                SI_Busy
 .text.SI_IsChanBusy
                0x800103a4       0x38 C:\devkitPro/libogc/lib/cube\libogc.a(si.o)
                0x800103a4                SI_IsChanBusy
 .text.SI_EnablePolling
                0x800103dc       0x64 C:\devkitPro/libogc/lib/cube\libogc.a(si.o)
                0x800103dc                SI_EnablePolling
 .text.SI_DisablePolling
                0x80010440       0x44 C:\devkitPro/libogc/lib/cube\libogc.a(si.o)
                0x80010440                SI_DisablePolling
 .text.SI_SetSamplingRate
                0x80010484      0x108 C:\devkitPro/libogc/lib/cube\libogc.a(si.o)
                0x80010484                SI_SetSamplingRate
 .text.SI_RefreshSamplingRate
                0x8001058c        0x8 C:\devkitPro/libogc/lib/cube\libogc.a(si.o)
                0x8001058c                SI_RefreshSamplingRate
 .text.SI_GetStatus
                0x80010594       0x6c C:\devkitPro/libogc/lib/cube\libogc.a(si.o)
                0x80010594                SI_GetStatus
 .text.SI_GetResponseRaw
                0x80010600       0xd4 C:\devkitPro/libogc/lib/cube\libogc.a(si.o)
                0x80010600                SI_GetResponseRaw
 .text.SI_GetResponse
                0x800106d4       0xa4 C:\devkitPro/libogc/lib/cube\libogc.a(si.o)
                0x800106d4                SI_GetResponse
 .text.SI_SetCommand
                0x80010778       0x10 C:\devkitPro/libogc/lib/cube\libogc.a(si.o)
                0x80010778                SI_SetCommand
 .text.SI_Transfer
                0x80010788      0x2cc C:\devkitPro/libogc/lib/cube\libogc.a(si.o)
                0x80010788                SI_Transfer
 .text.__si_gettypecallback
                0x80010a54      0x2b8 C:\devkitPro/libogc/lib/cube\libogc.a(si.o)
 .text.__si_interrupthandler
                0x80010d0c      0x278 C:\devkitPro/libogc/lib/cube\libogc.a(si.o)
 .text.SI_GetType
                0x80010f84      0x1fc C:\devkitPro/libogc/lib/cube\libogc.a(si.o)
                0x80010f84                SI_GetType
 .text.SI_GetTypeAsync
                0x80011180      0x134 C:\devkitPro/libogc/lib/cube\libogc.a(si.o)
                0x80011180                SI_GetTypeAsync
 .text.SI_EnablePollingInterrupt
                0x800112b4       0x80 C:\devkitPro/libogc/lib/cube\libogc.a(si.o)
                0x800112b4                SI_EnablePollingInterrupt
 .text.SI_UnregisterPollingHandler
                0x80011334       0xd8 C:\devkitPro/libogc/lib/cube\libogc.a(si.o)
                0x80011334                SI_UnregisterPollingHandler
 .text.__si_init
                0x8001140c       0xe0 C:\devkitPro/libogc/lib/cube\libogc.a(si.o)
                0x8001140c                __si_init
 .text.settime  0x800114ec       0x14 C:\devkitPro/libogc/lib/cube\libogc.a(timesupp.o)
                0x800114ec                settime
 .text.udelay   0x80011500       0xac C:\devkitPro/libogc/lib/cube\libogc.a(timesupp.o)
                0x80011500                udelay
 .text._sbrk_r  0x800115ac       0xcc C:\devkitPro/libogc/lib/cube\libogc.a(sbrk.o)
                0x800115ac                _sbrk_r
 .text.__CheckARGV
                0x80011678       0x80 C:\devkitPro/libogc/lib/cube\libogc.a(argv.o)
                0x80011678                __CheckARGV
 .text.__libogc_panic
                0x800116f8      0x3cc C:\devkitPro/libogc/lib/cube\libogc.a(default_panic.o)
                0x800116f8                __libogc_panic
 .text.lwpc_alarm_cb
                0x80011ac4       0x10 C:\devkitPro/libogc/lib/cube\libogc.a(lwpc_alarm.o)
 .text.SYS_CreateAlarm
                0x80011ad4       0x74 C:\devkitPro/libogc/lib/cube\libogc.a(lwpc_alarm.o)
                0x80011ad4                SYS_CreateAlarm
 .text.SYS_SetAlarm
                0x80011b48      0x108 C:\devkitPro/libogc/lib/cube\libogc.a(lwpc_alarm.o)
                0x80011b48                SYS_SetAlarm
 .text.SYS_CancelAlarm
                0x80011c50       0x34 C:\devkitPro/libogc/lib/cube\libogc.a(lwpc_alarm.o)
                0x80011c50                SYS_CancelAlarm
 .text.LWP_InitQueue
                0x80011c84       0xdc C:\devkitPro/libogc/lib/cube\libogc.a(lwpc_queue.o)
                0x80011c84                LWP_InitQueue
 .text.LWP_ThreadSleep
                0x80011d60       0x44 C:\devkitPro/libogc/lib/cube\libogc.a(lwpc_queue.o)
                0x80011d60                LWP_ThreadSleep
 .text.LWP_ThreadBroadcast
                0x80011da4       0x1c C:\devkitPro/libogc/lib/cube\libogc.a(lwpc_queue.o)
                0x80011da4                LWP_ThreadBroadcast
 .text.LWP_SuspendThread
                0x80011dc0       0x40 C:\devkitPro/libogc/lib/cube\libogc.a(lwpc_thread.o)
                0x80011dc0                LWP_SuspendThread
 .text.LWP_ResumeThread
                0x80011e00       0x40 C:\devkitPro/libogc/lib/cube\libogc.a(lwpc_thread.o)
                0x80011e00                LWP_ResumeThread
 .text.LWP_GetSelf
                0x80011e40        0xc C:\devkitPro/libogc/lib/cube\libogc.a(lwpc_thread.o)
                0x80011e40                LWP_GetSelf
 .text.RGB8_to_YCbCr
                0x80011e4c      0x144 C:\devkitPro/libogc/lib/cube\libogc.a(console.o)
 .text.__console_drawc.part.0
                0x80011f90      0x274 C:\devkitPro/libogc/lib/cube\libogc.a(console.o)
 .text.__console_clear
                0x80012204      0x190 C:\devkitPro/libogc/lib/cube\libogc.a(console.o)
 .text.__set_default_console
                0x80012394      0x108 C:\devkitPro/libogc/lib/cube\libogc.a(console.o)
 .text.__console_clear_line
                0x8001249c      0x174 C:\devkitPro/libogc/lib/cube\libogc.a(console.o)
 .text.__console_init
                0x80012610       0x54 C:\devkitPro/libogc/lib/cube\libogc.a(console.o)
                0x80012610                __console_init
 .text.newRow   0x80012664      0x134 C:\devkitPro/libogc/lib/cube\libogc.a(console.o)
                0x80012664                newRow
 .text.consolePrintChar.part.0
                0x80012798      0x220 C:\devkitPro/libogc/lib/cube\libogc.a(console.o)
 .text.__console_write
                0x800129b8      0xe60 C:\devkitPro/libogc/lib/cube\libogc.a(console.o)
                0x800129b8                __console_write
 .text.CON_EnableGecko
                0x80013818       0xf8 C:\devkitPro/libogc/lib/cube\libogc.a(console.o)
                0x80013818                CON_EnableGecko
 .text.__lwp_wkspace_init
                0x80013910       0xa4 C:\devkitPro/libogc/lib/cube\libogc.a(lwp_wkspace.o)
                0x80013910                __lwp_wkspace_init
 .text.__lwp_heap_init
                0x800139b4       0x90 C:\devkitPro/libogc/lib/cube\libogc.a(lwp_heap.o)
                0x800139b4                __lwp_heap_init
 .text.__lwp_heap_allocate
                0x80013a44      0x14c C:\devkitPro/libogc/lib/cube\libogc.a(lwp_heap.o)
                0x80013a44                __lwp_heap_allocate
 .text.__exi_irq_handler
                0x80013b90       0x58 C:\devkitPro/libogc/lib/cube\libogc.a(exi.o)
 .text.__ext_irq_handler
                0x80013be8       0xc8 C:\devkitPro/libogc/lib/cube\libogc.a(exi.o)
 .text.__tc_irq_handler
                0x80013cb0      0x164 C:\devkitPro/libogc/lib/cube\libogc.a(exi.o)
 .text.__exi_probe
                0x80013e14      0x23c C:\devkitPro/libogc/lib/cube\libogc.a(exi.o)
 .text.__exi_attach
                0x80014050      0x104 C:\devkitPro/libogc/lib/cube\libogc.a(exi.o)
 .text.EXI_Lock
                0x80014154      0x244 C:\devkitPro/libogc/lib/cube\libogc.a(exi.o)
                0x80014154                EXI_Lock
 .text.EXI_Unlock
                0x80014398      0x290 C:\devkitPro/libogc/lib/cube\libogc.a(exi.o)
                0x80014398                EXI_Unlock
 .text.EXI_Select
                0x80014628      0x204 C:\devkitPro/libogc/lib/cube\libogc.a(exi.o)
                0x80014628                EXI_Select
 .text.EXI_Deselect
                0x8001482c      0x154 C:\devkitPro/libogc/lib/cube\libogc.a(exi.o)
                0x8001482c                EXI_Deselect
 .text.EXI_Sync
                0x80014980      0x114 C:\devkitPro/libogc/lib/cube\libogc.a(exi.o)
                0x80014980                EXI_Sync
 .text.EXI_Imm  0x80014a94      0x1d8 C:\devkitPro/libogc/lib/cube\libogc.a(exi.o)
                0x80014a94                EXI_Imm
 .text.EXI_ImmEx
                0x80014c6c       0xbc C:\devkitPro/libogc/lib/cube\libogc.a(exi.o)
                0x80014c6c                EXI_ImmEx
 .text.EXI_Dma  0x80014d28      0x138 C:\devkitPro/libogc/lib/cube\libogc.a(exi.o)
                0x80014d28                EXI_Dma
 .text.EXI_Detach
                0x80014e60       0xbc C:\devkitPro/libogc/lib/cube\libogc.a(exi.o)
                0x80014e60                EXI_Detach
 .text.EXI_GetID
                0x80014f1c      0x358 C:\devkitPro/libogc/lib/cube\libogc.a(exi.o)
                0x80014f1c                EXI_GetID
 .text.__unlocked_handler
                0x80015274       0x28 C:\devkitPro/libogc/lib/cube\libogc.a(exi.o)
 .text.EXI_ProbeReset
                0x8001529c       0x70 C:\devkitPro/libogc/lib/cube\libogc.a(exi.o)
                0x8001529c                EXI_ProbeReset
 .text.__exi_init
                0x8001530c      0x17c C:\devkitPro/libogc/lib/cube\libogc.a(exi.o)
                0x8001530c                __exi_init
 .text          0x80015488      0x32c C:\devkitPro/libogc/lib/cube\libogc.a(cache_asm.o)
                0x80015488                DCFlashInvalidate
                0x8001549c                DCEnable
                0x800154b0                DCDisable
                0x800154c4                DCFreeze
                0x800154d8                DCUnfreeze
                0x800154ec                ICFlashInvalidate
                0x80015500                ICEnable
                0x80015514                ICDisable
                0x80015528                ICFreeze
                0x8001553c                ICUnfreeze
                0x80015550                L2Init
                0x80015598                L2Enable
                0x800155b4                L2Disable
                0x800155cc                L2GlobalInvalidate
                0x80015624                __LCEnable
                0x800156f0                LCDisable
                0x80015718                LCAllocOneTag
                0x8001572c                LCAllocTags
                0x8001576c                LCLoadBlocks
                0x80015790                LCStoreBlocks
 .text.__usbgecko_exi_unlock
                0x800157b4       0x34 C:\devkitPro/libogc/lib/cube\libogc.a(usbgecko.o)
 .text.usb_isgeckoalive
                0x800157e8      0x1bc C:\devkitPro/libogc/lib/cube\libogc.a(usbgecko.o)
                0x800157e8                usb_isgeckoalive
 .text.usb_sendbuffer_ex
                0x800159a4      0x208 C:\devkitPro/libogc/lib/cube\libogc.a(usbgecko.o)
                0x800159a4                usb_sendbuffer_ex
 .text.usb_sendbuffer
                0x80015bac        0x8 C:\devkitPro/libogc/lib/cube\libogc.a(usbgecko.o)
                0x80015bac                usb_sendbuffer
 .text.usb_sendbuffer_safe_ex
                0x80015bb4      0x2a0 C:\devkitPro/libogc/lib/cube\libogc.a(usbgecko.o)
                0x80015bb4                usb_sendbuffer_safe_ex
 .text.usb_sendbuffer_safe
                0x80015e54        0x8 C:\devkitPro/libogc/lib/cube\libogc.a(usbgecko.o)
                0x80015e54                usb_sendbuffer_safe
 .text._dietPrintDefaultFunc
                0x80015e5c       0xc8 C:\devkitPro/libogc/lib/cube\libogc.a(kprintf.o)
 .text._dietPrintWidth
                0x80015f24       0xe4 C:\devkitPro/libogc/lib/cube\libogc.a(kprintf.o)
                0x80015f24                _dietPrintWidth
 .text._dietPrintHex32
                0x80016008      0x294 C:\devkitPro/libogc/lib/cube\libogc.a(kprintf.o)
 .text._dietPrintHex64
                0x8001629c       0xc8 C:\devkitPro/libogc/lib/cube\libogc.a(kprintf.o)
                0x8001629c                _dietPrintHex64
 .text.dietPrintV
                0x80016364      0x8b4 C:\devkitPro/libogc/lib/cube\libogc.a(kprintf.o)
                0x80016364                dietPrintV
 .text.kprintf  0x80016c18       0x84 C:\devkitPro/libogc/lib/cube\libogc.a(kprintf.o)
                0x80016c18                kprintf
 .text.__lwp_queue_initialize
                0x80016c9c       0x98 C:\devkitPro/libogc/lib/cube\libogc.a(lwp_queue.o)
                0x80016c9c                __lwp_queue_initialize
 .text.__udivdi3
                0x80016d34      0x3c4 C:/devkitPro/devkitPPC/bin/../lib/gcc/powerpc-eabi/16.1.0\libgcc.a(_udivdi3.o)
                0x80016d34                __udivdi3
 .text.build_argv
                0x800170f8      0x130 C:/devkitPro/devkitPPC/bin/../lib/gcc/powerpc-eabi/16.1.0/../../../../powerpc-eabi/lib\libsysbase.a(libsysbase_libsysbase_a-build_argv.o)
                0x800170f8                build_argv
 .text.null_write
                0x80017228        0x8 C:/devkitPro/devkitPPC/bin/../lib/gcc/powerpc-eabi/16.1.0/../../../../powerpc-eabi/lib\libsysbase.a(libsysbase_libsysbase_a-iosupport.o)
 .text.memcpy   0x80017230      0x14c C:/devkitPro/devkitPPC/bin/../lib/gcc/powerpc-eabi/16.1.0/../../../../powerpc-eabi/lib\libc.a(libc_a-memcpy.o)
                0x80017230                memcpy
 .text.memalign
                0x8001737c       0x40 C:/devkitPro/devkitPPC/bin/../lib/gcc/powerpc-eabi/16.1.0/../../../../powerpc-eabi/lib\libc.a(libc_a-malign.o)
                0x8001737c                memalign
 .text._memalign_r
                0x800173bc      0x1dc C:/devkitPro/devkitPPC/bin/../lib/gcc/powerpc-eabi/16.1.0/../../../../powerpc-eabi/lib\libc.a(libc_a-malignr.o)
                0x800173bc                _memalign_r
 .text.__errno  0x80017598       0x20 C:/devkitPro/devkitPPC/bin/../lib/gcc/powerpc-eabi/16.1.0/../../../../powerpc-eabi/lib\libc.a(libc_a-errno.o)
                0x80017598                __errno
 .text.memset   0x800175b8      0x180 C:/devkitPro/devkitPPC/bin/../lib/gcc/powerpc-eabi/16.1.0/../../../../powerpc-eabi/lib\libc.a(libc_a-memset.o)
                0x800175b8                memset
 .text._malloc_r
                0x80017738      0x90c C:/devkitPro/devkitPPC/bin/../lib/gcc/powerpc-eabi/16.1.0/../../../../powerpc-eabi/lib\libc.a(libc_a-mallocr.o)
                0x80017738                _malloc_r
 .text._malloc_trim_r
                0x80018044      0x138 C:/devkitPro/devkitPPC/bin/../lib/gcc/powerpc-eabi/16.1.0/../../../../powerpc-eabi/lib\libc.a(libc_a-freer.o)
                0x80018044                _malloc_trim_r
 .text._free_r  0x8001817c      0x32c C:/devkitPro/devkitPPC/bin/../lib/gcc/powerpc-eabi/16.1.0/../../../../powerpc-eabi/lib\libc.a(libc_a-freer.o)
                0x8001817c                _free_r
 .text.setvbuf  0x800184a8      0x2e4 C:/devkitPro/devkitPPC/bin/../lib/gcc/powerpc-eabi/16.1.0/../../../../powerpc-eabi/lib\libc.a(libc_a-setvbuf.o)
                0x800184a8                setvbuf
 .text.stdio_exit_handler
                0x8001878c       0x1c C:/devkitPro/devkitPPC/bin/../lib/gcc/powerpc-eabi/16.1.0/../../../../powerpc-eabi/lib\libc.a(libc_a-findfp.o)
 .text.cleanup_stdio
                0x800187a8       0x88 C:/devkitPro/devkitPPC/bin/../lib/gcc/powerpc-eabi/16.1.0/../../../../powerpc-eabi/lib\libc.a(libc_a-findfp.o)
 .text.global_stdio_init.part.0
                0x80018830      0x188 C:/devkitPro/devkitPPC/bin/../lib/gcc/powerpc-eabi/16.1.0/../../../../powerpc-eabi/lib\libc.a(libc_a-findfp.o)
 .text.__sinit  0x800189b8       0x8c C:/devkitPro/devkitPPC/bin/../lib/gcc/powerpc-eabi/16.1.0/../../../../powerpc-eabi/lib\libc.a(libc_a-findfp.o)
                0x800189b8                __sinit
 .text.__sfp_lock_acquire
                0x80018a44        0xc C:/devkitPro/devkitPPC/bin/../lib/gcc/powerpc-eabi/16.1.0/../../../../powerpc-eabi/lib\libc.a(libc_a-findfp.o)
                0x80018a44                __sfp_lock_acquire
 .text.__sfp_lock_release
                0x80018a50        0xc C:/devkitPro/devkitPPC/bin/../lib/gcc/powerpc-eabi/16.1.0/../../../../powerpc-eabi/lib\libc.a(libc_a-findfp.o)
                0x80018a50                __sfp_lock_release
 .text.malloc   0x80018a5c       0x58 C:/devkitPro/devkitPPC/bin/../lib/gcc/powerpc-eabi/16.1.0/../../../../powerpc-eabi/lib\libc.a(libc_a-malloc.o)
                0x80018a5c                malloc
 .text.free     0x80018ab4       0x30 C:/devkitPro/devkitPPC/bin/../lib/gcc/powerpc-eabi/16.1.0/../../../../powerpc-eabi/lib\libc.a(libc_a-malloc.o)
                0x80018ab4                free
 .text.write    0x80018ae4       0x50 C:/devkitPro/devkitPPC/bin/../lib/gcc/powerpc-eabi/16.1.0/../../../../powerpc-eabi/lib\libc.a(libc_a-syswrite.o)
                0x80018ae4                write
 .text.__sread  0x80018b34       0x74 C:/devkitPro/devkitPPC/bin/../lib/gcc/powerpc-eabi/16.1.0/../../../../powerpc-eabi/lib\libc.a(libc_a-stdio.o)
                0x80018b34                __sread
 .text.__swrite
                0x80018ba8       0xb0 C:/devkitPro/devkitPPC/bin/../lib/gcc/powerpc-eabi/16.1.0/../../../../powerpc-eabi/lib\libc.a(libc_a-stdio.o)
                0x80018ba8                __swrite
 .text.__sseek  0x80018c58       0x70 C:/devkitPro/devkitPPC/bin/../lib/gcc/powerpc-eabi/16.1.0/../../../../powerpc-eabi/lib\libc.a(libc_a-stdio.o)
                0x80018c58                __sseek
 .text.__sclose
                0x80018cc8        0x8 C:/devkitPro/devkitPPC/bin/../lib/gcc/powerpc-eabi/16.1.0/../../../../powerpc-eabi/lib\libc.a(libc_a-stdio.o)
                0x80018cc8                __sclose
 .text.memmove  0x80018cd0      0x254 C:/devkitPro/devkitPPC/bin/../lib/gcc/powerpc-eabi/16.1.0/../../../../powerpc-eabi/lib\libc.a(libc_a-memmove.o)
                0x80018cd0                memmove
 .text._fclose_r
                0x80018f24      0x1b4 C:/devkitPro/devkitPPC/bin/../lib/gcc/powerpc-eabi/16.1.0/../../../../powerpc-eabi/lib\libc.a(libc_a-fclose.o)
                0x80018f24                _fclose_r
 .text.strnlen  0x800190d8       0xc0 C:/devkitPro/devkitPPC/bin/../lib/gcc/powerpc-eabi/16.1.0/../../../../powerpc-eabi/lib\libc.a(libc_a-strnlen.o)
                0x800190d8                strnlen
 .text._fwalk_sglue
                0x80019198       0xb4 C:/devkitPro/devkitPPC/bin/../lib/gcc/powerpc-eabi/16.1.0/../../../../powerpc-eabi/lib\libc.a(libc_a-fwalk.o)
                0x80019198                _fwalk_sglue
 .text.__swhatbuf_r
                0x8001924c      0x118 C:/devkitPro/devkitPPC/bin/../lib/gcc/powerpc-eabi/16.1.0/../../../../powerpc-eabi/lib\libc.a(libc_a-makebuf.o)
                0x8001924c                __swhatbuf_r
 .text.__sflush_r
                0x80019364      0x300 C:/devkitPro/devkitPPC/bin/../lib/gcc/powerpc-eabi/16.1.0/../../../../powerpc-eabi/lib\libc.a(libc_a-fflush.o)
                0x80019364                __sflush_r
 .text._fflush_r
                0x80019664      0x108 C:/devkitPro/devkitPPC/bin/../lib/gcc/powerpc-eabi/16.1.0/../../../../powerpc-eabi/lib\libc.a(libc_a-fflush.o)
                0x80019664                _fflush_r
 .text.__call_exitprocs
                0x8001976c      0x208 C:/devkitPro/devkitPPC/bin/../lib/gcc/powerpc-eabi/16.1.0/../../../../powerpc-eabi/lib\libc.a(libc_a-__call_atexit.o)
                0x8001976c                __call_exitprocs
 .text.atexit   0x80019974       0x14 C:/devkitPro/devkitPPC/bin/../lib/gcc/powerpc-eabi/16.1.0/../../../../powerpc-eabi/lib\libc.a(libc_a-atexit.o)
                0x80019974                atexit
 .text.__register_exitproc
                0x80019988       0xf4 C:/devkitPro/devkitPPC/bin/../lib/gcc/powerpc-eabi/16.1.0/../../../../powerpc-eabi/lib\libc.a(libc_a-__atexit.o)
                0x80019988                __register_exitproc
 .text._exit    0x80019a7c       0x28 C:/devkitPro/devkitPPC/bin/../lib/gcc/powerpc-eabi/16.1.0/../../../../powerpc-eabi/lib\libsysbase.a(libsysbase_libsysbase_a-_exit.o)
                0x80019a7c                _exit
 .text.__flockfile
                0x80019aa4        0x8 C:/devkitPro/devkitPPC/bin/../lib/gcc/powerpc-eabi/16.1.0/../../../../powerpc-eabi/lib\libsysbase.a(libsysbase_libsysbase_a-flock.o)
                0x80019aa4                __flockfile
 .text.__funlockfile
                0x80019aac        0x8 C:/devkitPro/devkitPPC/bin/../lib/gcc/powerpc-eabi/16.1.0/../../../../powerpc-eabi/lib\libsysbase.a(libsysbase_libsysbase_a-flock.o)
                0x80019aac                __funlockfile
 .text._fstat_r
                0x80019ab4       0xc8 C:/devkitPro/devkitPPC/bin/../lib/gcc/powerpc-eabi/16.1.0/../../../../powerpc-eabi/lib\libsysbase.a(libsysbase_libsysbase_a-fstat.o)
                0x80019ab4                _fstat_r
 .text.__get_handle
                0x80019b7c       0x60 C:/devkitPro/devkitPPC/bin/../lib/gcc/powerpc-eabi/16.1.0/../../../../powerpc-eabi/lib\libsysbase.a(libsysbase_libsysbase_a-handle_manager.o)
                0x80019b7c                __get_handle
 .text._close_r
                0x80019bdc      0x168 C:/devkitPro/devkitPPC/bin/../lib/gcc/powerpc-eabi/16.1.0/../../../../powerpc-eabi/lib\libsysbase.a(libsysbase_libsysbase_a-handle_manager.o)
                0x80019bdc                _close_r
 .text._lseek_r
                0x80019d44       0xf4 C:/devkitPro/devkitPPC/bin/../lib/gcc/powerpc-eabi/16.1.0/../../../../powerpc-eabi/lib\libsysbase.a(libsysbase_libsysbase_a-lseek.o)
                0x80019d44                _lseek_r
 .text._read_r  0x80019e38       0xd8 C:/devkitPro/devkitPPC/bin/../lib/gcc/powerpc-eabi/16.1.0/../../../../powerpc-eabi/lib\libsysbase.a(libsysbase_libsysbase_a-read.o)
                0x80019e38                _read_r
 .text.__libc_lock_acquire
                0x80019f10       0x14 C:/devkitPro/devkitPPC/bin/../lib/gcc/powerpc-eabi/16.1.0/../../../../powerpc-eabi/lib\libsysbase.a(libsysbase_libsysbase_a-syscall_support.o)
                0x80019f10                __libc_lock_acquire
 .text.__libc_lock_release
                0x80019f24       0x14 C:/devkitPro/devkitPPC/bin/../lib/gcc/powerpc-eabi/16.1.0/../../../../powerpc-eabi/lib\libsysbase.a(libsysbase_libsysbase_a-syscall_support.o)
                0x80019f24                __libc_lock_release
 .text.__libc_lock_acquire_recursive
                0x80019f38       0x14 C:/devkitPro/devkitPPC/bin/../lib/gcc/powerpc-eabi/16.1.0/../../../../powerpc-eabi/lib\libsysbase.a(libsysbase_libsysbase_a-syscall_support.o)
                0x80019f38                __libc_lock_acquire_recursive
 .text.__libc_lock_release_recursive
                0x80019f4c       0x14 C:/devkitPro/devkitPPC/bin/../lib/gcc/powerpc-eabi/16.1.0/../../../../powerpc-eabi/lib\libsysbase.a(libsysbase_libsysbase_a-syscall_support.o)
                0x80019f4c                __libc_lock_release_recursive
 .text.__libc_lock_close_recursive
                0x80019f60       0x14 C:/devkitPro/devkitPPC/bin/../lib/gcc/powerpc-eabi/16.1.0/../../../../powerpc-eabi/lib\libsysbase.a(libsysbase_libsysbase_a-syscall_support.o)
                0x80019f60                __libc_lock_close_recursive
 .text.__malloc_lock
                0x80019f74       0x14 C:/devkitPro/devkitPPC/bin/../lib/gcc/powerpc-eabi/16.1.0/../../../../powerpc-eabi/lib\libsysbase.a(libsysbase_libsysbase_a-syscall_support.o)
                0x80019f74                __malloc_lock
 .text.__malloc_unlock
                0x80019f88       0x14 C:/devkitPro/devkitPPC/bin/../lib/gcc/powerpc-eabi/16.1.0/../../../../powerpc-eabi/lib\libsysbase.a(libsysbase_libsysbase_a-syscall_support.o)
                0x80019f88                __malloc_unlock
 .text._write_r
                0x80019f9c       0xd8 C:/devkitPro/devkitPPC/bin/../lib/gcc/powerpc-eabi/16.1.0/../../../../powerpc-eabi/lib\libsysbase.a(libsysbase_libsysbase_a-write.o)
                0x80019f9c                _write_r
 .text.__do_global_ctors_aux
                0x8001a074       0x50 C:/devkitPro/devkitPPC/bin/../lib/gcc/powerpc-eabi/16.1.0/crtend.o
 *(SORT_NONE(.fini))
 .fini          0x8001a0c4        0xc C:/devkitPro/devkitPPC/bin/../lib/gcc/powerpc-eabi/16.1.0/ecrti.o
                0x8001a0c4                __fini
 .fini          0x8001a0d0        0x4 C:/devkitPro/devkitPPC/bin/../lib/gcc/powerpc-eabi/16.1.0/crtbegin.o
 .fini          0x8001a0d4       0x10 C:/devkitPro/devkitPPC/bin/../lib/gcc/powerpc-eabi/16.1.0/ecrtn.o
                0x8001a100                        . = ALIGN (0x20)
 *fill*         0x8001a0e4       0x1c 00000000

.glink          0x8001a100        0x0
 .glink         0x8001a100        0x0 C:/devkitPro/devkitPPC/bin/../lib/gcc/powerpc-eabi/16.1.0/crtbegin.o

.rodata         0x8001a100      0xee4
 *(.rodata.__sys_versioninfo)
 .rodata.__sys_versioninfo
                0x8001a100       0x2d C:\devkitPro/libogc/lib/cube\libogc.a(system.o)
                0x8001a100                __sys_versioninfo
 *(.rodata .rodata.* .gnu.linkonce.r.*)
 *fill*         0x8001a12d        0x3 00000000
 .rodata.cst4   0x8001a130       0xb8 main.o
                                 0x4c (size before relaxing)
 .rodata.PPCExcptDefaultPanicFn.str1.4
                0x8001a1e8      0x2d0 C:\devkitPro/libogc/lib/cube\libogc.a(exception.o)
                                 0x88 (size before relaxing)
 .rodata.CSWTCH.188
                0x8001a4b8       0x14 C:\devkitPro/libogc/lib/cube\libogc.a(video.o)
 .rodata.CSWTCH.187
                0x8001a4cc       0x14 C:\devkitPro/libogc/lib/cube\libogc.a(video.o)
 .rodata.CSWTCH.144
                0x8001a4e0       0x5c C:\devkitPro/libogc/lib/cube\libogc.a(video.o)
 .rodata.video_timing
                0x8001a53c      0x110 C:\devkitPro/libogc/lib/cube\libogc.a(video.o)
 .rodata._dsp_initcode
                0x8001a64c       0x80 C:\devkitPro/libogc/lib/cube\libogc.a(system.o)
 .rodata.__SETVCDATTR
                0x8001a6cc       0x68 C:\devkitPro/libogc/lib/cube\libogc.a(gx.o)
 .rodata.GX_SetTexCoordGen2.part.0
                0x8001a734       0x20 C:\devkitPro/libogc/lib/cube\libogc.a(gx.o)
 .rodata.GX_InitTexObj.part.0
                0x8001a754       0x3c C:\devkitPro/libogc/lib/cube\libogc.a(gx.o)
 .rodata.GX_SetTevOp
                0x8001a790       0x14 C:\devkitPro/libogc/lib/cube\libogc.a(gx.o)
 .rodata.GX_SetGPMetric
                0x8001a7a4       0xe4 C:\devkitPro/libogc/lib/cube\libogc.a(gx.o)
 .rodata.CSWTCH.1076
                0x8001a888       0x15 C:\devkitPro/libogc/lib/cube\libogc.a(gx.o)
 *fill*         0x8001a89d        0x3 00000000
 .rodata.CSWTCH.1075
                0x8001a8a0       0x15 C:\devkitPro/libogc/lib/cube\libogc.a(gx.o)
 *fill*         0x8001a8b5        0x3 00000000
 .rodata._gxtevcolid
                0x8001a8b8        0x9 C:\devkitPro/libogc/lib/cube\libogc.a(gx.o)
 .rodata.cst4   0x8001a8c1        0x0 C:\devkitPro/libogc/lib/cube\libogc.a(gx.o)
                                 0x70 (size before relaxing)
 *fill*         0x8001a8c1        0x3 00000000
 .rodata        0x8001a8c4       0x50 C:\devkitPro/libogc/lib/cube\libogc.a(gx.o)
 .rodata.cst4   0x8001a914        0x0 C:\devkitPro/libogc/lib/cube\libogc.a(gu.o)
                                 0x20 (size before relaxing)
 .rodata.__libogc_panic.str1.4
                0x8001a914        0x0 C:\devkitPro/libogc/lib/cube\libogc.a(default_panic.o)
                                0x191 (size before relaxing)
 .rodata.str1.4
                0x8001a914        0x0 C:\devkitPro/libogc/lib/cube\libogc.a(default_panic.o)
                                 0x89 (size before relaxing)
 .rodata.exception_name
                0x8001a914       0x50 C:\devkitPro/libogc/lib/cube\libogc.a(default_panic.o)
 .rodata.__console_write
                0x8001a964      0x478 C:\devkitPro/libogc/lib/cube\libogc.a(console.o)
 .rodata.grayScale
                0x8001addc       0x18 C:\devkitPro/libogc/lib/cube\libogc.a(console.o)
 .rodata.colorTable
                0x8001adf4       0x60 C:\devkitPro/libogc/lib/cube\libogc.a(console.o)
 .rodata.str1.4
                0x8001ae54        0x0 C:\devkitPro/libogc/lib/cube\libogc.a(console.o)
                                  0x7 (size before relaxing)
 .rodata.dotab_stdout
                0x8001ae54       0x80 C:\devkitPro/libogc/lib/cube\libogc.a(console.o)
                0x8001ae54                dotab_stdout
 .rodata.dietPrintV.str1.4
                0x8001aed4        0x0 C:\devkitPro/libogc/lib/cube\libogc.a(kprintf.o)
                                 0x1a (size before relaxing)
 .rodata.dietPrintV
                0x8001aed4       0x90 C:\devkitPro/libogc/lib/cube\libogc.a(kprintf.o)
 .rodata.str1.4
                0x8001af64        0x0 C:/devkitPro/devkitPPC/bin/../lib/gcc/powerpc-eabi/16.1.0/../../../../powerpc-eabi/lib\libsysbase.a(libsysbase_libsysbase_a-iosupport.o)
                                  0x8 (size before relaxing)
 .rodata.dotab_stdnull
                0x8001af64       0x80 C:/devkitPro/devkitPPC/bin/../lib/gcc/powerpc-eabi/16.1.0/../../../../powerpc-eabi/lib\libsysbase.a(libsysbase_libsysbase_a-iosupport.o)
                0x8001af64                dotab_stdnull
 *(.rodata1)
 *(.fixup)
 *(.got1)
 *(.got2)
 *(.branch_lt)
 .branch_lt     0x8001afe4        0x0 C:/devkitPro/devkitPPC/bin/../lib/gcc/powerpc-eabi/16.1.0/crtbegin.o
 *(.got)
 *(.plt)

.sdata2         0x8001afe4       0x4a
 *(.sdata2 .sdata2.* .gnu.linkonce.s2.*)
 .sdata2        0x8001afe4        0x0 C:/devkitPro/devkitPPC/bin/../lib/gcc/powerpc-eabi/16.1.0/ecrti.o
                0x8001afe4                __SDATA2_START__
 .sdata2        0x8001afe4        0x0 C:/devkitPro/devkitPPC/bin/../lib/gcc/powerpc-eabi/16.1.0/crtbegin.o
                0x80022fe4                _SDA2_BASE_
 .sdata2.__sys_inIPL
                0x8001afe4        0x4 C:\devkitPro/libogc/lib/cube\libogc.a(system.o)
 .sdata2.cm2hw.0
                0x8001afe8        0x4 C:\devkitPro/libogc/lib/cube\libogc.a(gx.o)
 .sdata2._gxtextlutids
                0x8001afec        0x8 C:\devkitPro/libogc/lib/cube\libogc.a(gx.o)
 .sdata2._gxteximg3ids
                0x8001aff4        0x8 C:\devkitPro/libogc/lib/cube\libogc.a(gx.o)
 .sdata2._gxteximg2ids
                0x8001affc        0x8 C:\devkitPro/libogc/lib/cube\libogc.a(gx.o)
 .sdata2._gxteximg1ids
                0x8001b004        0x8 C:\devkitPro/libogc/lib/cube\libogc.a(gx.o)
 .sdata2._gxteximg0ids
                0x8001b00c        0x8 C:\devkitPro/libogc/lib/cube\libogc.a(gx.o)
 .sdata2._gxtexmode1ids
                0x8001b014        0x8 C:\devkitPro/libogc/lib/cube\libogc.a(gx.o)
 .sdata2._gxtexmode0ids
                0x8001b01c        0x8 C:\devkitPro/libogc/lib/cube\libogc.a(gx.o)
 .sdata2.wgPipe
                0x8001b024        0x4 C:\devkitPro/libogc/lib/cube\libogc.a(gx.o)
                0x8001b024                wgPipe
 .sdata2.colorCube
                0x8001b028        0x6 C:\devkitPro/libogc/lib/cube\libogc.a(console.o)
 *(.sbss2 .sbss2.* .gnu.linkonce.sb2.*)

.eh_frame_hdr   0x8001b030      0x964
 *(.eh_frame_hdr)
 .eh_frame_hdr  0x8001b030      0x964 C:/devkitPro/devkitPPC/bin/../lib/gcc/powerpc-eabi/16.1.0/../../../../powerpc-eabi/lib/crtmain.o
                0x8001b030                __GNU_EH_FRAME_HDR
 *(.eh_frame_entry .eh_frame_entry.*)

.rela.dyn       0x8001b994        0x0
 .rela.iplt     0x8001b994        0x0 C:/devkitPro/devkitPPC/bin/../lib/gcc/powerpc-eabi/16.1.0/crtbegin.o
 .rela.text.__do_global_dtors_aux
                0x8001b994        0x0 C:/devkitPro/devkitPPC/bin/../lib/gcc/powerpc-eabi/16.1.0/crtbegin.o
 .rela.text.frame_dummy
                0x8001b994        0x0 C:/devkitPro/devkitPPC/bin/../lib/gcc/powerpc-eabi/16.1.0/crtbegin.o
 .rela.crt0.__app_start
                0x8001b994        0x0 C:/devkitPro/devkitPPC/bin/../lib/gcc/powerpc-eabi/16.1.0/crtbegin.o
 .rela.text.__libc_lock_close_recursive
                0x8001b994        0x0 C:/devkitPro/devkitPPC/bin/../lib/gcc/powerpc-eabi/16.1.0/crtbegin.o

.eh_frame       0x8001b994     0x2cdc
 *(.eh_frame)
 .eh_frame      0x8001b994        0x0 C:/devkitPro/devkitPPC/bin/../lib/gcc/powerpc-eabi/16.1.0/ecrti.o
                0x8001b994                __EH_FRAME_BEGIN__
 .eh_frame      0x8001b994        0x0 C:/devkitPro/devkitPPC/bin/../lib/gcc/powerpc-eabi/16.1.0/crtbegin.o
 .eh_frame      0x8001b994        0x0 C:/devkitPro/devkitPPC/bin/../lib/gcc/powerpc-eabi/16.1.0/crtbegin.o
 .eh_frame      0x8001b994        0x0 C:/devkitPro/devkitPPC/bin/../lib/gcc/powerpc-eabi/16.1.0/../../../../powerpc-eabi/lib/crtmain.o
                                 0x34 (size before relaxing)
 .eh_frame      0x8001b994       0xd0 main.o
 .eh_frame      0x8001ba64       0x3c C:\devkitPro/libogc/lib/cube\libogc.a(cache.o)
                                 0x8c (size before relaxing)
 .eh_frame      0x8001baa0       0x64 C:\devkitPro/libogc/lib/cube\libogc.a(exception.o)
                                 0x78 (size before relaxing)
 .eh_frame      0x8001bb04       0x78 C:\devkitPro/libogc/lib/cube\libogc.a(interrupt.o)
                                 0x8c (size before relaxing)
 .eh_frame      0x8001bb7c       0xc8 C:\devkitPro/libogc/lib/cube\libogc.a(thread.o)
                                0x234 (size before relaxing)
 .eh_frame      0x8001bc44       0x94 C:\devkitPro/libogc/lib/cube\libogc.a(sync.o)
                                0x13c (size before relaxing)
 .eh_frame      0x8001bcd8       0x8c C:\devkitPro/libogc/lib/cube\libogc.a(tick.o)
                                 0xa0 (size before relaxing)
 .eh_frame      0x8001bd64       0x5c C:\devkitPro/libogc/lib/cube\libogc.a(newlib_syscalls.o)
                                0x1f8 (size before relaxing)
 .eh_frame      0x8001bdc0      0x20c C:\devkitPro/libogc/lib/cube\libogc.a(video.o)
                                0x2d0 (size before relaxing)
 .eh_frame      0x8001bfcc      0x2c4 C:\devkitPro/libogc/lib/cube\libogc.a(pad.o)
                                0x460 (size before relaxing)
 .eh_frame      0x8001c290      0x490 C:\devkitPro/libogc/lib/cube\libogc.a(system.o)
                                0x8bc (size before relaxing)
 .eh_frame      0x8001c720      0x694 C:\devkitPro/libogc/lib/cube\libogc.a(gx.o)
                               0x1568 (size before relaxing)
 .eh_frame      0x8001cdb4       0x14 C:\devkitPro/libogc/lib/cube\libogc.a(gu.o)
                                0x578 (size before relaxing)
 .eh_frame      0x8001cdc8      0x3f0 C:\devkitPro/libogc/lib/cube\libogc.a(si.o)
                                0x4b8 (size before relaxing)
 .eh_frame      0x8001d1b8       0x3c C:\devkitPro/libogc/lib/cube\libogc.a(timesupp.o)
                                0x150 (size before relaxing)
 .eh_frame      0x8001d1f4       0x3c C:\devkitPro/libogc/lib/cube\libogc.a(sbrk.o)
                                 0x50 (size before relaxing)
 .eh_frame      0x8001d230       0x20 C:\devkitPro/libogc/lib/cube\libogc.a(argv.o)
                                 0x34 (size before relaxing)
 .eh_frame      0x8001d250       0x3c C:\devkitPro/libogc/lib/cube\libogc.a(default_panic.o)
                                 0x64 (size before relaxing)
 .eh_frame      0x8001d28c       0x9c C:\devkitPro/libogc/lib/cube\libogc.a(lwpc_alarm.o)
                                0x12c (size before relaxing)
 .eh_frame      0x8001d328       0x48 C:\devkitPro/libogc/lib/cube\libogc.a(lwpc_queue.o)
                                 0x84 (size before relaxing)
 .eh_frame      0x8001d370       0x54 C:\devkitPro/libogc/lib/cube\libogc.a(lwpc_thread.o)
                                0x138 (size before relaxing)
 .eh_frame      0x8001d3c4      0x250 C:\devkitPro/libogc/lib/cube\libogc.a(console.o)
                                0x404 (size before relaxing)
 .eh_frame      0x8001d614       0x2c C:\devkitPro/libogc/lib/cube\libogc.a(lwp_wkspace.o)
                                 0xa4 (size before relaxing)
 .eh_frame      0x8001d640       0x28 C:\devkitPro/libogc/lib/cube\libogc.a(lwp_heap.o)
                                 0x64 (size before relaxing)
 .eh_frame      0x8001d668      0x3c4 C:\devkitPro/libogc/lib/cube\libogc.a(exi.o)
                                0x608 (size before relaxing)
 .eh_frame      0x8001da2c      0x154 C:\devkitPro/libogc/lib/cube\libogc.a(usbgecko.o)
                                0x404 (size before relaxing)
 .eh_frame      0x8001db80      0x158 C:\devkitPro/libogc/lib/cube\libogc.a(kprintf.o)
                                0x1a8 (size before relaxing)
 .eh_frame      0x8001dcd8       0x14 C:\devkitPro/libogc/lib/cube\libogc.a(lwp_queue.o)
                                 0x78 (size before relaxing)
 .eh_frame      0x8001dcec        0x0 C:/devkitPro/devkitPPC/bin/../lib/gcc/powerpc-eabi/16.1.0/../../../../powerpc-eabi/lib\libm.a(libm_a-sf_cos.o)
                                 0x54 (size before relaxing)
 .eh_frame      0x8001dcec        0x0 C:/devkitPro/devkitPPC/bin/../lib/gcc/powerpc-eabi/16.1.0/../../../../powerpc-eabi/lib\libm.a(libm_a-wf_sqrt.o)
                                 0x44 (size before relaxing)
 .eh_frame      0x8001dcec        0x0 C:/devkitPro/devkitPPC/bin/../lib/gcc/powerpc-eabi/16.1.0/../../../../powerpc-eabi/lib\libm.a(libm_a-sf_tan.o)
                                 0x44 (size before relaxing)
 .eh_frame      0x8001dcec        0x0 C:/devkitPro/devkitPPC/bin/../lib/gcc/powerpc-eabi/16.1.0/../../../../powerpc-eabi/lib\libm.a(libm_a-kf_cos.o)
                                 0x38 (size before relaxing)
 .eh_frame      0x8001dcec        0x0 C:/devkitPro/devkitPPC/bin/../lib/gcc/powerpc-eabi/16.1.0/../../../../powerpc-eabi/lib\libm.a(libm_a-wf_sincos.o)
                                 0x40 (size before relaxing)
 .eh_frame      0x8001dcec        0x0 C:/devkitPro/devkitPPC/bin/../lib/gcc/powerpc-eabi/16.1.0/../../../../powerpc-eabi/lib\libm.a(libm_a-ef_sqrt.o)
                                 0x3c (size before relaxing)
 .eh_frame      0x8001dcec        0x0 C:/devkitPro/devkitPPC/bin/../lib/gcc/powerpc-eabi/16.1.0/../../../../powerpc-eabi/lib\libm.a(libm_a-kf_sin.o)
                                 0x34 (size before relaxing)
 .eh_frame      0x8001dcec        0x0 C:/devkitPro/devkitPPC/bin/../lib/gcc/powerpc-eabi/16.1.0/../../../../powerpc-eabi/lib\libm.a(libm_a-ef_rem_pio2.o)
                                 0x60 (size before relaxing)
 .eh_frame      0x8001dcec        0x0 C:/devkitPro/devkitPPC/bin/../lib/gcc/powerpc-eabi/16.1.0/../../../../powerpc-eabi/lib\libm.a(libm_a-kf_tan.o)
                                 0x48 (size before relaxing)
 .eh_frame      0x8001dcec        0x0 C:/devkitPro/devkitPPC/bin/../lib/gcc/powerpc-eabi/16.1.0/../../../../powerpc-eabi/lib\libm.a(libm_a-sf_fabs.o)
                                 0x2c (size before relaxing)
 .eh_frame      0x8001dcec        0x0 C:/devkitPro/devkitPPC/bin/../lib/gcc/powerpc-eabi/16.1.0/../../../../powerpc-eabi/lib\libm.a(libm_a-kf_rem_pio2.o)
                                 0x84 (size before relaxing)
 .eh_frame      0x8001dcec        0x0 C:/devkitPro/devkitPPC/bin/../lib/gcc/powerpc-eabi/16.1.0/../../../../powerpc-eabi/lib\libm.a(libm_a-sf_floor.o)
                                 0x34 (size before relaxing)
 .eh_frame      0x8001dcec        0x0 C:/devkitPro/devkitPPC/bin/../lib/gcc/powerpc-eabi/16.1.0/../../../../powerpc-eabi/lib\libm.a(libm_a-sf_scalbn.o)
                                 0x3c (size before relaxing)
 .eh_frame      0x8001dcec        0x0 C:/devkitPro/devkitPPC/bin/../lib/gcc/powerpc-eabi/16.1.0/../../../../powerpc-eabi/lib\libm.a(libm_a-sf_sin.o)
                                 0x54 (size before relaxing)
 .eh_frame      0x8001dcec       0x30 C:/devkitPro/devkitPPC/bin/../lib/gcc/powerpc-eabi/16.1.0\libgcc.a(_udivdi3.o)
                                 0x44 (size before relaxing)
 .eh_frame      0x8001dd1c        0x0 C:/devkitPro/devkitPPC/bin/../lib/gcc/powerpc-eabi/16.1.0\libgcc.a(_umoddi3.o)
                                 0x40 (size before relaxing)
 .eh_frame      0x8001dd1c       0x14 C:/devkitPro/devkitPPC/bin/../lib/gcc/powerpc-eabi/16.1.0/../../../../powerpc-eabi/lib\libsysbase.a(libsysbase_libsysbase_a-build_argv.o)
                                 0x28 (size before relaxing)
 .eh_frame      0x8001dd30       0x14 C:/devkitPro/devkitPPC/bin/../lib/gcc/powerpc-eabi/16.1.0/../../../../powerpc-eabi/lib\libsysbase.a(libsysbase_libsysbase_a-iosupport.o)
                                0x128 (size before relaxing)
 .eh_frame      0x8001dd44        0x0 C:/devkitPro/devkitPPC/bin/../lib/gcc/powerpc-eabi/16.1.0/../../../../powerpc-eabi/lib\libsysbase.a(libsysbase_libsysbase_a-usleep.o)
                                 0x40 (size before relaxing)
 .eh_frame      0x8001dd44        0x0 C:/devkitPro/devkitPPC/bin/../lib/gcc/powerpc-eabi/16.1.0/../../../../powerpc-eabi/lib\libsysbase.a(libsysbase_libsysbase_a-nanosleep.o)
                                 0x38 (size before relaxing)
 .eh_frame      0x8001dd44       0x14 C:/devkitPro/devkitPPC/bin/../lib/gcc/powerpc-eabi/16.1.0/../../../../powerpc-eabi/lib\libc.a(libc_a-memcpy.o)
                                 0x28 (size before relaxing)
 .eh_frame      0x8001dd58        0x0 C:/devkitPro/devkitPPC/bin/../lib/gcc/powerpc-eabi/16.1.0/../../../../powerpc-eabi/lib\libc.a(libc_a-strlen.o)
                                 0x28 (size before relaxing)
 .eh_frame      0x8001dd58       0x2c C:/devkitPro/devkitPPC/bin/../lib/gcc/powerpc-eabi/16.1.0/../../../../powerpc-eabi/lib\libc.a(libc_a-malign.o)
                                 0x40 (size before relaxing)
 .eh_frame      0x8001dd84        0x0 C:/devkitPro/devkitPPC/bin/../lib/gcc/powerpc-eabi/16.1.0/../../../../powerpc-eabi/lib\libc.a(libc_a-printf.o)
                                 0x5c (size before relaxing)
 .eh_frame      0x8001dd84        0x0 C:/devkitPro/devkitPPC/bin/../lib/gcc/powerpc-eabi/16.1.0/../../../../powerpc-eabi/lib\libc.a(libc_a-strchr.o)
                                 0x28 (size before relaxing)
 .eh_frame      0x8001dd84       0x60 C:/devkitPro/devkitPPC/bin/../lib/gcc/powerpc-eabi/16.1.0/../../../../powerpc-eabi/lib\libc.a(libc_a-malignr.o)
                                 0x74 (size before relaxing)
 .eh_frame      0x8001dde4       0x20 C:/devkitPro/devkitPPC/bin/../lib/gcc/powerpc-eabi/16.1.0/../../../../powerpc-eabi/lib\libc.a(libc_a-errno.o)
                                 0x34 (size before relaxing)
 .eh_frame      0x8001de04       0x14 C:/devkitPro/devkitPPC/bin/../lib/gcc/powerpc-eabi/16.1.0/../../../../powerpc-eabi/lib\libc.a(libc_a-memset.o)
                                 0x28 (size before relaxing)
 .eh_frame      0x8001de18       0x64 C:/devkitPro/devkitPPC/bin/../lib/gcc/powerpc-eabi/16.1.0/../../../../powerpc-eabi/lib\libc.a(libc_a-mallocr.o)
                                 0x78 (size before relaxing)
 .eh_frame      0x8001de7c       0x8c C:/devkitPro/devkitPPC/bin/../lib/gcc/powerpc-eabi/16.1.0/../../../../powerpc-eabi/lib\libc.a(libc_a-freer.o)
                                 0xa0 (size before relaxing)
 .eh_frame      0x8001df08       0x44 C:/devkitPro/devkitPPC/bin/../lib/gcc/powerpc-eabi/16.1.0/../../../../powerpc-eabi/lib\libc.a(libc_a-setvbuf.o)
                                 0x58 (size before relaxing)
 .eh_frame      0x8001df4c       0xd8 C:/devkitPro/devkitPPC/bin/../lib/gcc/powerpc-eabi/16.1.0/../../../../powerpc-eabi/lib\libc.a(libc_a-findfp.o)
                                0x1a0 (size before relaxing)
 .eh_frame      0x8001e024        0x0 C:/devkitPro/devkitPPC/bin/../lib/gcc/powerpc-eabi/16.1.0/../../../../powerpc-eabi/lib\libc.a(libc_a-strcmp.o)
                                 0x28 (size before relaxing)
 .eh_frame      0x8001e024       0x58 C:/devkitPro/devkitPPC/bin/../lib/gcc/powerpc-eabi/16.1.0/../../../../powerpc-eabi/lib\libc.a(libc_a-malloc.o)
                                 0x6c (size before relaxing)
 .eh_frame      0x8001e07c       0x30 C:/devkitPro/devkitPPC/bin/../lib/gcc/powerpc-eabi/16.1.0/../../../../powerpc-eabi/lib\libc.a(libc_a-syswrite.o)
                                 0x44 (size before relaxing)
 .eh_frame      0x8001e0ac       0xa0 C:/devkitPro/devkitPPC/bin/../lib/gcc/powerpc-eabi/16.1.0/../../../../powerpc-eabi/lib\libc.a(libc_a-stdio.o)
                                 0xc8 (size before relaxing)
 .eh_frame      0x8001e14c       0x14 C:/devkitPro/devkitPPC/bin/../lib/gcc/powerpc-eabi/16.1.0/../../../../powerpc-eabi/lib\libc.a(libc_a-memmove.o)
                                 0x28 (size before relaxing)
 .eh_frame      0x8001e160       0x48 C:/devkitPro/devkitPPC/bin/../lib/gcc/powerpc-eabi/16.1.0/../../../../powerpc-eabi/lib\libc.a(libc_a-fclose.o)
                                 0x84 (size before relaxing)
 .eh_frame      0x8001e1a8       0x20 C:/devkitPro/devkitPPC/bin/../lib/gcc/powerpc-eabi/16.1.0/../../../../powerpc-eabi/lib\libc.a(libc_a-exit.o)
                                 0x34 (size before relaxing)
 .eh_frame      0x8001e1c8       0x14 C:/devkitPro/devkitPPC/bin/../lib/gcc/powerpc-eabi/16.1.0/../../../../powerpc-eabi/lib\libc.a(libc_a-strnlen.o)
                                 0x28 (size before relaxing)
 .eh_frame      0x8001e1dc        0x0 C:/devkitPro/devkitPPC/bin/../lib/gcc/powerpc-eabi/16.1.0/../../../../powerpc-eabi/lib\libc.a(libc_a-strncmp.o)
                                 0x28 (size before relaxing)
 .eh_frame      0x8001e1dc       0x34 C:/devkitPro/devkitPPC/bin/../lib/gcc/powerpc-eabi/16.1.0/../../../../powerpc-eabi/lib\libc.a(libc_a-fwalk.o)
                                 0x48 (size before relaxing)
 .eh_frame      0x8001e210        0x0 C:/devkitPro/devkitPPC/bin/../lib/gcc/powerpc-eabi/16.1.0/../../../../powerpc-eabi/lib\libc.a(libc_a-vfprintf.o)
                                0x128 (size before relaxing)
 .eh_frame      0x8001e210        0x0 C:/devkitPro/devkitPPC/bin/../lib/gcc/powerpc-eabi/16.1.0/../../../../powerpc-eabi/lib\libc.a(libc_a-wcrtomb.o)
                                 0x90 (size before relaxing)
 .eh_frame      0x8001e210        0x0 C:/devkitPro/devkitPPC/bin/../lib/gcc/powerpc-eabi/16.1.0/../../../../powerpc-eabi/lib\libc.a(libc_a-svfiprintf.o)
                                 0xcc (size before relaxing)
 .eh_frame      0x8001e210        0x0 C:/devkitPro/devkitPPC/bin/../lib/gcc/powerpc-eabi/16.1.0/../../../../powerpc-eabi/lib\libc.a(libc_a-memchr.o)
                                 0x28 (size before relaxing)
 .eh_frame      0x8001e210        0x0 C:/devkitPro/devkitPPC/bin/../lib/gcc/powerpc-eabi/16.1.0/../../../../powerpc-eabi/lib\libc.a(libc_a-ssprint_r.o)
                                 0x70 (size before relaxing)
 .eh_frame      0x8001e210       0x34 C:/devkitPro/devkitPPC/bin/../lib/gcc/powerpc-eabi/16.1.0/../../../../powerpc-eabi/lib\libc.a(libc_a-makebuf.o)
                                 0xac (size before relaxing)
 .eh_frame      0x8001e244        0x0 C:/devkitPro/devkitPPC/bin/../lib/gcc/powerpc-eabi/16.1.0/../../../../powerpc-eabi/lib\libc.a(libc_a-locale.o)
                                0x26c (size before relaxing)
 .eh_frame      0x8001e244       0xe0 C:/devkitPro/devkitPPC/bin/../lib/gcc/powerpc-eabi/16.1.0/../../../../powerpc-eabi/lib\libc.a(libc_a-fflush.o)
                                0x11c (size before relaxing)
 .eh_frame      0x8001e324        0x0 C:/devkitPro/devkitPPC/bin/../lib/gcc/powerpc-eabi/16.1.0/../../../../powerpc-eabi/lib\libc.a(libc_a-sprint_r.o)
                                 0x34 (size before relaxing)
 .eh_frame      0x8001e324        0x0 C:/devkitPro/devkitPPC/bin/../lib/gcc/powerpc-eabi/16.1.0/../../../../powerpc-eabi/lib\libc.a(libc_a-dtoa.o)
                                0x184 (size before relaxing)
 .eh_frame      0x8001e324        0x0 C:/devkitPro/devkitPPC/bin/../lib/gcc/powerpc-eabi/16.1.0/../../../../powerpc-eabi/lib\libc.a(libc_a-strtol.o)
                                 0xe8 (size before relaxing)
 .eh_frame      0x8001e324       0xa4 C:/devkitPro/devkitPPC/bin/../lib/gcc/powerpc-eabi/16.1.0/../../../../powerpc-eabi/lib\libc.a(libc_a-__call_atexit.o)
                                 0xb8 (size before relaxing)
 .eh_frame      0x8001e3c8        0x0 C:/devkitPro/devkitPPC/bin/../lib/gcc/powerpc-eabi/16.1.0/../../../../powerpc-eabi/lib\libc.a(libc_a-strncpy.o)
                                 0x28 (size before relaxing)
 .eh_frame      0x8001e3c8        0x0 C:/devkitPro/devkitPPC/bin/../lib/gcc/powerpc-eabi/16.1.0/../../../../powerpc-eabi/lib\libc.a(libc_a-wcsrtombs.o)
                                 0x5c (size before relaxing)
 .eh_frame      0x8001e3c8        0x0 C:/devkitPro/devkitPPC/bin/../lib/gcc/powerpc-eabi/16.1.0/../../../../powerpc-eabi/lib\libc.a(libc_a-wsetup.o)
                                 0x40 (size before relaxing)
 .eh_frame      0x8001e3c8        0x0 C:/devkitPro/devkitPPC/bin/../lib/gcc/powerpc-eabi/16.1.0/../../../../powerpc-eabi/lib\libc.a(libc_a-getenv_r.o)
                                 0x90 (size before relaxing)
 .eh_frame      0x8001e3c8        0x0 C:/devkitPro/devkitPPC/bin/../lib/gcc/powerpc-eabi/16.1.0/../../../../powerpc-eabi/lib\libc.a(libc_a-localeconv.o)
                                 0x78 (size before relaxing)
 .eh_frame      0x8001e3c8       0x14 C:/devkitPro/devkitPPC/bin/../lib/gcc/powerpc-eabi/16.1.0/../../../../powerpc-eabi/lib\libc.a(libc_a-atexit.o)
                                 0x28 (size before relaxing)
 .eh_frame      0x8001e3dc        0x0 C:/devkitPro/devkitPPC/bin/../lib/gcc/powerpc-eabi/16.1.0/../../../../powerpc-eabi/lib\libc.a(libc_a-ssputs_r.o)
                                 0x44 (size before relaxing)
 .eh_frame      0x8001e3dc        0x0 C:/devkitPro/devkitPPC/bin/../lib/gcc/powerpc-eabi/16.1.0/../../../../powerpc-eabi/lib\libc.a(libc_a-wctomb_r.o)
                                 0xb8 (size before relaxing)
 .eh_frame      0x8001e3dc        0x0 C:/devkitPro/devkitPPC/bin/../lib/gcc/powerpc-eabi/16.1.0/../../../../powerpc-eabi/lib\libc.a(libc_a-wcsnrtombs.o)
                                 0xf4 (size before relaxing)
 .eh_frame      0x8001e3dc        0x0 C:/devkitPro/devkitPPC/bin/../lib/gcc/powerpc-eabi/16.1.0/../../../../powerpc-eabi/lib\libc.a(libc_a-ctype_.o)
                                 0x28 (size before relaxing)
 .eh_frame      0x8001e3dc        0x0 C:/devkitPro/devkitPPC/bin/../lib/gcc/powerpc-eabi/16.1.0/../../../../powerpc-eabi/lib\libc.a(libm_a-s_frexp.o)
                                 0x2c (size before relaxing)
 .eh_frame      0x8001e3dc        0x0 C:/devkitPro/devkitPPC/bin/../lib/gcc/powerpc-eabi/16.1.0/../../../../powerpc-eabi/lib\libc.a(libc_a-strcat.o)
                                 0x48 (size before relaxing)
 .eh_frame      0x8001e3dc        0x0 C:/devkitPro/devkitPPC/bin/../lib/gcc/powerpc-eabi/16.1.0/../../../../powerpc-eabi/lib\libc.a(libc_a-envlock.o)
                                 0x3c (size before relaxing)
 .eh_frame      0x8001e3dc        0x0 C:/devkitPro/devkitPPC/bin/../lib/gcc/powerpc-eabi/16.1.0/../../../../powerpc-eabi/lib\libc.a(libc_a-mprec.o)
                                0x3a4 (size before relaxing)
 .eh_frame      0x8001e3dc        0x0 C:/devkitPro/devkitPPC/bin/../lib/gcc/powerpc-eabi/16.1.0/../../../../powerpc-eabi/lib\libc.a(libc_a-strlcpy.o)
                                 0x28 (size before relaxing)
 .eh_frame      0x8001e3dc        0x0 C:/devkitPro/devkitPPC/bin/../lib/gcc/powerpc-eabi/16.1.0/../../../../powerpc-eabi/lib\libc.a(libc_a-strcpy.o)
                                 0x28 (size before relaxing)
 .eh_frame      0x8001e3dc        0x0 C:/devkitPro/devkitPPC/bin/../lib/gcc/powerpc-eabi/16.1.0/../../../../powerpc-eabi/lib\libc.a(libc_a-strcasecmp.o)
                                 0x28 (size before relaxing)
 .eh_frame      0x8001e3dc        0x0 C:/devkitPro/devkitPPC/bin/../lib/gcc/powerpc-eabi/16.1.0/../../../../powerpc-eabi/lib\libc.a(libc_a-mbtowc_r.o)
                                0x1a4 (size before relaxing)
 .eh_frame      0x8001e3dc        0x0 C:/devkitPro/devkitPPC/bin/../lib/gcc/powerpc-eabi/16.1.0/../../../../powerpc-eabi/lib\libc.a(libc_a-strncasecmp.o)
                                 0x28 (size before relaxing)
 .eh_frame      0x8001e3dc        0x0 C:/devkitPro/devkitPPC/bin/../lib/gcc/powerpc-eabi/16.1.0/../../../../powerpc-eabi/lib\libc.a(libc_a-fvwrite.o)
                                 0xf4 (size before relaxing)
 .eh_frame      0x8001e3dc        0x0 C:/devkitPro/devkitPPC/bin/../lib/gcc/powerpc-eabi/16.1.0/../../../../powerpc-eabi/lib\libc.a(libc_a-callocr.o)
                                 0x50 (size before relaxing)
 .eh_frame      0x8001e3dc       0x34 C:/devkitPro/devkitPPC/bin/../lib/gcc/powerpc-eabi/16.1.0/../../../../powerpc-eabi/lib\libc.a(libc_a-__atexit.o)
                                 0x48 (size before relaxing)
 .eh_frame      0x8001e410        0x0 C:/devkitPro/devkitPPC/bin/../lib/gcc/powerpc-eabi/16.1.0/../../../../powerpc-eabi/lib\libc.a(libc_a-reallocr.o)
                                 0x78 (size before relaxing)
 .eh_frame      0x8001e410       0x20 C:/devkitPro/devkitPPC/bin/../lib/gcc/powerpc-eabi/16.1.0/../../../../powerpc-eabi/lib\libsysbase.a(libsysbase_libsysbase_a-_exit.o)
                                 0x34 (size before relaxing)
 .eh_frame      0x8001e430        0x0 C:/devkitPro/devkitPPC/bin/../lib/gcc/powerpc-eabi/16.1.0/../../../../powerpc-eabi/lib\libsysbase.a(libsysbase_libsysbase_a-assert.o)
                                 0x2c (size before relaxing)
 .eh_frame      0x8001e430       0x28 C:/devkitPro/devkitPPC/bin/../lib/gcc/powerpc-eabi/16.1.0/../../../../powerpc-eabi/lib\libsysbase.a(libsysbase_libsysbase_a-flock.o)
                                 0x78 (size before relaxing)
 .eh_frame      0x8001e458       0x40 C:/devkitPro/devkitPPC/bin/../lib/gcc/powerpc-eabi/16.1.0/../../../../powerpc-eabi/lib\libsysbase.a(libsysbase_libsysbase_a-fstat.o)
                                 0x54 (size before relaxing)
 .eh_frame      0x8001e498       0x78 C:/devkitPro/devkitPPC/bin/../lib/gcc/powerpc-eabi/16.1.0/../../../../powerpc-eabi/lib\libsysbase.a(libsysbase_libsysbase_a-handle_manager.o)
                                0x178 (size before relaxing)
 .eh_frame      0x8001e510        0x0 C:/devkitPro/devkitPPC/bin/../lib/gcc/powerpc-eabi/16.1.0/../../../../powerpc-eabi/lib\libsysbase.a(libsysbase_libsysbase_a-isatty.o)
                                 0x28 (size before relaxing)
 .eh_frame      0x8001e510       0x48 C:/devkitPro/devkitPPC/bin/../lib/gcc/powerpc-eabi/16.1.0/../../../../powerpc-eabi/lib\libsysbase.a(libsysbase_libsysbase_a-lseek.o)
                                 0x5c (size before relaxing)
 .eh_frame      0x8001e558       0x44 C:/devkitPro/devkitPPC/bin/../lib/gcc/powerpc-eabi/16.1.0/../../../../powerpc-eabi/lib\libsysbase.a(libsysbase_libsysbase_a-read.o)
                                 0x58 (size before relaxing)
 .eh_frame      0x8001e59c       0x8c C:/devkitPro/devkitPPC/bin/../lib/gcc/powerpc-eabi/16.1.0/../../../../powerpc-eabi/lib\libsysbase.a(libsysbase_libsysbase_a-syscall_support.o)
                                0x184 (size before relaxing)
 .eh_frame      0x8001e628       0x44 C:/devkitPro/devkitPPC/bin/../lib/gcc/powerpc-eabi/16.1.0/../../../../powerpc-eabi/lib\libsysbase.a(libsysbase_libsysbase_a-write.o)
                                 0x58 (size before relaxing)
 .eh_frame      0x8001e66c        0x0 C:/devkitPro/devkitPPC/bin/../lib/gcc/powerpc-eabi/16.1.0/../../../../powerpc-eabi/lib\libsysbase.a(libsysbase_libsysbase_a-abort.o)
                                 0x2c (size before relaxing)
 .eh_frame      0x8001e66c        0x0 C:/devkitPro/devkitPPC/bin/../lib/gcc/powerpc-eabi/16.1.0/../../../../powerpc-eabi/lib\libsysbase.a(libsysbase_libsysbase_a-clocks.o)
                                 0x74 (size before relaxing)
 .eh_frame      0x8001e66c        0x0 C:/devkitPro/devkitPPC/bin/../lib/gcc/powerpc-eabi/16.1.0\libgcc.a(crtresxgpr.o)
                                 0x7c (size before relaxing)
 .eh_frame      0x8001e66c        0x0 C:/devkitPro/devkitPPC/bin/../lib/gcc/powerpc-eabi/16.1.0/crtend.o
                                  0x4 (size before relaxing)
 .eh_frame      0x8001e66c        0x4 C:/devkitPro/devkitPPC/bin/../lib/gcc/powerpc-eabi/16.1.0/ecrtn.o
                0x8001e66c                __EH_FRAME_END__
 *(.eh_frame.*)

.gcc_except_table
 *(.gcc_except_table .gcc_except_table.*)

.gnu_extab
 *(.gnu_extab*)

.ctors          0x8001e670        0xc
 *ecrti.o(.ctors)
 .ctors         0x8001e670        0x0 C:/devkitPro/devkitPPC/bin/../lib/gcc/powerpc-eabi/16.1.0/ecrti.o
                0x8001e670                __CTOR_LIST__
 *crtbegin.o(.ctors)
 .ctors         0x8001e670        0x4 C:/devkitPro/devkitPPC/bin/../lib/gcc/powerpc-eabi/16.1.0/crtbegin.o
 *crtbegin?.o(.ctors)
 *(EXCLUDE_FILE(*crtend?.o *crtend.o *ecrtn.o) .ctors)
 *(SORT_BY_NAME(.ctors.*))
 .ctors.65535   0x8001e674        0x4 C:/devkitPro/devkitPPC/bin/../lib/gcc/powerpc-eabi/16.1.0/../../../../powerpc-eabi/lib\libc.a(libc_a-__call_atexit.o)
 *(SORT_NONE(.ctors))
 .ctors         0x8001e678        0x4 C:/devkitPro/devkitPPC/bin/../lib/gcc/powerpc-eabi/16.1.0/crtend.o
 .ctors         0x8001e67c        0x0 C:/devkitPro/devkitPPC/bin/../lib/gcc/powerpc-eabi/16.1.0/ecrtn.o
                0x8001e67c                __CTOR_END__

.dtors          0x8001e67c        0x8
 *ecrti.o(.dtors)
 .dtors         0x8001e67c        0x0 C:/devkitPro/devkitPPC/bin/../lib/gcc/powerpc-eabi/16.1.0/ecrti.o
                0x8001e67c                __DTOR_LIST__
 *crtbegin.o(.dtors)
 .dtors         0x8001e67c        0x4 C:/devkitPro/devkitPPC/bin/../lib/gcc/powerpc-eabi/16.1.0/crtbegin.o
 *crtbegin?.o(.dtors)
 *(EXCLUDE_FILE(*crtend?.o *crtend.o *ecrtn.o) .dtors)
 *(SORT_BY_NAME(.dtors.*))
 *(SORT_NONE(.dtors))
 .dtors         0x8001e680        0x4 C:/devkitPro/devkitPPC/bin/../lib/gcc/powerpc-eabi/16.1.0/crtend.o
                0x8001e680                __DTOR_END__
 .dtors         0x8001e684        0x0 C:/devkitPro/devkitPPC/bin/../lib/gcc/powerpc-eabi/16.1.0/ecrtn.o

.data           0x8001e688     0x29bc
 *(.data .data.* .gnu.linkonce.d.*)
 .data.TVEurgb60Hz480Prog
                0x8001e688       0x3c C:\devkitPro/libogc/lib/cube\libogc.a(video.o)
                0x8001e688                TVEurgb60Hz480Prog
 .data.TVEurgb60Hz480IntDf
                0x8001e6c4       0x3c C:\devkitPro/libogc/lib/cube\libogc.a(video.o)
                0x8001e6c4                TVEurgb60Hz480IntDf
 .data.TVPal576ProgScale
                0x8001e700       0x3c C:\devkitPro/libogc/lib/cube\libogc.a(video.o)
                0x8001e700                TVPal576ProgScale
 .data.TVPal576IntDfScale
                0x8001e73c       0x3c C:\devkitPro/libogc/lib/cube\libogc.a(video.o)
                0x8001e73c                TVPal576IntDfScale
 .data.TVMpal480Prog
                0x8001e778       0x3c C:\devkitPro/libogc/lib/cube\libogc.a(video.o)
                0x8001e778                TVMpal480Prog
 .data.TVMpal480IntDf
                0x8001e7b4       0x3c C:\devkitPro/libogc/lib/cube\libogc.a(video.o)
                0x8001e7b4                TVMpal480IntDf
 .data.TVNtsc480Prog
                0x8001e7f0       0x3c C:\devkitPro/libogc/lib/cube\libogc.a(video.o)
                0x8001e7f0                TVNtsc480Prog
 .data.TVNtsc480IntDf
                0x8001e82c       0x3c C:\devkitPro/libogc/lib/cube\libogc.a(video.o)
                0x8001e82c                TVNtsc480IntDf
 .data.pad_resetinfo
                0x8001e868       0x10 C:\devkitPro/libogc/lib/cube\libogc.a(pad.o)
 .data.mem_resetinfo
                0x8001e878       0x10 C:\devkitPro/libogc/lib/cube\libogc.a(system.o)
 .data.__gx_resetinfo
                0x8001e888       0x10 C:\devkitPro/libogc/lib/cube\libogc.a(gx.o)
 .data.si_type  0x8001e898       0x10 C:\devkitPro/libogc/lib/cube\libogc.a(si.o)
 .data.xy       0x8001e8a8       0x60 C:\devkitPro/libogc/lib/cube\libogc.a(si.o)
 .data.sicntrl  0x8001e908       0x14 C:\devkitPro/libogc/lib/cube\libogc.a(si.o)
 .data.defaultConsole
                0x8001e91c       0x64 C:\devkitPro/libogc/lib/cube\libogc.a(console.o)
                0x8001e91c                defaultConsole
 .data.console_font_8x16
                0x8001e980     0x1000 C:\devkitPro/libogc/lib/cube\libogc.a(console_font_8x16.o)
                0x8001e980                console_font_8x16
 .data.devoptab_list
                0x8001f980       0x8c C:/devkitPro/devkitPPC/bin/../lib/gcc/powerpc-eabi/16.1.0/../../../../powerpc-eabi/lib\libsysbase.a(libsysbase_libsysbase_a-iosupport.o)
                0x8001f980                devoptab_list
 .data.__malloc_av_
                0x8001fa0c      0x408 C:/devkitPro/devkitPPC/bin/../lib/gcc/powerpc-eabi/16.1.0/../../../../powerpc-eabi/lib\libc.a(libc_a-mallocr.o)
                0x8001fa0c                __malloc_av_
 .data.__sglue  0x8001fe14        0xc C:/devkitPro/devkitPPC/bin/../lib/gcc/powerpc-eabi/16.1.0/../../../../powerpc-eabi/lib\libc.a(libc_a-findfp.o)
                0x8001fe14                __sglue
 .data._impure_data
                0x8001fe20      0x200 C:/devkitPro/devkitPPC/bin/../lib/gcc/powerpc-eabi/16.1.0/../../../../powerpc-eabi/lib\libc.a(libc_a-impure.o)
                0x8001fe20                _impure_data
 .data.handles  0x80020020     0x1000 C:/devkitPro/devkitPPC/bin/../lib/gcc/powerpc-eabi/16.1.0/../../../../powerpc-eabi/lib\libsysbase.a(libsysbase_libsysbase_a-handle_manager.o)
 .data.__stderr_handle
                0x80021020        0xc C:/devkitPro/devkitPPC/bin/../lib/gcc/powerpc-eabi/16.1.0/../../../../powerpc-eabi/lib\libsysbase.a(libsysbase_libsysbase_a-handle_manager.o)
 .data.__stdout_handle
                0x8002102c        0xc C:/devkitPro/devkitPPC/bin/../lib/gcc/powerpc-eabi/16.1.0/../../../../powerpc-eabi/lib\libsysbase.a(libsysbase_libsysbase_a-handle_manager.o)
 .data.__stdin_handle
                0x80021038        0xc C:/devkitPro/devkitPPC/bin/../lib/gcc/powerpc-eabi/16.1.0/../../../../powerpc-eabi/lib\libsysbase.a(libsysbase_libsysbase_a-handle_manager.o)
 *(.data1)

.sdata          0x80021050       0x70
 *(.sdata .sdata.* .gnu.linkonce.s.*)
 .sdata         0x80021050        0x0 C:/devkitPro/devkitPPC/bin/../lib/gcc/powerpc-eabi/16.1.0/ecrti.o
                0x80021050                __SDATA_START__
 .sdata         0x80021050        0x0 C:/devkitPro/devkitPPC/bin/../lib/gcc/powerpc-eabi/16.1.0/crtbegin.o
                0x80029050                _SDA_BASE_
 .sdata.__system_argv
                0x80021050        0x4 C:\devkitPro/libogc/lib/cube\libogc.a(common_crt0.o)
                0x80021050                __system_argv
 .sdata.__ppc_main_sp
                0x80021054        0x4 C:\devkitPro/libogc/lib/cube\libogc.a(default_stacks.o)
                0x80021054                __ppc_main_sp
 .sdata.__ppc_excpt_sp
                0x80021058        0x4 C:\devkitPro/libogc/lib/cube\libogc.a(default_stacks.o)
                0x80021058                __ppc_excpt_sp
 .sdata.PPCExcptCurPanicFn
                0x8002105c        0x4 C:\devkitPro/libogc/lib/cube\libogc.a(exception.o)
                0x8002105c                PPCExcptCurPanicFn
 .sdata.__pad_cmdcalibrate
                0x80021060        0x4 C:\devkitPro/libogc/lib/cube\libogc.a(pad.o)
 .sdata.__pad_cmdreadorigin
                0x80021064        0x4 C:\devkitPro/libogc/lib/cube\libogc.a(pad.o)
 .sdata.__pad_spec
                0x80021068        0x4 C:\devkitPro/libogc/lib/cube\libogc.a(pad.o)
 .sdata.__pad_resettingchan
                0x8002106c        0x4 C:\devkitPro/libogc/lib/cube\libogc.a(pad.o)
 .sdata.__argvArena1Lo
                0x80021070        0x4 C:\devkitPro/libogc/lib/cube\libogc.a(system.o)
                0x80021070                __argvArena1Lo
 .sdata._gxcurrentlwp